Archive member included because of file (symbol)

d:/avr/sdk_win_64/sdk_win_64/winavr/bin/../lib/gcc/avr/4.3.3/avr5\libgcc.a(_mulsi3.o)
                              ./MCAL/ADC/ADC.o (__mulsi3)
d:/avr/sdk_win_64/sdk_win_64/winavr/bin/../lib/gcc/avr/4.3.3/avr5\libgcc.a(_udivmodsi4.o)
                              ./MCAL/Timer 1/Timer1.o (__udivmodsi4)
d:/avr/sdk_win_64/sdk_win_64/winavr/bin/../lib/gcc/avr/4.3.3/avr5\libgcc.a(_exit.o)
                              d:/avr/sdk_win_64/sdk_win_64/winavr/bin/../lib/gcc/avr/4.3.3/../../../../avr/lib/avr5/crtm32.o (exit)
d:/avr/sdk_win_64/sdk_win_64/winavr/bin/../lib/gcc/avr/4.3.3/avr5\libgcc.a(_copy_data.o)
                              ./HAL/KeyPad/KeyPad.o (__do_copy_data)
d:/avr/sdk_win_64/sdk_win_64/winavr/bin/../lib/gcc/avr/4.3.3/avr5\libgcc.a(_clear_bss.o)
                              ./MCAL/Timer 1/Timer1.o (__do_clear_bss)
d:/avr/sdk_win_64/sdk_win_64/winavr/bin/../lib/gcc/avr/4.3.3/avr5\libgcc.a(_fixunssfsi.o)
                              ./MCAL/Timer 1/Timer1.o (__fixunssfsi)
d:/avr/sdk_win_64/sdk_win_64/winavr/bin/../lib/gcc/avr/4.3.3/avr5\libgcc.a(_addsub_sf.o)
                              d:/avr/sdk_win_64/sdk_win_64/winavr/bin/../lib/gcc/avr/4.3.3/avr5\libgcc.a(_fixunssfsi.o) (__subsf3)
d:/avr/sdk_win_64/sdk_win_64/winavr/bin/../lib/gcc/avr/4.3.3/avr5\libgcc.a(_mul_sf.o)
                              ./MCAL/Timer 1/Timer1.o (__mulsf3)
d:/avr/sdk_win_64/sdk_win_64/winavr/bin/../lib/gcc/avr/4.3.3/avr5\libgcc.a(_div_sf.o)
                              ./MCAL/Timer 1/Timer1.o (__divsf3)
d:/avr/sdk_win_64/sdk_win_64/winavr/bin/../lib/gcc/avr/4.3.3/avr5\libgcc.a(_gt_sf.o)
                              ./MCAL/Timer 1/Timer1.o (__gtsf2)
d:/avr/sdk_win_64/sdk_win_64/winavr/bin/../lib/gcc/avr/4.3.3/avr5\libgcc.a(_ge_sf.o)
                              d:/avr/sdk_win_64/sdk_win_64/winavr/bin/../lib/gcc/avr/4.3.3/avr5\libgcc.a(_fixunssfsi.o) (__gesf2)
d:/avr/sdk_win_64/sdk_win_64/winavr/bin/../lib/gcc/avr/4.3.3/avr5\libgcc.a(_lt_sf.o)
                              ./HAL/LCD/LCD.o (__ltsf2)
d:/avr/sdk_win_64/sdk_win_64/winavr/bin/../lib/gcc/avr/4.3.3/avr5\libgcc.a(_le_sf.o)
                              ./MCAL/Timer 1/Timer1.o (__lesf2)
d:/avr/sdk_win_64/sdk_win_64/winavr/bin/../lib/gcc/avr/4.3.3/avr5\libgcc.a(_si_to_sf.o)
                              ./MCAL/Timer 1/Timer1.o (__floatsisf)
d:/avr/sdk_win_64/sdk_win_64/winavr/bin/../lib/gcc/avr/4.3.3/avr5\libgcc.a(_sf_to_si.o)
                              d:/avr/sdk_win_64/sdk_win_64/winavr/bin/../lib/gcc/avr/4.3.3/avr5\libgcc.a(_fixunssfsi.o) (__fixsfsi)
d:/avr/sdk_win_64/sdk_win_64/winavr/bin/../lib/gcc/avr/4.3.3/avr5\libgcc.a(_thenan_sf.o)
                              d:/avr/sdk_win_64/sdk_win_64/winavr/bin/../lib/gcc/avr/4.3.3/avr5\libgcc.a(_addsub_sf.o) (__thenan_sf)
d:/avr/sdk_win_64/sdk_win_64/winavr/bin/../lib/gcc/avr/4.3.3/avr5\libgcc.a(_prologue.o)
                              d:/avr/sdk_win_64/sdk_win_64/winavr/bin/../lib/gcc/avr/4.3.3/avr5\libgcc.a(_addsub_sf.o) (__prologue_saves__)
d:/avr/sdk_win_64/sdk_win_64/winavr/bin/../lib/gcc/avr/4.3.3/avr5\libgcc.a(_epilogue.o)
                              d:/avr/sdk_win_64/sdk_win_64/winavr/bin/../lib/gcc/avr/4.3.3/avr5\libgcc.a(_addsub_sf.o) (__epilogue_restores__)
d:/avr/sdk_win_64/sdk_win_64/winavr/bin/../lib/gcc/avr/4.3.3/avr5\libgcc.a(_clzsi2.o)
                              d:/avr/sdk_win_64/sdk_win_64/winavr/bin/../lib/gcc/avr/4.3.3/avr5\libgcc.a(_si_to_sf.o) (__clzsi2)
d:/avr/sdk_win_64/sdk_win_64/winavr/bin/../lib/gcc/avr/4.3.3/avr5\libgcc.a(_pack_sf.o)
                              d:/avr/sdk_win_64/sdk_win_64/winavr/bin/../lib/gcc/avr/4.3.3/avr5\libgcc.a(_addsub_sf.o) (__pack_f)
d:/avr/sdk_win_64/sdk_win_64/winavr/bin/../lib/gcc/avr/4.3.3/avr5\libgcc.a(_unpack_sf.o)
                              d:/avr/sdk_win_64/sdk_win_64/winavr/bin/../lib/gcc/avr/4.3.3/avr5\libgcc.a(_addsub_sf.o) (__unpack_f)
d:/avr/sdk_win_64/sdk_win_64/winavr/bin/../lib/gcc/avr/4.3.3/avr5\libgcc.a(_fpcmp_parts_sf.o)
                              d:/avr/sdk_win_64/sdk_win_64/winavr/bin/../lib/gcc/avr/4.3.3/avr5\libgcc.a(_gt_sf.o) (__fpcmp_parts_f)
d:/avr/sdk_win_64/sdk_win_64/winavr/bin/../lib/gcc/avr/4.3.3/avr5\libgcc.a(_clz.o)
                              d:/avr/sdk_win_64/sdk_win_64/winavr/bin/../lib/gcc/avr/4.3.3/avr5\libgcc.a(_clzsi2.o) (__clz_tab)
d:/avr/sdk_win_64/sdk_win_64/winavr/bin/../lib/gcc/avr/4.3.3/../../../../avr/lib/avr5\libc.a(itoa.o)
                              ./HAL/LCD/LCD.o (itoa)
d:/avr/sdk_win_64/sdk_win_64/winavr/bin/../lib/gcc/avr/4.3.3/../../../../avr/lib/avr5\libc.a(strrev.o)
                              d:/avr/sdk_win_64/sdk_win_64/winavr/bin/../lib/gcc/avr/4.3.3/../../../../avr/lib/avr5\libc.a(itoa.o) (strrev)
d:/avr/sdk_win_64/sdk_win_64/winavr/bin/../lib/gcc/avr/4.3.3/avr5\libgcc.a(_udivmodhi4.o)
                              d:/avr/sdk_win_64/sdk_win_64/winavr/bin/../lib/gcc/avr/4.3.3/../../../../avr/lib/avr5\libc.a(itoa.o) (__udivmodhi4)

Memory Configuration

Name             Origin             Length             Attributes
text             0x00000000         0x00020000         xr
data             0x00800060         0x0000ffa0         rw !x
eeprom           0x00810000         0x00010000         rw !x
fuse             0x00820000         0x00000400         rw !x
lock             0x00830000         0x00000400         rw !x
signature        0x00840000         0x00000400         rw !x
*default*        0x00000000         0xffffffff

Linker script and memory map

LOAD d:/avr/sdk_win_64/sdk_win_64/winavr/bin/../lib/gcc/avr/4.3.3/../../../../avr/lib/avr5/crtm32.o
LOAD ./MCAL/WDT/WDT.o
LOAD ./MCAL/UART/UART.o
LOAD ./MCAL/Timer 1/Timer1.o
LOAD ./MCAL/Timer 0/Timer_0.o
LOAD ./MCAL/TWI/TWI.o
LOAD ./MCAL/SPI/SPI.o
LOAD ./MCAL/Interrupt/Interrupt.o
LOAD ./MCAL/DIO/DIO.o
LOAD ./MCAL/ADC/ADC.o
LOAD ./HAL/Servo Motor/Servo_Motor.o
LOAD ./HAL/Push Button/PushButton.o
LOAD ./HAL/Potentiometer/Potentiometer.o
LOAD ./HAL/LED/LED.o
LOAD ./HAL/LCD/LCD.o
LOAD ./HAL/KeyPad/KeyPad.o
LOAD ./HAL/H_Bridge/H_Bridge.o
LOAD ./HAL/Buzzer/Buzzer.o
LOAD ./Application/Autonomous_Car/Autonomous_Car.o
LOAD ./Application/main.o
LOAD d:/avr/sdk_win_64/sdk_win_64/winavr/bin/../lib/gcc/avr/4.3.3/avr5\libgcc.a
LOAD d:/avr/sdk_win_64/sdk_win_64/winavr/bin/../lib/gcc/avr/4.3.3/../../../../avr/lib/avr5\libc.a
LOAD d:/avr/sdk_win_64/sdk_win_64/winavr/bin/../lib/gcc/avr/4.3.3/avr5\libgcc.a

.hash
 *(.hash)

.dynsym
 *(.dynsym)

.dynstr
 *(.dynstr)

.gnu.version
 *(.gnu.version)

.gnu.version_d
 *(.gnu.version_d)

.gnu.version_r
 *(.gnu.version_r)

.rel.init
 *(.rel.init)

.rela.init
 *(.rela.init)

.rel.text
 *(.rel.text)
 *(.rel.text.*)
 *(.rel.gnu.linkonce.t*)

.rela.text
 *(.rela.text)
 *(.rela.text.*)
 *(.rela.gnu.linkonce.t*)

.rel.fini
 *(.rel.fini)

.rela.fini
 *(.rela.fini)

.rel.rodata
 *(.rel.rodata)
 *(.rel.rodata.*)
 *(.rel.gnu.linkonce.r*)

.rela.rodata
 *(.rela.rodata)
 *(.rela.rodata.*)
 *(.rela.gnu.linkonce.r*)

.rel.data
 *(.rel.data)
 *(.rel.data.*)
 *(.rel.gnu.linkonce.d*)

.rela.data
 *(.rela.data)
 *(.rela.data.*)
 *(.rela.gnu.linkonce.d*)

.rel.ctors
 *(.rel.ctors)

.rela.ctors
 *(.rela.ctors)

.rel.dtors
 *(.rel.dtors)

.rela.dtors
 *(.rela.dtors)

.rel.got
 *(.rel.got)

.rela.got
 *(.rela.got)

.rel.bss
 *(.rel.bss)

.rela.bss
 *(.rela.bss)

.rel.plt
 *(.rel.plt)

.rela.plt
 *(.rela.plt)

.text           0x00000000     0x5180
 *(.vectors)
 .vectors       0x00000000       0x54 d:/avr/sdk_win_64/sdk_win_64/winavr/bin/../lib/gcc/avr/4.3.3/../../../../avr/lib/avr5/crtm32.o
                0x00000000                __vectors
                0x00000000                __vector_default
 *(.vectors)
 *(.progmem.gcc*)
 *(.progmem*)
                0x00000054                . = ALIGN (0x2)
                0x00000054                __trampolines_start = .
 *(.trampolines)
 .trampolines   0x00000054        0x0 linker stubs
 *(.trampolines*)
                0x00000054                __trampolines_end = .
 *(.jumptables)
 *(.jumptables*)
 *(.lowtext)
 *(.lowtext*)
                0x00000054                __ctors_start = .
 *(.ctors)
                0x00000054                __ctors_end = .
                0x00000054                __dtors_start = .
 *(.dtors)
                0x00000054                __dtors_end = .
 SORT(*)(.ctors)
 SORT(*)(.dtors)
 *(.init0)
 .init0         0x00000054        0x0 d:/avr/sdk_win_64/sdk_win_64/winavr/bin/../lib/gcc/avr/4.3.3/../../../../avr/lib/avr5/crtm32.o
                0x00000054                __init
 *(.init0)
 *(.init1)
 *(.init1)
 *(.init2)
 .init2         0x00000054        0xc d:/avr/sdk_win_64/sdk_win_64/winavr/bin/../lib/gcc/avr/4.3.3/../../../../avr/lib/avr5/crtm32.o
 *(.init2)
 *(.init3)
 *(.init3)
 *(.init4)
 .init4         0x00000060       0x16 d:/avr/sdk_win_64/sdk_win_64/winavr/bin/../lib/gcc/avr/4.3.3/avr5\libgcc.a(_copy_data.o)
                0x00000060                __do_copy_data
 .init4         0x00000076       0x10 d:/avr/sdk_win_64/sdk_win_64/winavr/bin/../lib/gcc/avr/4.3.3/avr5\libgcc.a(_clear_bss.o)
                0x00000076                __do_clear_bss
 *(.init4)
 *(.init5)
 *(.init5)
 *(.init6)
 *(.init6)
 *(.init7)
 *(.init7)
 *(.init8)
 *(.init8)
 *(.init9)
 .init9         0x00000086        0x8 d:/avr/sdk_win_64/sdk_win_64/winavr/bin/../lib/gcc/avr/4.3.3/../../../../avr/lib/avr5/crtm32.o
 *(.init9)
 *(.text)
 .text          0x0000008e        0x4 d:/avr/sdk_win_64/sdk_win_64/winavr/bin/../lib/gcc/avr/4.3.3/../../../../avr/lib/avr5/crtm32.o
                0x0000008e                __vector_12
                0x0000008e                __bad_interrupt
                0x0000008e                __vector_11
                0x0000008e                __vector_13
                0x0000008e                __vector_17
                0x0000008e                __vector_19
                0x0000008e                __vector_5
                0x0000008e                __vector_4
                0x0000008e                __vector_15
                0x0000008e                __vector_14
                0x0000008e                __vector_10
                0x0000008e                __vector_18
                0x0000008e                __vector_20
 .text          0x00000092        0x0 ./MCAL/WDT/WDT.o
 .text          0x00000092        0x0 ./MCAL/UART/UART.o
 .text          0x00000092        0x0 ./MCAL/Timer 1/Timer1.o
 .text          0x00000092        0x0 ./MCAL/Timer 0/Timer_0.o
 .text          0x00000092        0x0 ./MCAL/TWI/TWI.o
 .text          0x00000092        0x0 ./MCAL/SPI/SPI.o
 .text          0x00000092        0x0 ./MCAL/Interrupt/Interrupt.o
 .text          0x00000092        0x0 ./MCAL/DIO/DIO.o
 .text          0x00000092        0x0 ./MCAL/ADC/ADC.o
 .text          0x00000092        0x0 ./HAL/Servo Motor/Servo_Motor.o
 .text          0x00000092        0x0 ./HAL/Push Button/PushButton.o
 .text          0x00000092        0x0 ./HAL/Potentiometer/Potentiometer.o
 .text          0x00000092        0x0 ./HAL/LED/LED.o
 .text          0x00000092        0x0 ./HAL/LCD/LCD.o
 .text          0x00000092        0x0 ./HAL/KeyPad/KeyPad.o
 .text          0x00000092        0x0 ./HAL/H_Bridge/H_Bridge.o
 .text          0x00000092        0x0 ./HAL/Buzzer/Buzzer.o
 .text          0x00000092        0x0 ./Application/Autonomous_Car/Autonomous_Car.o
 .text          0x00000092        0x0 ./Application/main.o
 .text          0x00000092        0x0 d:/avr/sdk_win_64/sdk_win_64/winavr/bin/../lib/gcc/avr/4.3.3/avr5\libgcc.a(_mulsi3.o)
 .text          0x00000092        0x0 d:/avr/sdk_win_64/sdk_win_64/winavr/bin/../lib/gcc/avr/4.3.3/avr5\libgcc.a(_udivmodsi4.o)
 .text          0x00000092        0x0 d:/avr/sdk_win_64/sdk_win_64/winavr/bin/../lib/gcc/avr/4.3.3/avr5\libgcc.a(_exit.o)
 .text          0x00000092        0x0 d:/avr/sdk_win_64/sdk_win_64/winavr/bin/../lib/gcc/avr/4.3.3/avr5\libgcc.a(_copy_data.o)
 .text          0x00000092        0x0 d:/avr/sdk_win_64/sdk_win_64/winavr/bin/../lib/gcc/avr/4.3.3/avr5\libgcc.a(_clear_bss.o)
 .text          0x00000092       0x58 d:/avr/sdk_win_64/sdk_win_64/winavr/bin/../lib/gcc/avr/4.3.3/avr5\libgcc.a(_fixunssfsi.o)
                0x00000092                __fixunssfsi
 .text          0x000000ea      0x354 d:/avr/sdk_win_64/sdk_win_64/winavr/bin/../lib/gcc/avr/4.3.3/avr5\libgcc.a(_addsub_sf.o)
                0x00000382                __subsf3
                0x000003e4                __addsf3
 .text          0x0000043e      0x1f4 d:/avr/sdk_win_64/sdk_win_64/winavr/bin/../lib/gcc/avr/4.3.3/avr5\libgcc.a(_mul_sf.o)
                0x0000043e                __mulsf3
 .text          0x00000632      0x158 d:/avr/sdk_win_64/sdk_win_64/winavr/bin/../lib/gcc/avr/4.3.3/avr5\libgcc.a(_div_sf.o)
                0x00000632                __divsf3
 .text          0x0000078a       0x60 d:/avr/sdk_win_64/sdk_win_64/winavr/bin/../lib/gcc/avr/4.3.3/avr5\libgcc.a(_gt_sf.o)
                0x0000078a                __gtsf2
 .text          0x000007ea       0x60 d:/avr/sdk_win_64/sdk_win_64/winavr/bin/../lib/gcc/avr/4.3.3/avr5\libgcc.a(_ge_sf.o)
                0x000007ea                __gesf2
 .text          0x0000084a       0x60 d:/avr/sdk_win_64/sdk_win_64/winavr/bin/../lib/gcc/avr/4.3.3/avr5\libgcc.a(_lt_sf.o)
                0x0000084a                __ltsf2
 .text          0x000008aa       0x60 d:/avr/sdk_win_64/sdk_win_64/winavr/bin/../lib/gcc/avr/4.3.3/avr5\libgcc.a(_le_sf.o)
                0x000008aa                __lesf2
 .text          0x0000090a       0xbc d:/avr/sdk_win_64/sdk_win_64/winavr/bin/../lib/gcc/avr/4.3.3/avr5\libgcc.a(_si_to_sf.o)
                0x0000090a                __floatsisf
 .text          0x000009c6       0xa8 d:/avr/sdk_win_64/sdk_win_64/winavr/bin/../lib/gcc/avr/4.3.3/avr5\libgcc.a(_sf_to_si.o)
                0x000009c6                __fixsfsi
 .text          0x00000a6e        0x0 d:/avr/sdk_win_64/sdk_win_64/winavr/bin/../lib/gcc/avr/4.3.3/avr5\libgcc.a(_thenan_sf.o)
 .text          0x00000a6e        0x0 d:/avr/sdk_win_64/sdk_win_64/winavr/bin/../lib/gcc/avr/4.3.3/avr5\libgcc.a(_prologue.o)
 .text          0x00000a6e        0x0 d:/avr/sdk_win_64/sdk_win_64/winavr/bin/../lib/gcc/avr/4.3.3/avr5\libgcc.a(_epilogue.o)
 .text          0x00000a6e       0x9e d:/avr/sdk_win_64/sdk_win_64/winavr/bin/../lib/gcc/avr/4.3.3/avr5\libgcc.a(_clzsi2.o)
                0x00000a6e                __clzsi2
 .text          0x00000b0c      0x1aa d:/avr/sdk_win_64/sdk_win_64/winavr/bin/../lib/gcc/avr/4.3.3/avr5\libgcc.a(_pack_sf.o)
                0x00000b0c                __pack_f
 .text          0x00000cb6       0xf0 d:/avr/sdk_win_64/sdk_win_64/winavr/bin/../lib/gcc/avr/4.3.3/avr5\libgcc.a(_unpack_sf.o)
                0x00000cb6                __unpack_f
 .text          0x00000da6       0xb2 d:/avr/sdk_win_64/sdk_win_64/winavr/bin/../lib/gcc/avr/4.3.3/avr5\libgcc.a(_fpcmp_parts_sf.o)
                0x00000da6                __fpcmp_parts_f
 .text          0x00000e58        0x0 d:/avr/sdk_win_64/sdk_win_64/winavr/bin/../lib/gcc/avr/4.3.3/avr5\libgcc.a(_clz.o)
 .text          0x00000e58        0x0 d:/avr/sdk_win_64/sdk_win_64/winavr/bin/../lib/gcc/avr/4.3.3/../../../../avr/lib/avr5\libc.a(itoa.o)
 .text          0x00000e58        0x0 d:/avr/sdk_win_64/sdk_win_64/winavr/bin/../lib/gcc/avr/4.3.3/../../../../avr/lib/avr5\libc.a(strrev.o)
 .text          0x00000e58        0x0 d:/avr/sdk_win_64/sdk_win_64/winavr/bin/../lib/gcc/avr/4.3.3/avr5\libgcc.a(_udivmodhi4.o)
                0x00000e58                . = ALIGN (0x2)
 *(.text.*)
 .text.MCAL_WDT_u8Enable
                0x00000e58       0x2a ./MCAL/WDT/WDT.o
                0x00000e58                MCAL_WDT_u8Enable
 .text.MCAL_WDT_u8SetTime
                0x00000e82      0x1a2 ./MCAL/WDT/WDT.o
                0x00000e82                MCAL_WDT_u8SetTime
 .text.MCAL_WDT_u8Disable
                0x00001024       0x1c ./MCAL/WDT/WDT.o
                0x00001024                MCAL_WDT_u8Disable
 .text.MCAL_UART_UARTInit
                0x00001040       0x40 ./MCAL/UART/UART.o
                0x00001040                MCAL_UART_UARTInit
 .text.MCAL_UART_UARTTransmit
                0x00001080       0x5c ./MCAL/UART/UART.o
                0x00001080                MCAL_UART_UARTTransmit
 .text.MCAL_UART_UARTReceive
                0x000010dc       0x2e ./MCAL/UART/UART.o
                0x000010dc                MCAL_UART_UARTReceive
 .text.MCAL_T1_u8T1Init
                0x0000110a      0x442 ./MCAL/Timer 1/Timer1.o
                0x0000110a                MCAL_T1_u8T1Init
 .text.MCAL_T1_u8T1Prescaler
                0x0000154c      0x230 ./MCAL/Timer 1/Timer1.o
                0x0000154c                MCAL_T1_u8T1Prescaler
 .text.MCAL_T1_u8T1CompareOutputMode
                0x0000177c      0x10e ./MCAL/Timer 1/Timer1.o
                0x0000177c                MCAL_T1_u8T1CompareOutputMode
 .text.MCAL_T1_voidNoiseCancller
                0x0000188a       0x1c ./MCAL/Timer 1/Timer1.o
                0x0000188a                MCAL_T1_voidNoiseCancller
 .text.MCAL_T1_voidSetTCNT1Value
                0x000018a6       0x2e ./MCAL/Timer 1/Timer1.o
                0x000018a6                MCAL_T1_voidSetTCNT1Value
 .text.MCAL_T1_voidGetTCNT1Value
                0x000018d4       0x44 ./MCAL/Timer 1/Timer1.o
                0x000018d4                MCAL_T1_voidGetTCNT1Value
 .text.MCAL_T1_voidSetOCR1AValue
                0x00001918       0x24 ./MCAL/Timer 1/Timer1.o
                0x00001918                MCAL_T1_voidSetOCR1AValue
 .text.MCAL_T1_voidSetOCR1BValue
                0x0000193c       0x24 ./MCAL/Timer 1/Timer1.o
                0x0000193c                MCAL_T1_voidSetOCR1BValue
 .text.MCAL_T1_voidSetICR1Value
                0x00001960       0x24 ./MCAL/Timer 1/Timer1.o
                0x00001960                MCAL_T1_voidSetICR1Value
 .text.MCAL_T1_voidGetICR1Value
                0x00001984       0x44 ./MCAL/Timer 1/Timer1.o
                0x00001984                MCAL_T1_voidGetICR1Value
 .text.MCAL_T1_voidTCNT1_GIEEnable
                0x000019c8       0x2a ./MCAL/Timer 1/Timer1.o
                0x000019c8                MCAL_T1_voidTCNT1_GIEEnable
 .text.MCAL_T1_voidTCNT1_GIEDisable
                0x000019f2       0x1c ./MCAL/Timer 1/Timer1.o
                0x000019f2                MCAL_T1_voidTCNT1_GIEDisable
 .text.MCAL_T1_voidOCR1B_GIEEnable
                0x00001a0e       0x2a ./MCAL/Timer 1/Timer1.o
                0x00001a0e                MCAL_T1_voidOCR1B_GIEEnable
 .text.MCAL_T1_voidOCR1B_GIEDisable
                0x00001a38       0x1c ./MCAL/Timer 1/Timer1.o
                0x00001a38                MCAL_T1_voidOCR1B_GIEDisable
 .text.MCAL_T1_voidOCR1A_GIEEnable
                0x00001a54       0x2a ./MCAL/Timer 1/Timer1.o
                0x00001a54                MCAL_T1_voidOCR1A_GIEEnable
 .text.MCAL_T1_voidOCR1A_GIEDisable
                0x00001a7e       0x1c ./MCAL/Timer 1/Timer1.o
                0x00001a7e                MCAL_T1_voidOCR1A_GIEDisable
 .text.MCAL_T1_voidICR1_GIEEnable
                0x00001a9a       0x2a ./MCAL/Timer 1/Timer1.o
                0x00001a9a                MCAL_T1_voidICR1_GIEEnable
 .text.MCAL_T1_voidICR1_GIEDisable
                0x00001ac4       0x1c ./MCAL/Timer 1/Timer1.o
                0x00001ac4                MCAL_T1_voidICR1_GIEDisable
 .text.MCAL_T1_u8T1DelayNormalMode
                0x00001ae0      0x17c ./MCAL/Timer 1/Timer1.o
                0x00001ae0                MCAL_T1_u8T1DelayNormalMode
 .text.MCAL_T1_voidDelayCTCMode
                0x00001c5c       0xf6 ./MCAL/Timer 1/Timer1.o
                0x00001c5c                MCAL_T1_voidDelayCTCMode
 .text.MCAL_T1_voidSetTriggerEdge
                0x00001d52       0x44 ./MCAL/Timer 1/Timer1.o
                0x00001d52                MCAL_T1_voidSetTriggerEdge
 .text.MCAL_T1_u8T1_Callback
                0x00001d96       0x38 ./MCAL/Timer 1/Timer1.o
                0x00001d96                MCAL_T1_u8T1_Callback
 .text.__vector_9
                0x00001dce       0x66 ./MCAL/Timer 1/Timer1.o
                0x00001dce                __vector_9
 .text.__vector_7
                0x00001e34       0x66 ./MCAL/Timer 1/Timer1.o
                0x00001e34                __vector_7
 .text.__vector_8
                0x00001e9a       0x66 ./MCAL/Timer 1/Timer1.o
                0x00001e9a                __vector_8
 .text.__vector_6
                0x00001f00       0x66 ./MCAL/Timer 1/Timer1.o
                0x00001f00                __vector_6
 .text.MCAL_T1_FPWM_10bitRES
                0x00001f66       0xee ./MCAL/Timer 1/Timer1.o
                0x00001f66                MCAL_T1_FPWM_10bitRES
 .text.MCAL_TWI_Master_Init
                0x00002054       0x32 ./MCAL/TWI/TWI.o
                0x00002054                MCAL_TWI_Master_Init
 .text.MCAL_TWI_Master_SendStartCondition
                0x00002086       0x34 ./MCAL/TWI/TWI.o
                0x00002086                MCAL_TWI_Master_SendStartCondition
 .text.MCAL_TWI_Master_SendReStartCondition
                0x000020ba       0x34 ./MCAL/TWI/TWI.o
                0x000020ba                MCAL_TWI_Master_SendReStartCondition
 .text.MCAL_TWI_Master_SendStopCondition
                0x000020ee       0x2a ./MCAL/TWI/TWI.o
                0x000020ee                MCAL_TWI_Master_SendStopCondition
 .text.MCAL_TWI_Master_SendSlaveAddWithWrite
                0x00002118       0x52 ./MCAL/TWI/TWI.o
                0x00002118                MCAL_TWI_Master_SendSlaveAddWithWrite
 .text.MCAL_TWI_Master_SendSlaveAddWithRead
                0x0000216a       0x52 ./MCAL/TWI/TWI.o
                0x0000216a                MCAL_TWI_Master_SendSlaveAddWithRead
 .text.MCAL_TWI_Slave_Init
                0x000021bc       0x56 ./MCAL/TWI/TWI.o
                0x000021bc                MCAL_TWI_Slave_Init
 .text.MCAL_TWI_Slave_Listen
                0x00002212       0x1c ./MCAL/TWI/TWI.o
                0x00002212                MCAL_TWI_Slave_Listen
 .text.MCAL_TWI_SendData
                0x0000222e       0x34 ./MCAL/TWI/TWI.o
                0x0000222e                MCAL_TWI_SendData
 .text.MCAL_TWI_RecieveData
                0x00002262       0x3c ./MCAL/TWI/TWI.o
                0x00002262                MCAL_TWI_RecieveData
 .text.MCAL_SPI_SPIInit
                0x0000229e       0x8a ./MCAL/SPI/SPI.o
                0x0000229e                MCAL_SPI_SPIInit
 .text.MCAL_SPI_SendString
                0x00002328       0x6c ./MCAL/SPI/SPI.o
                0x00002328                MCAL_SPI_SendString
 .text.MCAL_SPI_RecieveString
                0x00002394       0x78 ./MCAL/SPI/SPI.o
                0x00002394                MCAL_SPI_RecieveString
 .text.MCAL_SPI_SPITranceive
                0x0000240c       0x2c ./MCAL/SPI/SPI.o
                0x0000240c                MCAL_SPI_SPITranceive
 .text.MCAL_Interrupt_u8SetRegister
                0x00002438       0xdc ./MCAL/Interrupt/Interrupt.o
                0x00002438                MCAL_Interrupt_u8SetRegister
 .text.MCAL_Interrupt_u8SetRegisterPin
                0x00002514      0x1a6 ./MCAL/Interrupt/Interrupt.o
                0x00002514                MCAL_Interrupt_u8SetRegisterPin
 .text.MCAL_Interrupt_EXIT_CallBack_0
                0x000026ba       0x2c ./MCAL/Interrupt/Interrupt.o
                0x000026ba                MCAL_Interrupt_EXIT_CallBack_0
 .text.MCAL_Interrupt_EXIT_CallBack_1
                0x000026e6       0x2c ./MCAL/Interrupt/Interrupt.o
                0x000026e6                MCAL_Interrupt_EXIT_CallBack_1
 .text.MCAL_Interrupt_EXIT_CallBack_2
                0x00002712       0x2c ./MCAL/Interrupt/Interrupt.o
                0x00002712                MCAL_Interrupt_EXIT_CallBack_2
 .text.MCAL_Interrupt_EnableGIE
                0x0000273e       0x36 ./MCAL/Interrupt/Interrupt.o
                0x0000273e                MCAL_Interrupt_EnableGIE
 .text.MCAL_Interrupt_InterruptInit
                0x00002774       0x40 ./MCAL/Interrupt/Interrupt.o
                0x00002774                MCAL_Interrupt_InterruptInit
 .text.__vector_1
                0x000027b4       0x66 ./MCAL/Interrupt/Interrupt.o
                0x000027b4                __vector_1
 .text.__vector_2
                0x0000281a       0x66 ./MCAL/Interrupt/Interrupt.o
                0x0000281a                __vector_2
 .text.__vector_3
                0x00002880       0x66 ./MCAL/Interrupt/Interrupt.o
                0x00002880                __vector_3
 .text.MCAL_DIO_u8SetPortDirection
                0x000028e6      0x106 ./MCAL/DIO/DIO.o
                0x000028e6                MCAL_DIO_u8SetPortDirection
 .text.MCAL_DIO_u8SetPinDirection
                0x000029ec      0x1d6 ./MCAL/DIO/DIO.o
                0x000029ec                MCAL_DIO_u8SetPinDirection
 .text.MCAL_DIO_u8SetPortValue
                0x00002bc2      0x106 ./MCAL/DIO/DIO.o
                0x00002bc2                MCAL_DIO_u8SetPortValue
 .text.MCAL_DIO_u8SetPinValue
                0x00002cc8      0x1d6 ./MCAL/DIO/DIO.o
                0x00002cc8                MCAL_DIO_u8SetPinValue
 .text.MCAL_DIO_u8SGetPortValue
                0x00002e9e       0x82 ./MCAL/DIO/DIO.o
                0x00002e9e                MCAL_DIO_u8SGetPortValue
 .text.MCAL_DIO_u8GetPinValue
                0x00002f20       0xfa ./MCAL/DIO/DIO.o
                0x00002f20                MCAL_DIO_u8GetPinValue
 .text.MCAL_DIO_u8TogglePortValue
                0x0000301a       0x80 ./MCAL/DIO/DIO.o
                0x0000301a                MCAL_DIO_u8TogglePortValue
 .text.MCAL_DIO_u8TogglePinValue
                0x0000309a       0xf0 ./MCAL/DIO/DIO.o
                0x0000309a                MCAL_DIO_u8TogglePinValue
 .text.MCAL_ADC_u8SetRegister
                0x0000318a       0xac ./MCAL/ADC/ADC.o
                0x0000318a                MCAL_ADC_u8SetRegister
 .text.MCAL_ADC_u8SetRegisterPin
                0x00003236      0x148 ./MCAL/ADC/ADC.o
                0x00003236                MCAL_ADC_u8SetRegisterPin
 .text.MCAL_ADC_AdcInit
                0x0000337e       0xce ./MCAL/ADC/ADC.o
                0x0000337e                MCAL_ADC_AdcInit
 .text.MCAL_ADC_AdcStartConversion
                0x0000344c       0x36 ./MCAL/ADC/ADC.o
                0x0000344c                MCAL_ADC_AdcStartConversion
 .text.MCAL_ADC_u8AdcSetValue
                0x00003482       0x5e ./MCAL/ADC/ADC.o
                0x00003482                MCAL_ADC_u8AdcSetValue
 .text.MCAL_ADC_EXIT_CallBack
                0x000034e0       0x2c ./MCAL/ADC/ADC.o
                0x000034e0                MCAL_ADC_EXIT_CallBack
 .text.__vector_16
                0x0000350c       0x66 ./MCAL/ADC/ADC.o
                0x0000350c                __vector_16
 .text.HAL_SM_voidSMInit
                0x00003572       0x56 ./HAL/Servo Motor/Servo_Motor.o
                0x00003572                HAL_SM_voidSMInit
 .text.HAL_SM_voidSMSetAngle
                0x000035c8       0xb6 ./HAL/Servo Motor/Servo_Motor.o
                0x000035c8                HAL_SM_voidSMSetAngle
 .text.HAL_PushButton_u8PushButtonInit
                0x0000367e       0x3a ./HAL/Push Button/PushButton.o
                0x0000367e                HAL_PushButton_u8PushButtonInit
 .text.HAL_PushButton_u8PushButtonCheck
                0x000036b8       0x74 ./HAL/Push Button/PushButton.o
                0x000036b8                HAL_PushButton_u8PushButtonCheck
 .text.HAL_Potentiometer_PotentiometerInit
                0x0000372c       0x1e ./HAL/Potentiometer/Potentiometer.o
                0x0000372c                HAL_Potentiometer_PotentiometerInit
 .text.HAL_Potentiometer_PotentiometerValue
                0x0000374a       0x26 ./HAL/Potentiometer/Potentiometer.o
                0x0000374a                HAL_Potentiometer_PotentiometerValue
 .text.HAL_LED_u8LedInit
                0x00003770       0x3a ./HAL/LED/LED.o
                0x00003770                HAL_LED_u8LedInit
 .text.HAL_LED_u8LedMode
                0x000037aa       0x70 ./HAL/LED/LED.o
                0x000037aa                HAL_LED_u8LedMode
 .text.HAL_LCD_u8LCDInit
                0x0000381a      0x530 ./HAL/LCD/LCD.o
                0x0000381a                HAL_LCD_u8LCDInit
 .text.HAL_LCD_u8SendCommands
                0x00003d4a      0x244 ./HAL/LCD/LCD.o
                0x00003d4a                HAL_LCD_u8SendCommands
 .text.HAL_LCD_u8SendChar
                0x00003f8e      0x244 ./HAL/LCD/LCD.o
                0x00003f8e                HAL_LCD_u8SendChar
 .text.HAL_LCD_u8SendString
                0x000041d2       0x6c ./HAL/LCD/LCD.o
                0x000041d2                HAL_LCD_u8SendString
 .text.HAL_LCD_u8SendNumber
                0x0000423e       0x46 ./HAL/LCD/LCD.o
                0x0000423e                HAL_LCD_u8SendNumber
 .text.HAL_LCD_u8GoTo
                0x00004284      0x4b8 ./HAL/LCD/LCD.o
                0x00004284                HAL_LCD_u8GoTo
 .text.HAL_LCD_u8Clear
                0x0000473c      0x110 ./HAL/LCD/LCD.o
                0x0000473c                HAL_LCD_u8Clear
 .text.HAL_LCD_u8CustomChar
                0x0000484c       0x6a ./HAL/LCD/LCD.o
                0x0000484c                HAL_LCD_u8CustomChar
 .text.HAL_KeyPad_u8KeyPadInit
                0x000048b6       0x1e ./HAL/KeyPad/KeyPad.o
                0x000048b6                HAL_KeyPad_u8KeyPadInit
 .text.HAL_KeyPad_u8GetKeyPressed
                0x000048d4      0x29e ./HAL/KeyPad/KeyPad.o
                0x000048d4                HAL_KeyPad_u8GetKeyPressed
 .text.HAL_void_H_BridgeInit
                0x00004b72       0x36 ./HAL/H_Bridge/H_Bridge.o
                0x00004b72                HAL_void_H_BridgeInit
 .text.HAL_void_H_BridgeCW
                0x00004ba8       0x4c ./HAL/H_Bridge/H_Bridge.o
                0x00004ba8                HAL_void_H_BridgeCW
 .text.HAL_void_H_BridgeFront
                0x00004bf4       0x4c ./HAL/H_Bridge/H_Bridge.o
                0x00004bf4                HAL_void_H_BridgeFront
 .text.HAL_void_H_BridgeBack
                0x00004c40       0x4c ./HAL/H_Bridge/H_Bridge.o
                0x00004c40                HAL_void_H_BridgeBack
 .text.HAL_void_H_BridgeCCW
                0x00004c8c       0x4c ./HAL/H_Bridge/H_Bridge.o
                0x00004c8c                HAL_void_H_BridgeCCW
 .text.HAL_void_H_BridgeStop
                0x00004cd8       0x4c ./HAL/H_Bridge/H_Bridge.o
                0x00004cd8                HAL_void_H_BridgeStop
 .text.HAL_Buzzer_u8BuzzerInit
                0x00004d24       0x3a ./HAL/Buzzer/Buzzer.o
                0x00004d24                HAL_Buzzer_u8BuzzerInit
 .text.HAL_Buzzer_u8BuzzerMode
                0x00004d5e       0x70 ./HAL/Buzzer/Buzzer.o
                0x00004d5e                HAL_Buzzer_u8BuzzerMode
 .text.main     0x00004dce      0x234 ./Application/main.o
                0x00004dce                main
 .text.libgcc   0x00005002       0x3e d:/avr/sdk_win_64/sdk_win_64/winavr/bin/../lib/gcc/avr/4.3.3/avr5\libgcc.a(_mulsi3.o)
                0x00005002                __mulsi3
 .text.libgcc   0x00005040       0x44 d:/avr/sdk_win_64/sdk_win_64/winavr/bin/../lib/gcc/avr/4.3.3/avr5\libgcc.a(_udivmodsi4.o)
                0x00005040                __udivmodsi4
 .text.libgcc   0x00005084        0x0 d:/avr/sdk_win_64/sdk_win_64/winavr/bin/../lib/gcc/avr/4.3.3/avr5\libgcc.a(_exit.o)
 .text.libgcc   0x00005084        0x0 d:/avr/sdk_win_64/sdk_win_64/winavr/bin/../lib/gcc/avr/4.3.3/avr5\libgcc.a(_copy_data.o)
 .text.libgcc   0x00005084        0x0 d:/avr/sdk_win_64/sdk_win_64/winavr/bin/../lib/gcc/avr/4.3.3/avr5\libgcc.a(_clear_bss.o)
 .text.libgcc   0x00005084       0x38 d:/avr/sdk_win_64/sdk_win_64/winavr/bin/../lib/gcc/avr/4.3.3/avr5\libgcc.a(_prologue.o)
                0x00005084                __prologue_saves__
 .text.libgcc   0x000050bc       0x36 d:/avr/sdk_win_64/sdk_win_64/winavr/bin/../lib/gcc/avr/4.3.3/avr5\libgcc.a(_epilogue.o)
                0x000050bc                __epilogue_restores__
 .text.avr-libc
                0x000050f2       0x42 d:/avr/sdk_win_64/sdk_win_64/winavr/bin/../lib/gcc/avr/4.3.3/../../../../avr/lib/avr5\libc.a(itoa.o)
                0x000050f2                itoa
 .text.avr-libc
                0x00005134       0x20 d:/avr/sdk_win_64/sdk_win_64/winavr/bin/../lib/gcc/avr/4.3.3/../../../../avr/lib/avr5\libc.a(strrev.o)
                0x00005134                strrev
 .text.libgcc   0x00005154       0x28 d:/avr/sdk_win_64/sdk_win_64/winavr/bin/../lib/gcc/avr/4.3.3/avr5\libgcc.a(_udivmodhi4.o)
                0x00005154                __udivmodhi4
                0x0000517c                . = ALIGN (0x2)
 *(.fini9)
 .fini9         0x0000517c        0x0 d:/avr/sdk_win_64/sdk_win_64/winavr/bin/../lib/gcc/avr/4.3.3/avr5\libgcc.a(_exit.o)
                0x0000517c                exit
                0x0000517c                _exit
 *(.fini9)
 *(.fini8)
 *(.fini8)
 *(.fini7)
 *(.fini7)
 *(.fini6)
 *(.fini6)
 *(.fini5)
 *(.fini5)
 *(.fini4)
 *(.fini4)
 *(.fini3)
 *(.fini3)
 *(.fini2)
 *(.fini2)
 *(.fini1)
 *(.fini1)
 *(.fini0)
 .fini0         0x0000517c        0x4 d:/avr/sdk_win_64/sdk_win_64/winavr/bin/../lib/gcc/avr/4.3.3/avr5\libgcc.a(_exit.o)
 *(.fini0)
                0x00005180                _etext = .

.data           0x00800060      0x118 load address 0x00005180
                0x00800060                PROVIDE (__data_start, .)
 *(.data)
 .data          0x00800060        0x0 d:/avr/sdk_win_64/sdk_win_64/winavr/bin/../lib/gcc/avr/4.3.3/../../../../avr/lib/avr5/crtm32.o
 .data          0x00800060        0x0 ./MCAL/WDT/WDT.o
 .data          0x00800060        0x0 ./MCAL/UART/UART.o
 .data          0x00800060        0x0 ./MCAL/Timer 1/Timer1.o
 .data          0x00800060        0x0 ./MCAL/Timer 0/Timer_0.o
 .data          0x00800060        0x0 ./MCAL/TWI/TWI.o
 .data          0x00800060        0x0 ./MCAL/SPI/SPI.o
 .data          0x00800060        0x0 ./MCAL/Interrupt/Interrupt.o
 .data          0x00800060        0x0 ./MCAL/DIO/DIO.o
 .data          0x00800060        0x0 ./MCAL/ADC/ADC.o
 .data          0x00800060        0x0 ./HAL/Servo Motor/Servo_Motor.o
 .data          0x00800060        0x0 ./HAL/Push Button/PushButton.o
 .data          0x00800060        0x0 ./HAL/Potentiometer/Potentiometer.o
 .data          0x00800060        0x0 ./HAL/LED/LED.o
 .data          0x00800060        0x0 ./HAL/LCD/LCD.o
 .data          0x00800060        0x0 ./HAL/KeyPad/KeyPad.o
 .data          0x00800060        0x0 ./HAL/H_Bridge/H_Bridge.o
 .data          0x00800060        0x0 ./HAL/Buzzer/Buzzer.o
 .data          0x00800060        0x0 ./Application/Autonomous_Car/Autonomous_Car.o
 .data          0x00800060        0x0 ./Application/main.o
 .data          0x00800060        0x0 d:/avr/sdk_win_64/sdk_win_64/winavr/bin/../lib/gcc/avr/4.3.3/avr5\libgcc.a(_mulsi3.o)
 .data          0x00800060        0x0 d:/avr/sdk_win_64/sdk_win_64/winavr/bin/../lib/gcc/avr/4.3.3/avr5\libgcc.a(_udivmodsi4.o)
 .data          0x00800060        0x0 d:/avr/sdk_win_64/sdk_win_64/winavr/bin/../lib/gcc/avr/4.3.3/avr5\libgcc.a(_exit.o)
 .data          0x00800060        0x0 d:/avr/sdk_win_64/sdk_win_64/winavr/bin/../lib/gcc/avr/4.3.3/avr5\libgcc.a(_copy_data.o)
 .data          0x00800060        0x0 d:/avr/sdk_win_64/sdk_win_64/winavr/bin/../lib/gcc/avr/4.3.3/avr5\libgcc.a(_clear_bss.o)
 .data          0x00800060        0x0 d:/avr/sdk_win_64/sdk_win_64/winavr/bin/../lib/gcc/avr/4.3.3/avr5\libgcc.a(_fixunssfsi.o)
 .data          0x00800060        0x0 d:/avr/sdk_win_64/sdk_win_64/winavr/bin/../lib/gcc/avr/4.3.3/avr5\libgcc.a(_addsub_sf.o)
 .data          0x00800060        0x0 d:/avr/sdk_win_64/sdk_win_64/winavr/bin/../lib/gcc/avr/4.3.3/avr5\libgcc.a(_mul_sf.o)
 .data          0x00800060        0x0 d:/avr/sdk_win_64/sdk_win_64/winavr/bin/../lib/gcc/avr/4.3.3/avr5\libgcc.a(_div_sf.o)
 .data          0x00800060        0x0 d:/avr/sdk_win_64/sdk_win_64/winavr/bin/../lib/gcc/avr/4.3.3/avr5\libgcc.a(_gt_sf.o)
 .data          0x00800060        0x0 d:/avr/sdk_win_64/sdk_win_64/winavr/bin/../lib/gcc/avr/4.3.3/avr5\libgcc.a(_ge_sf.o)
 .data          0x00800060        0x0 d:/avr/sdk_win_64/sdk_win_64/winavr/bin/../lib/gcc/avr/4.3.3/avr5\libgcc.a(_lt_sf.o)
 .data          0x00800060        0x0 d:/avr/sdk_win_64/sdk_win_64/winavr/bin/../lib/gcc/avr/4.3.3/avr5\libgcc.a(_le_sf.o)
 .data          0x00800060        0x0 d:/avr/sdk_win_64/sdk_win_64/winavr/bin/../lib/gcc/avr/4.3.3/avr5\libgcc.a(_si_to_sf.o)
 .data          0x00800060        0x0 d:/avr/sdk_win_64/sdk_win_64/winavr/bin/../lib/gcc/avr/4.3.3/avr5\libgcc.a(_sf_to_si.o)
 .data          0x00800060        0x8 d:/avr/sdk_win_64/sdk_win_64/winavr/bin/../lib/gcc/avr/4.3.3/avr5\libgcc.a(_thenan_sf.o)
                0x00800060                __thenan_sf
 .data          0x00800068        0x0 d:/avr/sdk_win_64/sdk_win_64/winavr/bin/../lib/gcc/avr/4.3.3/avr5\libgcc.a(_prologue.o)
 .data          0x00800068        0x0 d:/avr/sdk_win_64/sdk_win_64/winavr/bin/../lib/gcc/avr/4.3.3/avr5\libgcc.a(_epilogue.o)
 .data          0x00800068        0x0 d:/avr/sdk_win_64/sdk_win_64/winavr/bin/../lib/gcc/avr/4.3.3/avr5\libgcc.a(_clzsi2.o)
 .data          0x00800068        0x0 d:/avr/sdk_win_64/sdk_win_64/winavr/bin/../lib/gcc/avr/4.3.3/avr5\libgcc.a(_pack_sf.o)
 .data          0x00800068        0x0 d:/avr/sdk_win_64/sdk_win_64/winavr/bin/../lib/gcc/avr/4.3.3/avr5\libgcc.a(_unpack_sf.o)
 .data          0x00800068        0x0 d:/avr/sdk_win_64/sdk_win_64/winavr/bin/../lib/gcc/avr/4.3.3/avr5\libgcc.a(_fpcmp_parts_sf.o)
 .data          0x00800068      0x100 d:/avr/sdk_win_64/sdk_win_64/winavr/bin/../lib/gcc/avr/4.3.3/avr5\libgcc.a(_clz.o)
                0x00800068                __clz_tab
 .data          0x00800168        0x0 d:/avr/sdk_win_64/sdk_win_64/winavr/bin/../lib/gcc/avr/4.3.3/../../../../avr/lib/avr5\libc.a(itoa.o)
 .data          0x00800168        0x0 d:/avr/sdk_win_64/sdk_win_64/winavr/bin/../lib/gcc/avr/4.3.3/../../../../avr/lib/avr5\libc.a(strrev.o)
 .data          0x00800168        0x0 d:/avr/sdk_win_64/sdk_win_64/winavr/bin/../lib/gcc/avr/4.3.3/avr5\libgcc.a(_udivmodhi4.o)
 *(.data*)
 .data.array    0x00800168       0x10 ./HAL/KeyPad/KeyPad.o
                0x00800168                array
 *(.rodata)
 *(.rodata*)
 *(.gnu.linkonce.d*)
                0x00800178                . = ALIGN (0x2)
                0x00800178                _edata = .
                0x00800178                PROVIDE (__data_end, .)

.bss            0x00800178        0xe
                0x00800178                PROVIDE (__bss_start, .)
 *(.bss)
 .bss           0x00800178        0x0 d:/avr/sdk_win_64/sdk_win_64/winavr/bin/../lib/gcc/avr/4.3.3/../../../../avr/lib/avr5/crtm32.o
 .bss           0x00800178        0x0 ./MCAL/WDT/WDT.o
 .bss           0x00800178        0x0 ./MCAL/UART/UART.o
 .bss           0x00800178        0x0 ./MCAL/Timer 1/Timer1.o
 .bss           0x00800178        0x0 ./MCAL/Timer 0/Timer_0.o
 .bss           0x00800178        0x0 ./MCAL/TWI/TWI.o
 .bss           0x00800178        0x0 ./MCAL/SPI/SPI.o
 .bss           0x00800178        0x0 ./MCAL/Interrupt/Interrupt.o
 .bss           0x00800178        0x0 ./MCAL/DIO/DIO.o
 .bss           0x00800178        0x0 ./MCAL/ADC/ADC.o
 .bss           0x00800178        0x0 ./HAL/Servo Motor/Servo_Motor.o
 .bss           0x00800178        0x0 ./HAL/Push Button/PushButton.o
 .bss           0x00800178        0x0 ./HAL/Potentiometer/Potentiometer.o
 .bss           0x00800178        0x0 ./HAL/LED/LED.o
 .bss           0x00800178        0x0 ./HAL/LCD/LCD.o
 .bss           0x00800178        0x0 ./HAL/KeyPad/KeyPad.o
 .bss           0x00800178        0x0 ./HAL/H_Bridge/H_Bridge.o
 .bss           0x00800178        0x0 ./HAL/Buzzer/Buzzer.o
 .bss           0x00800178        0x0 ./Application/Autonomous_Car/Autonomous_Car.o
 .bss           0x00800178        0x0 ./Application/main.o
 .bss           0x00800178        0x0 d:/avr/sdk_win_64/sdk_win_64/winavr/bin/../lib/gcc/avr/4.3.3/avr5\libgcc.a(_mulsi3.o)
 .bss           0x00800178        0x0 d:/avr/sdk_win_64/sdk_win_64/winavr/bin/../lib/gcc/avr/4.3.3/avr5\libgcc.a(_udivmodsi4.o)
 .bss           0x00800178        0x0 d:/avr/sdk_win_64/sdk_win_64/winavr/bin/../lib/gcc/avr/4.3.3/avr5\libgcc.a(_exit.o)
 .bss           0x00800178        0x0 d:/avr/sdk_win_64/sdk_win_64/winavr/bin/../lib/gcc/avr/4.3.3/avr5\libgcc.a(_copy_data.o)
 .bss           0x00800178        0x0 d:/avr/sdk_win_64/sdk_win_64/winavr/bin/../lib/gcc/avr/4.3.3/avr5\libgcc.a(_clear_bss.o)
 .bss           0x00800178        0x0 d:/avr/sdk_win_64/sdk_win_64/winavr/bin/../lib/gcc/avr/4.3.3/avr5\libgcc.a(_fixunssfsi.o)
 .bss           0x00800178        0x0 d:/avr/sdk_win_64/sdk_win_64/winavr/bin/../lib/gcc/avr/4.3.3/avr5\libgcc.a(_addsub_sf.o)
 .bss           0x00800178        0x0 d:/avr/sdk_win_64/sdk_win_64/winavr/bin/../lib/gcc/avr/4.3.3/avr5\libgcc.a(_mul_sf.o)
 .bss           0x00800178        0x0 d:/avr/sdk_win_64/sdk_win_64/winavr/bin/../lib/gcc/avr/4.3.3/avr5\libgcc.a(_div_sf.o)
 .bss           0x00800178        0x0 d:/avr/sdk_win_64/sdk_win_64/winavr/bin/../lib/gcc/avr/4.3.3/avr5\libgcc.a(_gt_sf.o)
 .bss           0x00800178        0x0 d:/avr/sdk_win_64/sdk_win_64/winavr/bin/../lib/gcc/avr/4.3.3/avr5\libgcc.a(_ge_sf.o)
 .bss           0x00800178        0x0 d:/avr/sdk_win_64/sdk_win_64/winavr/bin/../lib/gcc/avr/4.3.3/avr5\libgcc.a(_lt_sf.o)
 .bss           0x00800178        0x0 d:/avr/sdk_win_64/sdk_win_64/winavr/bin/../lib/gcc/avr/4.3.3/avr5\libgcc.a(_le_sf.o)
 .bss           0x00800178        0x0 d:/avr/sdk_win_64/sdk_win_64/winavr/bin/../lib/gcc/avr/4.3.3/avr5\libgcc.a(_si_to_sf.o)
 .bss           0x00800178        0x0 d:/avr/sdk_win_64/sdk_win_64/winavr/bin/../lib/gcc/avr/4.3.3/avr5\libgcc.a(_sf_to_si.o)
 .bss           0x00800178        0x0 d:/avr/sdk_win_64/sdk_win_64/winavr/bin/../lib/gcc/avr/4.3.3/avr5\libgcc.a(_thenan_sf.o)
 .bss           0x00800178        0x0 d:/avr/sdk_win_64/sdk_win_64/winavr/bin/../lib/gcc/avr/4.3.3/avr5\libgcc.a(_prologue.o)
 .bss           0x00800178        0x0 d:/avr/sdk_win_64/sdk_win_64/winavr/bin/../lib/gcc/avr/4.3.3/avr5\libgcc.a(_epilogue.o)
 .bss           0x00800178        0x0 d:/avr/sdk_win_64/sdk_win_64/winavr/bin/../lib/gcc/avr/4.3.3/avr5\libgcc.a(_clzsi2.o)
 .bss           0x00800178        0x0 d:/avr/sdk_win_64/sdk_win_64/winavr/bin/../lib/gcc/avr/4.3.3/avr5\libgcc.a(_pack_sf.o)
 .bss           0x00800178        0x0 d:/avr/sdk_win_64/sdk_win_64/winavr/bin/../lib/gcc/avr/4.3.3/avr5\libgcc.a(_unpack_sf.o)
 .bss           0x00800178        0x0 d:/avr/sdk_win_64/sdk_win_64/winavr/bin/../lib/gcc/avr/4.3.3/avr5\libgcc.a(_fpcmp_parts_sf.o)
 .bss           0x00800178        0x0 d:/avr/sdk_win_64/sdk_win_64/winavr/bin/../lib/gcc/avr/4.3.3/avr5\libgcc.a(_clz.o)
 .bss           0x00800178        0x0 d:/avr/sdk_win_64/sdk_win_64/winavr/bin/../lib/gcc/avr/4.3.3/../../../../avr/lib/avr5\libc.a(itoa.o)
 .bss           0x00800178        0x0 d:/avr/sdk_win_64/sdk_win_64/winavr/bin/../lib/gcc/avr/4.3.3/../../../../avr/lib/avr5\libc.a(strrev.o)
 .bss           0x00800178        0x0 d:/avr/sdk_win_64/sdk_win_64/winavr/bin/../lib/gcc/avr/4.3.3/avr5\libgcc.a(_udivmodhi4.o)
 *(.bss*)
 .bss.Gptr_3    0x00800178        0x2 ./MCAL/Timer 1/Timer1.o
                0x00800178                Gptr_3
 .bss.Gptr0     0x0080017a        0x2 ./MCAL/Interrupt/Interrupt.o
                0x0080017a                Gptr0
 .bss.Gptr1     0x0080017c        0x2 ./MCAL/Interrupt/Interrupt.o
                0x0080017c                Gptr1
 .bss.Gptr2     0x0080017e        0x2 ./MCAL/Interrupt/Interrupt.o
                0x0080017e                Gptr2
 .bss.Gptr_ADC  0x00800180        0x2 ./MCAL/ADC/ADC.o
                0x00800180                Gptr_ADC
 .bss.Glob_PB0_u8PinValue
                0x00800182        0x1 ./HAL/Push Button/PushButton.o
                0x00800182                Glob_PB0_u8PinValue
 .bss.Glob_PB1_u8PinValue
                0x00800183        0x1 ./HAL/Push Button/PushButton.o
                0x00800183                Glob_PB1_u8PinValue
 .bss.Glob_PB2_u8PinValue
                0x00800184        0x1 ./HAL/Push Button/PushButton.o
                0x00800184                Glob_PB2_u8PinValue
 .bss.KetPadValue
                0x00800185        0x1 ./HAL/KeyPad/KeyPad.o
                0x00800185                KetPadValue
 *(COMMON)
                0x00800186                PROVIDE (__bss_end, .)
                0x00005180                __data_load_start = LOADADDR (.data)
                0x00005298                __data_load_end = (__data_load_start + SIZEOF (.data))

.noinit         0x00800186        0x0
                0x00800186                PROVIDE (__noinit_start, .)
 *(.noinit*)
                0x00800186                PROVIDE (__noinit_end, .)
                0x00800186                _end = .
                0x00800186                PROVIDE (__heap_start, .)

.eeprom         0x00810000        0x0
 *(.eeprom*)
                0x00810000                __eeprom_end = .

.fuse
 *(.fuse)
 *(.lfuse)
 *(.hfuse)
 *(.efuse)

.lock
 *(.lock*)

.signature
 *(.signature*)

.stab           0x00000000     0x6f84
 *(.stab)
 .stab          0x00000000      0x3e4 ./MCAL/WDT/WDT.o
 .stab          0x000003e4      0x2ac ./MCAL/UART/UART.o
                                0x2b8 (size before relaxing)
 .stab          0x00000690     0x1530 ./MCAL/Timer 1/Timer1.o
                               0x153c (size before relaxing)
 .stab          0x00001bc0       0xd8 ./MCAL/Timer 0/Timer_0.o
                                 0xe4 (size before relaxing)
 .stab          0x00001c98      0x51c ./MCAL/TWI/TWI.o
                                0x6b4 (size before relaxing)
 .stab          0x000021b4      0x3cc ./MCAL/SPI/SPI.o
                                0x564 (size before relaxing)
 .stab          0x00002580      0x6b4 ./MCAL/Interrupt/Interrupt.o
                                0x6c0 (size before relaxing)
 .stab          0x00002c34      0xe4c ./MCAL/DIO/DIO.o
                                0xfe4 (size before relaxing)
 .stab          0x00003a80      0x660 ./MCAL/ADC/ADC.o
                                0x66c (size before relaxing)
 .stab          0x000040e0      0x2f4 ./HAL/Servo Motor/Servo_Motor.o
                                0x48c (size before relaxing)
 .stab          0x000043d4      0x36c ./HAL/Push Button/PushButton.o
                                0x504 (size before relaxing)
 .stab          0x00004740      0x2a0 ./HAL/Potentiometer/Potentiometer.o
                                0x438 (size before relaxing)
 .stab          0x000049e0      0x360 ./HAL/LED/LED.o
                                0x4f8 (size before relaxing)
 .stab          0x00004d40     0x1080 ./HAL/LCD/LCD.o
                               0x1218 (size before relaxing)
 .stab          0x00005dc0      0x4c8 ./HAL/KeyPad/KeyPad.o
                                0x660 (size before relaxing)
 .stab          0x00006288      0x498 ./HAL/H_Bridge/H_Bridge.o
                                0x630 (size before relaxing)
 .stab          0x00006720      0x360 ./HAL/Buzzer/Buzzer.o
                                0x4f8 (size before relaxing)
 .stab          0x00006a80       0xd8 ./Application/Autonomous_Car/Autonomous_Car.o
                                 0xe4 (size before relaxing)
 .stab          0x00006b58      0x42c ./Application/main.o
                                0x5c4 (size before relaxing)

.stabstr        0x00000000     0x2e44
 *(.stabstr)
 .stabstr       0x00000000     0x2e44 ./MCAL/WDT/WDT.o

.stab.excl
 *(.stab.excl)

.stab.exclstr
 *(.stab.exclstr)

.stab.index
 *(.stab.index)

.stab.indexstr
 *(.stab.indexstr)

.comment
 *(.comment)

.debug
 *(.debug)

.line
 *(.line)

.debug_srcinfo
 *(.debug_srcinfo)

.debug_sfnames
 *(.debug_sfnames)

.debug_aranges  0x00000000      0x1c0
 *(.debug_aranges)
 .debug_aranges
                0x00000000       0x20 d:/avr/sdk_win_64/sdk_win_64/winavr/bin/../lib/gcc/avr/4.3.3/avr5\libgcc.a(_fixunssfsi.o)
 .debug_aranges
                0x00000020       0x20 d:/avr/sdk_win_64/sdk_win_64/winavr/bin/../lib/gcc/avr/4.3.3/avr5\libgcc.a(_addsub_sf.o)
 .debug_aranges
                0x00000040       0x20 d:/avr/sdk_win_64/sdk_win_64/winavr/bin/../lib/gcc/avr/4.3.3/avr5\libgcc.a(_mul_sf.o)
 .debug_aranges
                0x00000060       0x20 d:/avr/sdk_win_64/sdk_win_64/winavr/bin/../lib/gcc/avr/4.3.3/avr5\libgcc.a(_div_sf.o)
 .debug_aranges
                0x00000080       0x20 d:/avr/sdk_win_64/sdk_win_64/winavr/bin/../lib/gcc/avr/4.3.3/avr5\libgcc.a(_gt_sf.o)
 .debug_aranges
                0x000000a0       0x20 d:/avr/sdk_win_64/sdk_win_64/winavr/bin/../lib/gcc/avr/4.3.3/avr5\libgcc.a(_ge_sf.o)
 .debug_aranges
                0x000000c0       0x20 d:/avr/sdk_win_64/sdk_win_64/winavr/bin/../lib/gcc/avr/4.3.3/avr5\libgcc.a(_lt_sf.o)
 .debug_aranges
                0x000000e0       0x20 d:/avr/sdk_win_64/sdk_win_64/winavr/bin/../lib/gcc/avr/4.3.3/avr5\libgcc.a(_le_sf.o)
 .debug_aranges
                0x00000100       0x20 d:/avr/sdk_win_64/sdk_win_64/winavr/bin/../lib/gcc/avr/4.3.3/avr5\libgcc.a(_si_to_sf.o)
 .debug_aranges
                0x00000120       0x20 d:/avr/sdk_win_64/sdk_win_64/winavr/bin/../lib/gcc/avr/4.3.3/avr5\libgcc.a(_sf_to_si.o)
 .debug_aranges
                0x00000140       0x20 d:/avr/sdk_win_64/sdk_win_64/winavr/bin/../lib/gcc/avr/4.3.3/avr5\libgcc.a(_clzsi2.o)
 .debug_aranges
                0x00000160       0x20 d:/avr/sdk_win_64/sdk_win_64/winavr/bin/../lib/gcc/avr/4.3.3/avr5\libgcc.a(_pack_sf.o)
 .debug_aranges
                0x00000180       0x20 d:/avr/sdk_win_64/sdk_win_64/winavr/bin/../lib/gcc/avr/4.3.3/avr5\libgcc.a(_unpack_sf.o)
 .debug_aranges
                0x000001a0       0x20 d:/avr/sdk_win_64/sdk_win_64/winavr/bin/../lib/gcc/avr/4.3.3/avr5\libgcc.a(_fpcmp_parts_sf.o)

.debug_pubnames
                0x00000000      0x20e
 *(.debug_pubnames)
 .debug_pubnames
                0x00000000       0x23 d:/avr/sdk_win_64/sdk_win_64/winavr/bin/../lib/gcc/avr/4.3.3/avr5\libgcc.a(_fixunssfsi.o)
 .debug_pubnames
                0x00000023       0x2c d:/avr/sdk_win_64/sdk_win_64/winavr/bin/../lib/gcc/avr/4.3.3/avr5\libgcc.a(_addsub_sf.o)
 .debug_pubnames
                0x0000004f       0x1f d:/avr/sdk_win_64/sdk_win_64/winavr/bin/../lib/gcc/avr/4.3.3/avr5\libgcc.a(_mul_sf.o)
 .debug_pubnames
                0x0000006e       0x1f d:/avr/sdk_win_64/sdk_win_64/winavr/bin/../lib/gcc/avr/4.3.3/avr5\libgcc.a(_div_sf.o)
 .debug_pubnames
                0x0000008d       0x1e d:/avr/sdk_win_64/sdk_win_64/winavr/bin/../lib/gcc/avr/4.3.3/avr5\libgcc.a(_gt_sf.o)
 .debug_pubnames
                0x000000ab       0x1e d:/avr/sdk_win_64/sdk_win_64/winavr/bin/../lib/gcc/avr/4.3.3/avr5\libgcc.a(_ge_sf.o)
 .debug_pubnames
                0x000000c9       0x1e d:/avr/sdk_win_64/sdk_win_64/winavr/bin/../lib/gcc/avr/4.3.3/avr5\libgcc.a(_lt_sf.o)
 .debug_pubnames
                0x000000e7       0x1e d:/avr/sdk_win_64/sdk_win_64/winavr/bin/../lib/gcc/avr/4.3.3/avr5\libgcc.a(_le_sf.o)
 .debug_pubnames
                0x00000105       0x22 d:/avr/sdk_win_64/sdk_win_64/winavr/bin/../lib/gcc/avr/4.3.3/avr5\libgcc.a(_si_to_sf.o)
 .debug_pubnames
                0x00000127       0x20 d:/avr/sdk_win_64/sdk_win_64/winavr/bin/../lib/gcc/avr/4.3.3/avr5\libgcc.a(_sf_to_si.o)
 .debug_pubnames
                0x00000147       0x22 d:/avr/sdk_win_64/sdk_win_64/winavr/bin/../lib/gcc/avr/4.3.3/avr5\libgcc.a(_thenan_sf.o)
 .debug_pubnames
                0x00000169       0x1f d:/avr/sdk_win_64/sdk_win_64/winavr/bin/../lib/gcc/avr/4.3.3/avr5\libgcc.a(_clzsi2.o)
 .debug_pubnames
                0x00000188       0x1f d:/avr/sdk_win_64/sdk_win_64/winavr/bin/../lib/gcc/avr/4.3.3/avr5\libgcc.a(_pack_sf.o)
 .debug_pubnames
                0x000001a7       0x21 d:/avr/sdk_win_64/sdk_win_64/winavr/bin/../lib/gcc/avr/4.3.3/avr5\libgcc.a(_unpack_sf.o)
 .debug_pubnames
                0x000001c8       0x26 d:/avr/sdk_win_64/sdk_win_64/winavr/bin/../lib/gcc/avr/4.3.3/avr5\libgcc.a(_fpcmp_parts_sf.o)
 .debug_pubnames
                0x000001ee       0x20 d:/avr/sdk_win_64/sdk_win_64/winavr/bin/../lib/gcc/avr/4.3.3/avr5\libgcc.a(_clz.o)

.debug_info     0x00000000     0x268b
 *(.debug_info)
 .debug_info    0x00000000       0xb1 d:/avr/sdk_win_64/sdk_win_64/winavr/bin/../lib/gcc/avr/4.3.3/avr5\libgcc.a(_fixunssfsi.o)
 .debug_info    0x000000b1      0x47a d:/avr/sdk_win_64/sdk_win_64/winavr/bin/../lib/gcc/avr/4.3.3/avr5\libgcc.a(_addsub_sf.o)
 .debug_info    0x0000052b      0x485 d:/avr/sdk_win_64/sdk_win_64/winavr/bin/../lib/gcc/avr/4.3.3/avr5\libgcc.a(_mul_sf.o)
 .debug_info    0x000009b0      0x3fc d:/avr/sdk_win_64/sdk_win_64/winavr/bin/../lib/gcc/avr/4.3.3/avr5\libgcc.a(_div_sf.o)
 .debug_info    0x00000dac      0x27f d:/avr/sdk_win_64/sdk_win_64/winavr/bin/../lib/gcc/avr/4.3.3/avr5\libgcc.a(_gt_sf.o)
 .debug_info    0x0000102b      0x27f d:/avr/sdk_win_64/sdk_win_64/winavr/bin/../lib/gcc/avr/4.3.3/avr5\libgcc.a(_ge_sf.o)
 .debug_info    0x000012aa      0x27f d:/avr/sdk_win_64/sdk_win_64/winavr/bin/../lib/gcc/avr/4.3.3/avr5\libgcc.a(_lt_sf.o)
 .debug_info    0x00001529      0x27f d:/avr/sdk_win_64/sdk_win_64/winavr/bin/../lib/gcc/avr/4.3.3/avr5\libgcc.a(_le_sf.o)
 .debug_info    0x000017a8      0x207 d:/avr/sdk_win_64/sdk_win_64/winavr/bin/../lib/gcc/avr/4.3.3/avr5\libgcc.a(_si_to_sf.o)
 .debug_info    0x000019af      0x2b0 d:/avr/sdk_win_64/sdk_win_64/winavr/bin/../lib/gcc/avr/4.3.3/avr5\libgcc.a(_sf_to_si.o)
 .debug_info    0x00001c5f      0x12c d:/avr/sdk_win_64/sdk_win_64/winavr/bin/../lib/gcc/avr/4.3.3/avr5\libgcc.a(_thenan_sf.o)
 .debug_info    0x00001d8b      0x117 d:/avr/sdk_win_64/sdk_win_64/winavr/bin/../lib/gcc/avr/4.3.3/avr5\libgcc.a(_clzsi2.o)
 .debug_info    0x00001ea2      0x2df d:/avr/sdk_win_64/sdk_win_64/winavr/bin/../lib/gcc/avr/4.3.3/avr5\libgcc.a(_pack_sf.o)
 .debug_info    0x00002181      0x251 d:/avr/sdk_win_64/sdk_win_64/winavr/bin/../lib/gcc/avr/4.3.3/avr5\libgcc.a(_unpack_sf.o)
 .debug_info    0x000023d2      0x210 d:/avr/sdk_win_64/sdk_win_64/winavr/bin/../lib/gcc/avr/4.3.3/avr5\libgcc.a(_fpcmp_parts_sf.o)
 .debug_info    0x000025e2       0xa9 d:/avr/sdk_win_64/sdk_win_64/winavr/bin/../lib/gcc/avr/4.3.3/avr5\libgcc.a(_clz.o)
 *(.gnu.linkonce.wi.*)

.debug_abbrev   0x00000000     0x14d1
 *(.debug_abbrev)
 .debug_abbrev  0x00000000       0x5d d:/avr/sdk_win_64/sdk_win_64/winavr/bin/../lib/gcc/avr/4.3.3/avr5\libgcc.a(_fixunssfsi.o)
 .debug_abbrev  0x0000005d      0x1ea d:/avr/sdk_win_64/sdk_win_64/winavr/bin/../lib/gcc/avr/4.3.3/avr5\libgcc.a(_addsub_sf.o)
 .debug_abbrev  0x00000247      0x21b d:/avr/sdk_win_64/sdk_win_64/winavr/bin/../lib/gcc/avr/4.3.3/avr5\libgcc.a(_mul_sf.o)
 .debug_abbrev  0x00000462      0x216 d:/avr/sdk_win_64/sdk_win_64/winavr/bin/../lib/gcc/avr/4.3.3/avr5\libgcc.a(_div_sf.o)
 .debug_abbrev  0x00000678      0x15a d:/avr/sdk_win_64/sdk_win_64/winavr/bin/../lib/gcc/avr/4.3.3/avr5\libgcc.a(_gt_sf.o)
 .debug_abbrev  0x000007d2      0x15a d:/avr/sdk_win_64/sdk_win_64/winavr/bin/../lib/gcc/avr/4.3.3/avr5\libgcc.a(_ge_sf.o)
 .debug_abbrev  0x0000092c      0x15a d:/avr/sdk_win_64/sdk_win_64/winavr/bin/../lib/gcc/avr/4.3.3/avr5\libgcc.a(_lt_sf.o)
 .debug_abbrev  0x00000a86      0x15a d:/avr/sdk_win_64/sdk_win_64/winavr/bin/../lib/gcc/avr/4.3.3/avr5\libgcc.a(_le_sf.o)
 .debug_abbrev  0x00000be0      0x148 d:/avr/sdk_win_64/sdk_win_64/winavr/bin/../lib/gcc/avr/4.3.3/avr5\libgcc.a(_si_to_sf.o)
 .debug_abbrev  0x00000d28      0x17f d:/avr/sdk_win_64/sdk_win_64/winavr/bin/../lib/gcc/avr/4.3.3/avr5\libgcc.a(_sf_to_si.o)
 .debug_abbrev  0x00000ea7       0xad d:/avr/sdk_win_64/sdk_win_64/winavr/bin/../lib/gcc/avr/4.3.3/avr5\libgcc.a(_thenan_sf.o)
 .debug_abbrev  0x00000f54       0xc4 d:/avr/sdk_win_64/sdk_win_64/winavr/bin/../lib/gcc/avr/4.3.3/avr5\libgcc.a(_clzsi2.o)
 .debug_abbrev  0x00001018      0x1c0 d:/avr/sdk_win_64/sdk_win_64/winavr/bin/../lib/gcc/avr/4.3.3/avr5\libgcc.a(_pack_sf.o)
 .debug_abbrev  0x000011d8      0x154 d:/avr/sdk_win_64/sdk_win_64/winavr/bin/../lib/gcc/avr/4.3.3/avr5\libgcc.a(_unpack_sf.o)
 .debug_abbrev  0x0000132c      0x13b d:/avr/sdk_win_64/sdk_win_64/winavr/bin/../lib/gcc/avr/4.3.3/avr5\libgcc.a(_fpcmp_parts_sf.o)
 .debug_abbrev  0x00001467       0x6a d:/avr/sdk_win_64/sdk_win_64/winavr/bin/../lib/gcc/avr/4.3.3/avr5\libgcc.a(_clz.o)

.debug_line     0x00000000     0x12ab
 *(.debug_line)
 .debug_line    0x00000000       0xa7 d:/avr/sdk_win_64/sdk_win_64/winavr/bin/../lib/gcc/avr/4.3.3/avr5\libgcc.a(_fixunssfsi.o)
 .debug_line    0x000000a7      0x2af d:/avr/sdk_win_64/sdk_win_64/winavr/bin/../lib/gcc/avr/4.3.3/avr5\libgcc.a(_addsub_sf.o)
 .debug_line    0x00000356      0x239 d:/avr/sdk_win_64/sdk_win_64/winavr/bin/../lib/gcc/avr/4.3.3/avr5\libgcc.a(_mul_sf.o)
 .debug_line    0x0000058f      0x1d5 d:/avr/sdk_win_64/sdk_win_64/winavr/bin/../lib/gcc/avr/4.3.3/avr5\libgcc.a(_div_sf.o)
 .debug_line    0x00000764       0xd3 d:/avr/sdk_win_64/sdk_win_64/winavr/bin/../lib/gcc/avr/4.3.3/avr5\libgcc.a(_gt_sf.o)
 .debug_line    0x00000837       0xd3 d:/avr/sdk_win_64/sdk_win_64/winavr/bin/../lib/gcc/avr/4.3.3/avr5\libgcc.a(_ge_sf.o)
 .debug_line    0x0000090a       0xd3 d:/avr/sdk_win_64/sdk_win_64/winavr/bin/../lib/gcc/avr/4.3.3/avr5\libgcc.a(_lt_sf.o)
 .debug_line    0x000009dd       0xd3 d:/avr/sdk_win_64/sdk_win_64/winavr/bin/../lib/gcc/avr/4.3.3/avr5\libgcc.a(_le_sf.o)
 .debug_line    0x00000ab0      0x135 d:/avr/sdk_win_64/sdk_win_64/winavr/bin/../lib/gcc/avr/4.3.3/avr5\libgcc.a(_si_to_sf.o)
 .debug_line    0x00000be5      0x109 d:/avr/sdk_win_64/sdk_win_64/winavr/bin/../lib/gcc/avr/4.3.3/avr5\libgcc.a(_sf_to_si.o)
 .debug_line    0x00000cee       0x90 d:/avr/sdk_win_64/sdk_win_64/winavr/bin/../lib/gcc/avr/4.3.3/avr5\libgcc.a(_thenan_sf.o)
 .debug_line    0x00000d7e       0xa5 d:/avr/sdk_win_64/sdk_win_64/winavr/bin/../lib/gcc/avr/4.3.3/avr5\libgcc.a(_clzsi2.o)
 .debug_line    0x00000e23      0x18a d:/avr/sdk_win_64/sdk_win_64/winavr/bin/../lib/gcc/avr/4.3.3/avr5\libgcc.a(_pack_sf.o)
 .debug_line    0x00000fad      0x14b d:/avr/sdk_win_64/sdk_win_64/winavr/bin/../lib/gcc/avr/4.3.3/avr5\libgcc.a(_unpack_sf.o)
 .debug_line    0x000010f8      0x137 d:/avr/sdk_win_64/sdk_win_64/winavr/bin/../lib/gcc/avr/4.3.3/avr5\libgcc.a(_fpcmp_parts_sf.o)
 .debug_line    0x0000122f       0x7c d:/avr/sdk_win_64/sdk_win_64/winavr/bin/../lib/gcc/avr/4.3.3/avr5\libgcc.a(_clz.o)

.debug_frame    0x00000000      0x1e0
 *(.debug_frame)
 .debug_frame   0x00000000       0x20 d:/avr/sdk_win_64/sdk_win_64/winavr/bin/../lib/gcc/avr/4.3.3/avr5\libgcc.a(_fixunssfsi.o)
 .debug_frame   0x00000020       0x40 d:/avr/sdk_win_64/sdk_win_64/winavr/bin/../lib/gcc/avr/4.3.3/avr5\libgcc.a(_addsub_sf.o)
 .debug_frame   0x00000060       0x20 d:/avr/sdk_win_64/sdk_win_64/winavr/bin/../lib/gcc/avr/4.3.3/avr5\libgcc.a(_mul_sf.o)
 .debug_frame   0x00000080       0x20 d:/avr/sdk_win_64/sdk_win_64/winavr/bin/../lib/gcc/avr/4.3.3/avr5\libgcc.a(_div_sf.o)
 .debug_frame   0x000000a0       0x20 d:/avr/sdk_win_64/sdk_win_64/winavr/bin/../lib/gcc/avr/4.3.3/avr5\libgcc.a(_gt_sf.o)
 .debug_frame   0x000000c0       0x20 d:/avr/sdk_win_64/sdk_win_64/winavr/bin/../lib/gcc/avr/4.3.3/avr5\libgcc.a(_ge_sf.o)
 .debug_frame   0x000000e0       0x20 d:/avr/sdk_win_64/sdk_win_64/winavr/bin/../lib/gcc/avr/4.3.3/avr5\libgcc.a(_lt_sf.o)
 .debug_frame   0x00000100       0x20 d:/avr/sdk_win_64/sdk_win_64/winavr/bin/../lib/gcc/avr/4.3.3/avr5\libgcc.a(_le_sf.o)
 .debug_frame   0x00000120       0x20 d:/avr/sdk_win_64/sdk_win_64/winavr/bin/../lib/gcc/avr/4.3.3/avr5\libgcc.a(_si_to_sf.o)
 .debug_frame   0x00000140       0x20 d:/avr/sdk_win_64/sdk_win_64/winavr/bin/../lib/gcc/avr/4.3.3/avr5\libgcc.a(_sf_to_si.o)
 .debug_frame   0x00000160       0x20 d:/avr/sdk_win_64/sdk_win_64/winavr/bin/../lib/gcc/avr/4.3.3/avr5\libgcc.a(_clzsi2.o)
 .debug_frame   0x00000180       0x20 d:/avr/sdk_win_64/sdk_win_64/winavr/bin/../lib/gcc/avr/4.3.3/avr5\libgcc.a(_pack_sf.o)
 .debug_frame   0x000001a0       0x20 d:/avr/sdk_win_64/sdk_win_64/winavr/bin/../lib/gcc/avr/4.3.3/avr5\libgcc.a(_unpack_sf.o)
 .debug_frame   0x000001c0       0x20 d:/avr/sdk_win_64/sdk_win_64/winavr/bin/../lib/gcc/avr/4.3.3/avr5\libgcc.a(_fpcmp_parts_sf.o)

.debug_str      0x00000000      0x2fb
 *(.debug_str)
 .debug_str     0x00000000       0xbf d:/avr/sdk_win_64/sdk_win_64/winavr/bin/../lib/gcc/avr/4.3.3/avr5\libgcc.a(_fixunssfsi.o)
                                 0xfe (size before relaxing)
 .debug_str     0x000000bf      0x14d d:/avr/sdk_win_64/sdk_win_64/winavr/bin/../lib/gcc/avr/4.3.3/avr5\libgcc.a(_addsub_sf.o)
                                0x206 (size before relaxing)
 .debug_str     0x0000020c       0x27 d:/avr/sdk_win_64/sdk_win_64/winavr/bin/../lib/gcc/avr/4.3.3/avr5\libgcc.a(_mul_sf.o)
                                0x1bf (size before relaxing)
 .debug_str     0x00000233       0x35 d:/avr/sdk_win_64/sdk_win_64/winavr/bin/../lib/gcc/avr/4.3.3/avr5\libgcc.a(_div_sf.o)
                                0x1c8 (size before relaxing)
 .debug_str     0x00000268        0x8 d:/avr/sdk_win_64/sdk_win_64/winavr/bin/../lib/gcc/avr/4.3.3/avr5\libgcc.a(_gt_sf.o)
                                0x195 (size before relaxing)
 .debug_str     0x00000270        0x8 d:/avr/sdk_win_64/sdk_win_64/winavr/bin/../lib/gcc/avr/4.3.3/avr5\libgcc.a(_ge_sf.o)
                                0x195 (size before relaxing)
 .debug_str     0x00000278        0x8 d:/avr/sdk_win_64/sdk_win_64/winavr/bin/../lib/gcc/avr/4.3.3/avr5\libgcc.a(_lt_sf.o)
                                0x195 (size before relaxing)
 .debug_str     0x00000280        0x8 d:/avr/sdk_win_64/sdk_win_64/winavr/bin/../lib/gcc/avr/4.3.3/avr5\libgcc.a(_le_sf.o)
                                0x195 (size before relaxing)
 .debug_str     0x00000288       0x1e d:/avr/sdk_win_64/sdk_win_64/winavr/bin/../lib/gcc/avr/4.3.3/avr5\libgcc.a(_si_to_sf.o)
                                0x17b (size before relaxing)
 .debug_str     0x000002a6        0xa d:/avr/sdk_win_64/sdk_win_64/winavr/bin/../lib/gcc/avr/4.3.3/avr5\libgcc.a(_sf_to_si.o)
                                0x19e (size before relaxing)
 .debug_str     0x00000000      0x103 d:/avr/sdk_win_64/sdk_win_64/winavr/bin/../lib/gcc/avr/4.3.3/avr5\libgcc.a(_thenan_sf.o)
 .debug_str     0x000002b0       0x20 d:/avr/sdk_win_64/sdk_win_64/winavr/bin/../lib/gcc/avr/4.3.3/avr5\libgcc.a(_clzsi2.o)
                                0x111 (size before relaxing)
 .debug_str     0x000002d0       0x10 d:/avr/sdk_win_64/sdk_win_64/winavr/bin/../lib/gcc/avr/4.3.3/avr5\libgcc.a(_pack_sf.o)
                                0x19d (size before relaxing)
 .debug_str     0x000002e0        0xb d:/avr/sdk_win_64/sdk_win_64/winavr/bin/../lib/gcc/avr/4.3.3/avr5\libgcc.a(_unpack_sf.o)
                                0x17f (size before relaxing)
 .debug_str     0x000002eb       0x10 d:/avr/sdk_win_64/sdk_win_64/winavr/bin/../lib/gcc/avr/4.3.3/avr5\libgcc.a(_fpcmp_parts_sf.o)
                                0x163 (size before relaxing)
 .debug_str     0x00000000       0xf4 d:/avr/sdk_win_64/sdk_win_64/winavr/bin/../lib/gcc/avr/4.3.3/avr5\libgcc.a(_clz.o)

.debug_loc      0x00000000      0xa0a
 *(.debug_loc)
 .debug_loc     0x00000000       0x34 d:/avr/sdk_win_64/sdk_win_64/winavr/bin/../lib/gcc/avr/4.3.3/avr5\libgcc.a(_fixunssfsi.o)
 .debug_loc     0x00000034      0x32a d:/avr/sdk_win_64/sdk_win_64/winavr/bin/../lib/gcc/avr/4.3.3/avr5\libgcc.a(_addsub_sf.o)
 .debug_loc     0x0000035e      0x104 d:/avr/sdk_win_64/sdk_win_64/winavr/bin/../lib/gcc/avr/4.3.3/avr5\libgcc.a(_mul_sf.o)
 .debug_loc     0x00000462       0xc0 d:/avr/sdk_win_64/sdk_win_64/winavr/bin/../lib/gcc/avr/4.3.3/avr5\libgcc.a(_div_sf.o)
 .debug_loc     0x00000522       0x3c d:/avr/sdk_win_64/sdk_win_64/winavr/bin/../lib/gcc/avr/4.3.3/avr5\libgcc.a(_gt_sf.o)
 .debug_loc     0x0000055e       0x3c d:/avr/sdk_win_64/sdk_win_64/winavr/bin/../lib/gcc/avr/4.3.3/avr5\libgcc.a(_ge_sf.o)
 .debug_loc     0x0000059a       0x3c d:/avr/sdk_win_64/sdk_win_64/winavr/bin/../lib/gcc/avr/4.3.3/avr5\libgcc.a(_lt_sf.o)
 .debug_loc     0x000005d6       0x3c d:/avr/sdk_win_64/sdk_win_64/winavr/bin/../lib/gcc/avr/4.3.3/avr5\libgcc.a(_le_sf.o)
 .debug_loc     0x00000612       0xac d:/avr/sdk_win_64/sdk_win_64/winavr/bin/../lib/gcc/avr/4.3.3/avr5\libgcc.a(_si_to_sf.o)
 .debug_loc     0x000006be       0x7e d:/avr/sdk_win_64/sdk_win_64/winavr/bin/../lib/gcc/avr/4.3.3/avr5\libgcc.a(_sf_to_si.o)
 .debug_loc     0x0000073c       0x94 d:/avr/sdk_win_64/sdk_win_64/winavr/bin/../lib/gcc/avr/4.3.3/avr5\libgcc.a(_clzsi2.o)
 .debug_loc     0x000007d0      0x13e d:/avr/sdk_win_64/sdk_win_64/winavr/bin/../lib/gcc/avr/4.3.3/avr5\libgcc.a(_pack_sf.o)
 .debug_loc     0x0000090e       0xac d:/avr/sdk_win_64/sdk_win_64/winavr/bin/../lib/gcc/avr/4.3.3/avr5\libgcc.a(_unpack_sf.o)
 .debug_loc     0x000009ba       0x50 d:/avr/sdk_win_64/sdk_win_64/winavr/bin/../lib/gcc/avr/4.3.3/avr5\libgcc.a(_fpcmp_parts_sf.o)

.debug_macinfo
 *(.debug_macinfo)
OUTPUT(Autonomous_Car.elf elf32-avr)
LOAD linker stubs

.debug_ranges   0x00000000       0x50
 .debug_ranges  0x00000000       0x50 d:/avr/sdk_win_64/sdk_win_64/winavr/bin/../lib/gcc/avr/4.3.3/avr5\libgcc.a(_mul_sf.o)
