Archive member included because of file (symbol)

d:/interface/sdk_win_64/sdk_win_64/winavr/bin/../lib/gcc/avr/4.3.3/avr5\libgcc.a(_mulsi3.o)
                              ./MCAL/ADC/ADC.o (__mulsi3)
d:/interface/sdk_win_64/sdk_win_64/winavr/bin/../lib/gcc/avr/4.3.3/avr5\libgcc.a(_udivmodsi4.o)
                              ./MCAL/Timer 1/Timer1.o (__udivmodsi4)
d:/interface/sdk_win_64/sdk_win_64/winavr/bin/../lib/gcc/avr/4.3.3/avr5\libgcc.a(_exit.o)
                              d:/interface/sdk_win_64/sdk_win_64/winavr/bin/../lib/gcc/avr/4.3.3/../../../../avr/lib/avr5/crtm32.o (exit)
d:/interface/sdk_win_64/sdk_win_64/winavr/bin/../lib/gcc/avr/4.3.3/avr5\libgcc.a(_copy_data.o)
                              ./HAL/KeyPad/KeyPad.o (__do_copy_data)
d:/interface/sdk_win_64/sdk_win_64/winavr/bin/../lib/gcc/avr/4.3.3/avr5\libgcc.a(_clear_bss.o)
                              ./SERVICE/ICU_Interface.o (__do_clear_bss)
d:/interface/sdk_win_64/sdk_win_64/winavr/bin/../lib/gcc/avr/4.3.3/avr5\libgcc.a(_fixunssfsi.o)
                              ./MCAL/Timer 1/Timer1.o (__fixunssfsi)
d:/interface/sdk_win_64/sdk_win_64/winavr/bin/../lib/gcc/avr/4.3.3/avr5\libgcc.a(_addsub_sf.o)
                              d:/interface/sdk_win_64/sdk_win_64/winavr/bin/../lib/gcc/avr/4.3.3/avr5\libgcc.a(_fixunssfsi.o) (__subsf3)
d:/interface/sdk_win_64/sdk_win_64/winavr/bin/../lib/gcc/avr/4.3.3/avr5\libgcc.a(_mul_sf.o)
                              ./MCAL/Timer 1/Timer1.o (__mulsf3)
d:/interface/sdk_win_64/sdk_win_64/winavr/bin/../lib/gcc/avr/4.3.3/avr5\libgcc.a(_div_sf.o)
                              ./MCAL/Timer 1/Timer1.o (__divsf3)
d:/interface/sdk_win_64/sdk_win_64/winavr/bin/../lib/gcc/avr/4.3.3/avr5\libgcc.a(_gt_sf.o)
                              ./MCAL/Timer 1/Timer1.o (__gtsf2)
d:/interface/sdk_win_64/sdk_win_64/winavr/bin/../lib/gcc/avr/4.3.3/avr5\libgcc.a(_ge_sf.o)
                              d:/interface/sdk_win_64/sdk_win_64/winavr/bin/../lib/gcc/avr/4.3.3/avr5\libgcc.a(_fixunssfsi.o) (__gesf2)
d:/interface/sdk_win_64/sdk_win_64/winavr/bin/../lib/gcc/avr/4.3.3/avr5\libgcc.a(_lt_sf.o)
                              ./HAL/LCD/LCD.o (__ltsf2)
d:/interface/sdk_win_64/sdk_win_64/winavr/bin/../lib/gcc/avr/4.3.3/avr5\libgcc.a(_le_sf.o)
                              ./MCAL/Timer 1/Timer1.o (__lesf2)
d:/interface/sdk_win_64/sdk_win_64/winavr/bin/../lib/gcc/avr/4.3.3/avr5\libgcc.a(_si_to_sf.o)
                              ./MCAL/Timer 1/Timer1.o (__floatsisf)
d:/interface/sdk_win_64/sdk_win_64/winavr/bin/../lib/gcc/avr/4.3.3/avr5\libgcc.a(_sf_to_si.o)
                              d:/interface/sdk_win_64/sdk_win_64/winavr/bin/../lib/gcc/avr/4.3.3/avr5\libgcc.a(_fixunssfsi.o) (__fixsfsi)
d:/interface/sdk_win_64/sdk_win_64/winavr/bin/../lib/gcc/avr/4.3.3/avr5\libgcc.a(_thenan_sf.o)
                              d:/interface/sdk_win_64/sdk_win_64/winavr/bin/../lib/gcc/avr/4.3.3/avr5\libgcc.a(_addsub_sf.o) (__thenan_sf)
d:/interface/sdk_win_64/sdk_win_64/winavr/bin/../lib/gcc/avr/4.3.3/avr5\libgcc.a(_usi_to_sf.o)
                              ./MCAL/Timer 0/Timer_0.o (__floatunsisf)
d:/interface/sdk_win_64/sdk_win_64/winavr/bin/../lib/gcc/avr/4.3.3/avr5\libgcc.a(_prologue.o)
                              d:/interface/sdk_win_64/sdk_win_64/winavr/bin/../lib/gcc/avr/4.3.3/avr5\libgcc.a(_addsub_sf.o) (__prologue_saves__)
d:/interface/sdk_win_64/sdk_win_64/winavr/bin/../lib/gcc/avr/4.3.3/avr5\libgcc.a(_epilogue.o)
                              d:/interface/sdk_win_64/sdk_win_64/winavr/bin/../lib/gcc/avr/4.3.3/avr5\libgcc.a(_addsub_sf.o) (__epilogue_restores__)
d:/interface/sdk_win_64/sdk_win_64/winavr/bin/../lib/gcc/avr/4.3.3/avr5\libgcc.a(_clzsi2.o)
                              d:/interface/sdk_win_64/sdk_win_64/winavr/bin/../lib/gcc/avr/4.3.3/avr5\libgcc.a(_si_to_sf.o) (__clzsi2)
d:/interface/sdk_win_64/sdk_win_64/winavr/bin/../lib/gcc/avr/4.3.3/avr5\libgcc.a(_pack_sf.o)
                              d:/interface/sdk_win_64/sdk_win_64/winavr/bin/../lib/gcc/avr/4.3.3/avr5\libgcc.a(_addsub_sf.o) (__pack_f)
d:/interface/sdk_win_64/sdk_win_64/winavr/bin/../lib/gcc/avr/4.3.3/avr5\libgcc.a(_unpack_sf.o)
                              d:/interface/sdk_win_64/sdk_win_64/winavr/bin/../lib/gcc/avr/4.3.3/avr5\libgcc.a(_addsub_sf.o) (__unpack_f)
d:/interface/sdk_win_64/sdk_win_64/winavr/bin/../lib/gcc/avr/4.3.3/avr5\libgcc.a(_fpcmp_parts_sf.o)
                              d:/interface/sdk_win_64/sdk_win_64/winavr/bin/../lib/gcc/avr/4.3.3/avr5\libgcc.a(_gt_sf.o) (__fpcmp_parts_f)
d:/interface/sdk_win_64/sdk_win_64/winavr/bin/../lib/gcc/avr/4.3.3/avr5\libgcc.a(_clz.o)
                              d:/interface/sdk_win_64/sdk_win_64/winavr/bin/../lib/gcc/avr/4.3.3/avr5\libgcc.a(_clzsi2.o) (__clz_tab)
d:/interface/sdk_win_64/sdk_win_64/winavr/bin/../lib/gcc/avr/4.3.3/../../../../avr/lib/avr5\libc.a(memcpy.o)
                              ./FreeRtos/queue.o (memcpy)
d:/interface/sdk_win_64/sdk_win_64/winavr/bin/../lib/gcc/avr/4.3.3/../../../../avr/lib/avr5\libc.a(itoa.o)
                              ./HAL/LCD/LCD.o (itoa)
d:/interface/sdk_win_64/sdk_win_64/winavr/bin/../lib/gcc/avr/4.3.3/../../../../avr/lib/avr5\libc.a(strrev.o)
                              d:/interface/sdk_win_64/sdk_win_64/winavr/bin/../lib/gcc/avr/4.3.3/../../../../avr/lib/avr5\libc.a(itoa.o) (strrev)
d:/interface/sdk_win_64/sdk_win_64/winavr/bin/../lib/gcc/avr/4.3.3/avr5\libgcc.a(_udivmodhi4.o)
                              d:/interface/sdk_win_64/sdk_win_64/winavr/bin/../lib/gcc/avr/4.3.3/../../../../avr/lib/avr5\libc.a(itoa.o) (__udivmodhi4)

Allocating common symbols
Common symbol       size              file

Glob_TickTime       0x4               ./MCAL/Timer 0/Timer_0.o

Memory Configuration

Name             Origin             Length             Attributes
text             0x00000000         0x00020000         xr
data             0x00800060         0x0000ffa0         rw !x
eeprom           0x00810000         0x00010000         rw !x
fuse             0x00820000         0x00000400         rw !x
lock             0x00830000         0x00000400         rw !x
signature        0x00840000         0x00000400         rw !x
*default*        0x00000000         0xffffffff

Linker script and memory map

LOAD d:/interface/sdk_win_64/sdk_win_64/winavr/bin/../lib/gcc/avr/4.3.3/../../../../avr/lib/avr5/crtm32.o
LOAD ./SERVICE/ICU_Interface.o
LOAD ./MCAL/WDT/WDT.o
LOAD ./MCAL/UART/UART.o
LOAD ./MCAL/Timer 1/Timer1.o
LOAD ./MCAL/Timer 0/Timer_0.o
LOAD ./MCAL/TWI/TWI.o
LOAD ./MCAL/SPI/SPI.o
LOAD ./MCAL/Interrupt/Interrupt.o
LOAD ./MCAL/DIO/DIO.o
LOAD ./MCAL/ADC/ADC.o
LOAD ./HAL/Servo Motor/Servo_Motor.o
LOAD ./HAL/Push Button/PushButton.o
LOAD ./HAL/Potentiometer/Potentiometer.o
LOAD ./HAL/LED/LED.o
LOAD ./HAL/LCD/LCD.o
LOAD ./HAL/KeyPad/KeyPad.o
LOAD ./HAL/H_Bridge/H_Bridge.o
LOAD ./HAL/Buzzer/Buzzer.o
LOAD ./FreeRtos/heap_2.o
LOAD ./FreeRtos/list.o
LOAD ./FreeRtos/port.o
LOAD ./FreeRtos/queue.o
LOAD ./FreeRtos/tasks.o
LOAD ./Application/Autonomous_Car/Autonomous_Car.o
LOAD ./Application/main.o
LOAD d:/interface/sdk_win_64/sdk_win_64/winavr/bin/../lib/gcc/avr/4.3.3/avr5\libgcc.a
LOAD d:/interface/sdk_win_64/sdk_win_64/winavr/bin/../lib/gcc/avr/4.3.3/../../../../avr/lib/avr5\libc.a
LOAD d:/interface/sdk_win_64/sdk_win_64/winavr/bin/../lib/gcc/avr/4.3.3/avr5\libgcc.a

.hash
 *(.hash)

.dynsym
 *(.dynsym)

.dynstr
 *(.dynstr)

.gnu.version
 *(.gnu.version)

.gnu.version_d
 *(.gnu.version_d)

.gnu.version_r
 *(.gnu.version_r)

.rel.init
 *(.rel.init)

.rela.init
 *(.rela.init)

.rel.text
 *(.rel.text)
 *(.rel.text.*)
 *(.rel.gnu.linkonce.t*)

.rela.text
 *(.rela.text)
 *(.rela.text.*)
 *(.rela.gnu.linkonce.t*)

.rel.fini
 *(.rel.fini)

.rela.fini
 *(.rela.fini)

.rel.rodata
 *(.rel.rodata)
 *(.rel.rodata.*)
 *(.rel.gnu.linkonce.r*)

.rela.rodata
 *(.rela.rodata)
 *(.rela.rodata.*)
 *(.rela.gnu.linkonce.r*)

.rel.data
 *(.rel.data)
 *(.rel.data.*)
 *(.rel.gnu.linkonce.d*)

.rela.data
 *(.rela.data)
 *(.rela.data.*)
 *(.rela.gnu.linkonce.d*)

.rel.ctors
 *(.rel.ctors)

.rela.ctors
 *(.rela.ctors)

.rel.dtors
 *(.rel.dtors)

.rela.dtors
 *(.rela.dtors)

.rel.got
 *(.rel.got)

.rela.got
 *(.rela.got)

.rel.bss
 *(.rel.bss)

.rela.bss
 *(.rela.bss)

.rel.plt
 *(.rel.plt)

.rela.plt
 *(.rela.plt)

.text           0x00000000     0x8eca
 *(.vectors)
 .vectors       0x00000000       0x54 d:/interface/sdk_win_64/sdk_win_64/winavr/bin/../lib/gcc/avr/4.3.3/../../../../avr/lib/avr5/crtm32.o
                0x00000000                __vectors
                0x00000000                __vector_default
 *(.vectors)
 *(.progmem.gcc*)
 *(.progmem*)
                0x00000054                . = ALIGN (0x2)
                0x00000054                __trampolines_start = .
 *(.trampolines)
 .trampolines   0x00000054        0x0 linker stubs
 *(.trampolines*)
                0x00000054                __trampolines_end = .
 *(.jumptables)
 *(.jumptables*)
 *(.lowtext)
 *(.lowtext*)
                0x00000054                __ctors_start = .
 *(.ctors)
                0x00000054                __ctors_end = .
                0x00000054                __dtors_start = .
 *(.dtors)
                0x00000054                __dtors_end = .
 SORT(*)(.ctors)
 SORT(*)(.dtors)
 *(.init0)
 .init0         0x00000054        0x0 d:/interface/sdk_win_64/sdk_win_64/winavr/bin/../lib/gcc/avr/4.3.3/../../../../avr/lib/avr5/crtm32.o
                0x00000054                __init
 *(.init0)
 *(.init1)
 *(.init1)
 *(.init2)
 .init2         0x00000054        0xc d:/interface/sdk_win_64/sdk_win_64/winavr/bin/../lib/gcc/avr/4.3.3/../../../../avr/lib/avr5/crtm32.o
 *(.init2)
 *(.init3)
 *(.init3)
 *(.init4)
 .init4         0x00000060       0x16 d:/interface/sdk_win_64/sdk_win_64/winavr/bin/../lib/gcc/avr/4.3.3/avr5\libgcc.a(_copy_data.o)
                0x00000060                __do_copy_data
 .init4         0x00000076       0x10 d:/interface/sdk_win_64/sdk_win_64/winavr/bin/../lib/gcc/avr/4.3.3/avr5\libgcc.a(_clear_bss.o)
                0x00000076                __do_clear_bss
 *(.init4)
 *(.init5)
 *(.init5)
 *(.init6)
 *(.init6)
 *(.init7)
 *(.init7)
 *(.init8)
 *(.init8)
 *(.init9)
 .init9         0x00000086        0x8 d:/interface/sdk_win_64/sdk_win_64/winavr/bin/../lib/gcc/avr/4.3.3/../../../../avr/lib/avr5/crtm32.o
 *(.init9)
 *(.text)
 .text          0x0000008e        0x4 d:/interface/sdk_win_64/sdk_win_64/winavr/bin/../lib/gcc/avr/4.3.3/../../../../avr/lib/avr5/crtm32.o
                0x0000008e                __vector_12
                0x0000008e                __bad_interrupt
                0x0000008e                __vector_13
                0x0000008e                __vector_17
                0x0000008e                __vector_19
                0x0000008e                __vector_5
                0x0000008e                __vector_4
                0x0000008e                __vector_15
                0x0000008e                __vector_14
                0x0000008e                __vector_18
                0x0000008e                __vector_20
 .text          0x00000092        0x0 ./SERVICE/ICU_Interface.o
 .text          0x00000092        0x0 ./MCAL/WDT/WDT.o
 .text          0x00000092        0x0 ./MCAL/UART/UART.o
 .text          0x00000092        0x0 ./MCAL/Timer 1/Timer1.o
 .text          0x00000092        0x0 ./MCAL/Timer 0/Timer_0.o
 .text          0x00000092        0x0 ./MCAL/TWI/TWI.o
 .text          0x00000092        0x0 ./MCAL/SPI/SPI.o
 .text          0x00000092        0x0 ./MCAL/Interrupt/Interrupt.o
 .text          0x00000092        0x0 ./MCAL/DIO/DIO.o
 .text          0x00000092        0x0 ./MCAL/ADC/ADC.o
 .text          0x00000092        0x0 ./HAL/Servo Motor/Servo_Motor.o
 .text          0x00000092        0x0 ./HAL/Push Button/PushButton.o
 .text          0x00000092        0x0 ./HAL/Potentiometer/Potentiometer.o
 .text          0x00000092        0x0 ./HAL/LED/LED.o
 .text          0x00000092        0x0 ./HAL/LCD/LCD.o
 .text          0x00000092        0x0 ./HAL/KeyPad/KeyPad.o
 .text          0x00000092        0x0 ./HAL/H_Bridge/H_Bridge.o
 .text          0x00000092        0x0 ./HAL/Buzzer/Buzzer.o
 .text          0x00000092        0x0 ./FreeRtos/heap_2.o
 .text          0x00000092        0x0 ./FreeRtos/list.o
 .text          0x00000092        0x0 ./FreeRtos/port.o
 .text          0x00000092        0x0 ./FreeRtos/queue.o
 .text          0x00000092        0x0 ./FreeRtos/tasks.o
 .text          0x00000092        0x0 ./Application/Autonomous_Car/Autonomous_Car.o
 .text          0x00000092        0x0 ./Application/main.o
 .text          0x00000092        0x0 d:/interface/sdk_win_64/sdk_win_64/winavr/bin/../lib/gcc/avr/4.3.3/avr5\libgcc.a(_mulsi3.o)
 .text          0x00000092        0x0 d:/interface/sdk_win_64/sdk_win_64/winavr/bin/../lib/gcc/avr/4.3.3/avr5\libgcc.a(_udivmodsi4.o)
 .text          0x00000092        0x0 d:/interface/sdk_win_64/sdk_win_64/winavr/bin/../lib/gcc/avr/4.3.3/avr5\libgcc.a(_exit.o)
 .text          0x00000092        0x0 d:/interface/sdk_win_64/sdk_win_64/winavr/bin/../lib/gcc/avr/4.3.3/avr5\libgcc.a(_copy_data.o)
 .text          0x00000092        0x0 d:/interface/sdk_win_64/sdk_win_64/winavr/bin/../lib/gcc/avr/4.3.3/avr5\libgcc.a(_clear_bss.o)
 .text          0x00000092       0x58 d:/interface/sdk_win_64/sdk_win_64/winavr/bin/../lib/gcc/avr/4.3.3/avr5\libgcc.a(_fixunssfsi.o)
                0x00000092                __fixunssfsi
 .text          0x000000ea      0x354 d:/interface/sdk_win_64/sdk_win_64/winavr/bin/../lib/gcc/avr/4.3.3/avr5\libgcc.a(_addsub_sf.o)
                0x00000382                __subsf3
                0x000003e4                __addsf3
 .text          0x0000043e      0x1f4 d:/interface/sdk_win_64/sdk_win_64/winavr/bin/../lib/gcc/avr/4.3.3/avr5\libgcc.a(_mul_sf.o)
                0x0000043e                __mulsf3
 .text          0x00000632      0x158 d:/interface/sdk_win_64/sdk_win_64/winavr/bin/../lib/gcc/avr/4.3.3/avr5\libgcc.a(_div_sf.o)
                0x00000632                __divsf3
 .text          0x0000078a       0x60 d:/interface/sdk_win_64/sdk_win_64/winavr/bin/../lib/gcc/avr/4.3.3/avr5\libgcc.a(_gt_sf.o)
                0x0000078a                __gtsf2
 .text          0x000007ea       0x60 d:/interface/sdk_win_64/sdk_win_64/winavr/bin/../lib/gcc/avr/4.3.3/avr5\libgcc.a(_ge_sf.o)
                0x000007ea                __gesf2
 .text          0x0000084a       0x60 d:/interface/sdk_win_64/sdk_win_64/winavr/bin/../lib/gcc/avr/4.3.3/avr5\libgcc.a(_lt_sf.o)
                0x0000084a                __ltsf2
 .text          0x000008aa       0x60 d:/interface/sdk_win_64/sdk_win_64/winavr/bin/../lib/gcc/avr/4.3.3/avr5\libgcc.a(_le_sf.o)
                0x000008aa                __lesf2
 .text          0x0000090a       0xbc d:/interface/sdk_win_64/sdk_win_64/winavr/bin/../lib/gcc/avr/4.3.3/avr5\libgcc.a(_si_to_sf.o)
                0x0000090a                __floatsisf
 .text          0x000009c6       0xa8 d:/interface/sdk_win_64/sdk_win_64/winavr/bin/../lib/gcc/avr/4.3.3/avr5\libgcc.a(_sf_to_si.o)
                0x000009c6                __fixsfsi
 .text          0x00000a6e        0x0 d:/interface/sdk_win_64/sdk_win_64/winavr/bin/../lib/gcc/avr/4.3.3/avr5\libgcc.a(_thenan_sf.o)
 .text          0x00000a6e       0xf2 d:/interface/sdk_win_64/sdk_win_64/winavr/bin/../lib/gcc/avr/4.3.3/avr5\libgcc.a(_usi_to_sf.o)
                0x00000a6e                __floatunsisf
 .text          0x00000b60        0x0 d:/interface/sdk_win_64/sdk_win_64/winavr/bin/../lib/gcc/avr/4.3.3/avr5\libgcc.a(_prologue.o)
 .text          0x00000b60        0x0 d:/interface/sdk_win_64/sdk_win_64/winavr/bin/../lib/gcc/avr/4.3.3/avr5\libgcc.a(_epilogue.o)
 .text          0x00000b60       0x9e d:/interface/sdk_win_64/sdk_win_64/winavr/bin/../lib/gcc/avr/4.3.3/avr5\libgcc.a(_clzsi2.o)
                0x00000b60                __clzsi2
 .text          0x00000bfe      0x1aa d:/interface/sdk_win_64/sdk_win_64/winavr/bin/../lib/gcc/avr/4.3.3/avr5\libgcc.a(_pack_sf.o)
                0x00000bfe                __pack_f
 .text          0x00000da8       0xf0 d:/interface/sdk_win_64/sdk_win_64/winavr/bin/../lib/gcc/avr/4.3.3/avr5\libgcc.a(_unpack_sf.o)
                0x00000da8                __unpack_f
 .text          0x00000e98       0xb2 d:/interface/sdk_win_64/sdk_win_64/winavr/bin/../lib/gcc/avr/4.3.3/avr5\libgcc.a(_fpcmp_parts_sf.o)
                0x00000e98                __fpcmp_parts_f
 .text          0x00000f4a        0x0 d:/interface/sdk_win_64/sdk_win_64/winavr/bin/../lib/gcc/avr/4.3.3/avr5\libgcc.a(_clz.o)
 .text          0x00000f4a        0x0 d:/interface/sdk_win_64/sdk_win_64/winavr/bin/../lib/gcc/avr/4.3.3/../../../../avr/lib/avr5\libc.a(memcpy.o)
 .text          0x00000f4a        0x0 d:/interface/sdk_win_64/sdk_win_64/winavr/bin/../lib/gcc/avr/4.3.3/../../../../avr/lib/avr5\libc.a(itoa.o)
 .text          0x00000f4a        0x0 d:/interface/sdk_win_64/sdk_win_64/winavr/bin/../lib/gcc/avr/4.3.3/../../../../avr/lib/avr5\libc.a(strrev.o)
 .text          0x00000f4a        0x0 d:/interface/sdk_win_64/sdk_win_64/winavr/bin/../lib/gcc/avr/4.3.3/avr5\libgcc.a(_udivmodhi4.o)
                0x00000f4a                . = ALIGN (0x2)
 *(.text.*)
 .text.ICU_SW_init
                0x00000f4a       0xcc ./SERVICE/ICU_Interface.o
                0x00000f4a                ICU_SW_init
 .text.ICU_SW   0x00001016       0xae ./SERVICE/ICU_Interface.o
                0x00001016                ICU_SW
 .text.MCAL_WDT_u8Enable
                0x000010c4       0x2a ./MCAL/WDT/WDT.o
                0x000010c4                MCAL_WDT_u8Enable
 .text.MCAL_WDT_u8SetTime
                0x000010ee      0x1a2 ./MCAL/WDT/WDT.o
                0x000010ee                MCAL_WDT_u8SetTime
 .text.MCAL_WDT_u8Disable
                0x00001290       0x1c ./MCAL/WDT/WDT.o
                0x00001290                MCAL_WDT_u8Disable
 .text.MCAL_UART_UARTInit
                0x000012ac       0x40 ./MCAL/UART/UART.o
                0x000012ac                MCAL_UART_UARTInit
 .text.MCAL_UART_UARTTransmit
                0x000012ec       0x5c ./MCAL/UART/UART.o
                0x000012ec                MCAL_UART_UARTTransmit
 .text.MCAL_UART_UARTReceive
                0x00001348       0x2e ./MCAL/UART/UART.o
                0x00001348                MCAL_UART_UARTReceive
 .text.MCAL_T1_u8T1Init
                0x00001376      0x442 ./MCAL/Timer 1/Timer1.o
                0x00001376                MCAL_T1_u8T1Init
 .text.MCAL_T1_u8T1Prescaler
                0x000017b8      0x230 ./MCAL/Timer 1/Timer1.o
                0x000017b8                MCAL_T1_u8T1Prescaler
 .text.MCAL_T1_u8T1CompareOutputMode
                0x000019e8      0x10e ./MCAL/Timer 1/Timer1.o
                0x000019e8                MCAL_T1_u8T1CompareOutputMode
 .text.MCAL_T1_voidNoiseCancller
                0x00001af6       0x1c ./MCAL/Timer 1/Timer1.o
                0x00001af6                MCAL_T1_voidNoiseCancller
 .text.MCAL_T1_voidSetTCNT1Value
                0x00001b12       0x24 ./MCAL/Timer 1/Timer1.o
                0x00001b12                MCAL_T1_voidSetTCNT1Value
 .text.MCAL_T1_voidGetTCNT1Value
                0x00001b36       0x30 ./MCAL/Timer 1/Timer1.o
                0x00001b36                MCAL_T1_voidGetTCNT1Value
 .text.MCAL_T1_voidSetOCR1AValue
                0x00001b66       0x24 ./MCAL/Timer 1/Timer1.o
                0x00001b66                MCAL_T1_voidSetOCR1AValue
 .text.MCAL_T1_voidSetOCR1BValue
                0x00001b8a       0x24 ./MCAL/Timer 1/Timer1.o
                0x00001b8a                MCAL_T1_voidSetOCR1BValue
 .text.MCAL_T1_voidSetICR1Value
                0x00001bae       0x24 ./MCAL/Timer 1/Timer1.o
                0x00001bae                MCAL_T1_voidSetICR1Value
 .text.MCAL_T1_voidGetICR1Value
                0x00001bd2       0x30 ./MCAL/Timer 1/Timer1.o
                0x00001bd2                MCAL_T1_voidGetICR1Value
 .text.MCAL_T1_voidTCNT1_GIEEnable
                0x00001c02       0x2a ./MCAL/Timer 1/Timer1.o
                0x00001c02                MCAL_T1_voidTCNT1_GIEEnable
 .text.MCAL_T1_voidTCNT1_GIEDisable
                0x00001c2c       0x1c ./MCAL/Timer 1/Timer1.o
                0x00001c2c                MCAL_T1_voidTCNT1_GIEDisable
 .text.MCAL_T1_voidOCR1B_GIEEnable
                0x00001c48       0x2a ./MCAL/Timer 1/Timer1.o
                0x00001c48                MCAL_T1_voidOCR1B_GIEEnable
 .text.MCAL_T1_voidOCR1B_GIEDisable
                0x00001c72       0x1c ./MCAL/Timer 1/Timer1.o
                0x00001c72                MCAL_T1_voidOCR1B_GIEDisable
 .text.MCAL_T1_voidOCR1A_GIEEnable
                0x00001c8e       0x2a ./MCAL/Timer 1/Timer1.o
                0x00001c8e                MCAL_T1_voidOCR1A_GIEEnable
 .text.MCAL_T1_voidOCR1A_GIEDisable
                0x00001cb8       0x1c ./MCAL/Timer 1/Timer1.o
                0x00001cb8                MCAL_T1_voidOCR1A_GIEDisable
 .text.MCAL_T1_voidICR1_GIEEnable
                0x00001cd4       0x2a ./MCAL/Timer 1/Timer1.o
                0x00001cd4                MCAL_T1_voidICR1_GIEEnable
 .text.MCAL_T1_voidICR1_GIEDisable
                0x00001cfe       0x1c ./MCAL/Timer 1/Timer1.o
                0x00001cfe                MCAL_T1_voidICR1_GIEDisable
 .text.MCAL_T1_u8T1DelayNormalMode
                0x00001d1a      0x17c ./MCAL/Timer 1/Timer1.o
                0x00001d1a                MCAL_T1_u8T1DelayNormalMode
 .text.MCAL_T1_voidDelayCTCMode
                0x00001e96       0xf6 ./MCAL/Timer 1/Timer1.o
                0x00001e96                MCAL_T1_voidDelayCTCMode
 .text.MCAL_T1_voidSetTriggerEdge
                0x00001f8c       0x44 ./MCAL/Timer 1/Timer1.o
                0x00001f8c                MCAL_T1_voidSetTriggerEdge
 .text.MCAL_T1_u8T1_Callback
                0x00001fd0       0x38 ./MCAL/Timer 1/Timer1.o
                0x00001fd0                MCAL_T1_u8T1_Callback
 .text.__vector_9
                0x00002008       0x66 ./MCAL/Timer 1/Timer1.o
                0x00002008                __vector_9
 .text.__vector_8
                0x0000206e       0x66 ./MCAL/Timer 1/Timer1.o
                0x0000206e                __vector_8
 .text.__vector_6
                0x000020d4       0x66 ./MCAL/Timer 1/Timer1.o
                0x000020d4                __vector_6
 .text.MCAL_T1_FPWM_10bitRES
                0x0000213a       0xee ./MCAL/Timer 1/Timer1.o
                0x0000213a                MCAL_T1_FPWM_10bitRES
 .text.MCAL_Timer0_Init
                0x00002228      0x38e ./MCAL/Timer 0/Timer_0.o
                0x00002228                MCAL_Timer0_Init
 .text.MCAL_Timer0_SetPreloadValue
                0x000025b6       0x1c ./MCAL/Timer 0/Timer_0.o
                0x000025b6                MCAL_Timer0_SetPreloadValue
 .text.MCAL_Timer0_SetCompareValue
                0x000025d2       0x1c ./MCAL/Timer 0/Timer_0.o
                0x000025d2                MCAL_Timer0_SetCompareValue
 .text.MCAL_Timer0_EnableNormalMode
                0x000025ee       0x1c ./MCAL/Timer 0/Timer_0.o
                0x000025ee                MCAL_Timer0_EnableNormalMode
 .text.MCAL_Timer0_DisableNormalMode
                0x0000260a       0x1c ./MCAL/Timer 0/Timer_0.o
                0x0000260a                MCAL_Timer0_DisableNormalMode
 .text.MCAL_Timer0_EnableCTCMode
                0x00002626       0x1c ./MCAL/Timer 0/Timer_0.o
                0x00002626                MCAL_Timer0_EnableCTCMode
 .text.MCAL_Timer0_DisableCTCMode
                0x00002642       0x1c ./MCAL/Timer 0/Timer_0.o
                0x00002642                MCAL_Timer0_DisableCTCMode
 .text.MCAL_Timer0_Delayms_NormalMode
                0x0000265e       0xfc ./MCAL/Timer 0/Timer_0.o
                0x0000265e                MCAL_Timer0_Delayms_NormalMode
 .text.MCAL_Timer0_Delayms_CTCMode
                0x0000275a       0xc2 ./MCAL/Timer 0/Timer_0.o
                0x0000275a                MCAL_Timer0_Delayms_CTCMode
 .text.MCAL_Timer0_CallBack
                0x0000281c       0x2c ./MCAL/Timer 0/Timer_0.o
                0x0000281c                MCAL_Timer0_CallBack
 .text.__vector_11
                0x00002848       0x66 ./MCAL/Timer 0/Timer_0.o
                0x00002848                __vector_11
 .text.__vector_10
                0x000028ae       0x66 ./MCAL/Timer 0/Timer_0.o
                0x000028ae                __vector_10
 .text.MCAL_TWI_Master_Init
                0x00002914       0x32 ./MCAL/TWI/TWI.o
                0x00002914                MCAL_TWI_Master_Init
 .text.MCAL_TWI_Master_SendStartCondition
                0x00002946       0x34 ./MCAL/TWI/TWI.o
                0x00002946                MCAL_TWI_Master_SendStartCondition
 .text.MCAL_TWI_Master_SendReStartCondition
                0x0000297a       0x34 ./MCAL/TWI/TWI.o
                0x0000297a                MCAL_TWI_Master_SendReStartCondition
 .text.MCAL_TWI_Master_SendStopCondition
                0x000029ae       0x2a ./MCAL/TWI/TWI.o
                0x000029ae                MCAL_TWI_Master_SendStopCondition
 .text.MCAL_TWI_Master_SendSlaveAddWithWrite
                0x000029d8       0x52 ./MCAL/TWI/TWI.o
                0x000029d8                MCAL_TWI_Master_SendSlaveAddWithWrite
 .text.MCAL_TWI_Master_SendSlaveAddWithRead
                0x00002a2a       0x52 ./MCAL/TWI/TWI.o
                0x00002a2a                MCAL_TWI_Master_SendSlaveAddWithRead
 .text.MCAL_TWI_Slave_Init
                0x00002a7c       0x56 ./MCAL/TWI/TWI.o
                0x00002a7c                MCAL_TWI_Slave_Init
 .text.MCAL_TWI_Slave_Listen
                0x00002ad2       0x1c ./MCAL/TWI/TWI.o
                0x00002ad2                MCAL_TWI_Slave_Listen
 .text.MCAL_TWI_SendData
                0x00002aee       0x34 ./MCAL/TWI/TWI.o
                0x00002aee                MCAL_TWI_SendData
 .text.MCAL_TWI_RecieveData
                0x00002b22       0x3c ./MCAL/TWI/TWI.o
                0x00002b22                MCAL_TWI_RecieveData
 .text.MCAL_SPI_SPIInit
                0x00002b5e       0x8a ./MCAL/SPI/SPI.o
                0x00002b5e                MCAL_SPI_SPIInit
 .text.MCAL_SPI_SendString
                0x00002be8       0x6c ./MCAL/SPI/SPI.o
                0x00002be8                MCAL_SPI_SendString
 .text.MCAL_SPI_RecieveString
                0x00002c54       0x78 ./MCAL/SPI/SPI.o
                0x00002c54                MCAL_SPI_RecieveString
 .text.MCAL_SPI_SPITranceive
                0x00002ccc       0x2c ./MCAL/SPI/SPI.o
                0x00002ccc                MCAL_SPI_SPITranceive
 .text.MCAL_Interrupt_u8SetRegister
                0x00002cf8       0xdc ./MCAL/Interrupt/Interrupt.o
                0x00002cf8                MCAL_Interrupt_u8SetRegister
 .text.MCAL_Interrupt_u8SetRegisterPin
                0x00002dd4      0x1a6 ./MCAL/Interrupt/Interrupt.o
                0x00002dd4                MCAL_Interrupt_u8SetRegisterPin
 .text.MCAL_Interrupt_EXIT_CallBack_0
                0x00002f7a       0x2c ./MCAL/Interrupt/Interrupt.o
                0x00002f7a                MCAL_Interrupt_EXIT_CallBack_0
 .text.MCAL_Interrupt_EXIT_CallBack_1
                0x00002fa6       0x2c ./MCAL/Interrupt/Interrupt.o
                0x00002fa6                MCAL_Interrupt_EXIT_CallBack_1
 .text.MCAL_Interrupt_EXIT_CallBack_2
                0x00002fd2       0x2c ./MCAL/Interrupt/Interrupt.o
                0x00002fd2                MCAL_Interrupt_EXIT_CallBack_2
 .text.MCAL_Interrupt_EnableGIE
                0x00002ffe       0x36 ./MCAL/Interrupt/Interrupt.o
                0x00002ffe                MCAL_Interrupt_EnableGIE
 .text.MCAL_Interrupt_InterruptInit
                0x00003034       0x22 ./MCAL/Interrupt/Interrupt.o
                0x00003034                MCAL_Interrupt_InterruptInit
 .text.__vector_1
                0x00003056       0x66 ./MCAL/Interrupt/Interrupt.o
                0x00003056                __vector_1
 .text.__vector_2
                0x000030bc       0x66 ./MCAL/Interrupt/Interrupt.o
                0x000030bc                __vector_2
 .text.__vector_3
                0x00003122       0x66 ./MCAL/Interrupt/Interrupt.o
                0x00003122                __vector_3
 .text.MCAL_DIO_u8SetPortDirection
                0x00003188      0x106 ./MCAL/DIO/DIO.o
                0x00003188                MCAL_DIO_u8SetPortDirection
 .text.MCAL_DIO_u8SetPinDirection
                0x0000328e      0x1d6 ./MCAL/DIO/DIO.o
                0x0000328e                MCAL_DIO_u8SetPinDirection
 .text.MCAL_DIO_u8SetPortValue
                0x00003464      0x106 ./MCAL/DIO/DIO.o
                0x00003464                MCAL_DIO_u8SetPortValue
 .text.MCAL_DIO_u8SetPinValue
                0x0000356a      0x1d6 ./MCAL/DIO/DIO.o
                0x0000356a                MCAL_DIO_u8SetPinValue
 .text.MCAL_DIO_u8SGetPortValue
                0x00003740       0x82 ./MCAL/DIO/DIO.o
                0x00003740                MCAL_DIO_u8SGetPortValue
 .text.MCAL_DIO_u8GetPinValue
                0x000037c2       0xfa ./MCAL/DIO/DIO.o
                0x000037c2                MCAL_DIO_u8GetPinValue
 .text.MCAL_DIO_u8TogglePortValue
                0x000038bc       0x80 ./MCAL/DIO/DIO.o
                0x000038bc                MCAL_DIO_u8TogglePortValue
 .text.MCAL_DIO_u8TogglePinValue
                0x0000393c       0xf0 ./MCAL/DIO/DIO.o
                0x0000393c                MCAL_DIO_u8TogglePinValue
 .text.MCAL_ADC_u8SetRegister
                0x00003a2c       0xac ./MCAL/ADC/ADC.o
                0x00003a2c                MCAL_ADC_u8SetRegister
 .text.MCAL_ADC_u8SetRegisterPin
                0x00003ad8      0x148 ./MCAL/ADC/ADC.o
                0x00003ad8                MCAL_ADC_u8SetRegisterPin
 .text.MCAL_ADC_AdcInit
                0x00003c20       0xce ./MCAL/ADC/ADC.o
                0x00003c20                MCAL_ADC_AdcInit
 .text.MCAL_ADC_AdcStartConversion
                0x00003cee       0x36 ./MCAL/ADC/ADC.o
                0x00003cee                MCAL_ADC_AdcStartConversion
 .text.MCAL_ADC_u8AdcSetValue
                0x00003d24       0x5e ./MCAL/ADC/ADC.o
                0x00003d24                MCAL_ADC_u8AdcSetValue
 .text.MCAL_ADC_EXIT_CallBack
                0x00003d82       0x2c ./MCAL/ADC/ADC.o
                0x00003d82                MCAL_ADC_EXIT_CallBack
 .text.__vector_16
                0x00003dae       0x66 ./MCAL/ADC/ADC.o
                0x00003dae                __vector_16
 .text.HAL_SM_voidSMInit
                0x00003e14       0x56 ./HAL/Servo Motor/Servo_Motor.o
                0x00003e14                HAL_SM_voidSMInit
 .text.HAL_SM_voidSMSetAngle
                0x00003e6a       0xb6 ./HAL/Servo Motor/Servo_Motor.o
                0x00003e6a                HAL_SM_voidSMSetAngle
 .text.HAL_PushButton_u8PushButtonInit
                0x00003f20       0x3a ./HAL/Push Button/PushButton.o
                0x00003f20                HAL_PushButton_u8PushButtonInit
 .text.HAL_PushButton_u8PushButtonCheck
                0x00003f5a       0x74 ./HAL/Push Button/PushButton.o
                0x00003f5a                HAL_PushButton_u8PushButtonCheck
 .text.HAL_Potentiometer_PotentiometerInit
                0x00003fce       0x1e ./HAL/Potentiometer/Potentiometer.o
                0x00003fce                HAL_Potentiometer_PotentiometerInit
 .text.HAL_Potentiometer_PotentiometerValue
                0x00003fec       0x26 ./HAL/Potentiometer/Potentiometer.o
                0x00003fec                HAL_Potentiometer_PotentiometerValue
 .text.HAL_LED_u8LedInit
                0x00004012       0x3a ./HAL/LED/LED.o
                0x00004012                HAL_LED_u8LedInit
 .text.HAL_LED_u8LedMode
                0x0000404c       0x70 ./HAL/LED/LED.o
                0x0000404c                HAL_LED_u8LedMode
 .text.HAL_LCD_u8LCDInit
                0x000040bc      0x530 ./HAL/LCD/LCD.o
                0x000040bc                HAL_LCD_u8LCDInit
 .text.HAL_LCD_u8SendCommands
                0x000045ec      0x244 ./HAL/LCD/LCD.o
                0x000045ec                HAL_LCD_u8SendCommands
 .text.HAL_LCD_u8SendChar
                0x00004830      0x244 ./HAL/LCD/LCD.o
                0x00004830                HAL_LCD_u8SendChar
 .text.HAL_LCD_u8SendString
                0x00004a74       0x6c ./HAL/LCD/LCD.o
                0x00004a74                HAL_LCD_u8SendString
 .text.HAL_LCD_u8SendNumber
                0x00004ae0       0x46 ./HAL/LCD/LCD.o
                0x00004ae0                HAL_LCD_u8SendNumber
 .text.HAL_LCD_u8GoTo
                0x00004b26      0x4b8 ./HAL/LCD/LCD.o
                0x00004b26                HAL_LCD_u8GoTo
 .text.HAL_LCD_u8Clear
                0x00004fde      0x110 ./HAL/LCD/LCD.o
                0x00004fde                HAL_LCD_u8Clear
 .text.HAL_LCD_u8CustomChar
                0x000050ee       0x6a ./HAL/LCD/LCD.o
                0x000050ee                HAL_LCD_u8CustomChar
 .text.HAL_KeyPad_u8KeyPadInit
                0x00005158       0x1e ./HAL/KeyPad/KeyPad.o
                0x00005158                HAL_KeyPad_u8KeyPadInit
 .text.HAL_KeyPad_u8GetKeyPressed
                0x00005176      0x29e ./HAL/KeyPad/KeyPad.o
                0x00005176                HAL_KeyPad_u8GetKeyPressed
 .text.HAL_void_H_BridgeInit
                0x00005414       0x36 ./HAL/H_Bridge/H_Bridge.o
                0x00005414                HAL_void_H_BridgeInit
 .text.HAL_void_H_BridgeCW
                0x0000544a       0x4c ./HAL/H_Bridge/H_Bridge.o
                0x0000544a                HAL_void_H_BridgeCW
 .text.HAL_void_H_BridgeFront
                0x00005496       0x4c ./HAL/H_Bridge/H_Bridge.o
                0x00005496                HAL_void_H_BridgeFront
 .text.HAL_void_H_BridgeBack
                0x000054e2       0x4c ./HAL/H_Bridge/H_Bridge.o
                0x000054e2                HAL_void_H_BridgeBack
 .text.HAL_void_H_BridgeCCW
                0x0000552e       0x4c ./HAL/H_Bridge/H_Bridge.o
                0x0000552e                HAL_void_H_BridgeCCW
 .text.HAL_void_H_BridgeStop
                0x0000557a       0x4c ./HAL/H_Bridge/H_Bridge.o
                0x0000557a                HAL_void_H_BridgeStop
 .text.HAL_Buzzer_u8BuzzerInit
                0x000055c6       0x3a ./HAL/Buzzer/Buzzer.o
                0x000055c6                HAL_Buzzer_u8BuzzerInit
 .text.HAL_Buzzer_u8BuzzerMode
                0x00005600       0x70 ./HAL/Buzzer/Buzzer.o
                0x00005600                HAL_Buzzer_u8BuzzerMode
 .text.pvPortMalloc
                0x00005670      0x1d0 ./FreeRtos/heap_2.o
                0x00005670                pvPortMalloc
 .text.vPortFree
                0x00005840       0xda ./FreeRtos/heap_2.o
                0x00005840                vPortFree
 .text.xPortGetFreeHeapSize
                0x0000591a       0x16 ./FreeRtos/heap_2.o
                0x0000591a                xPortGetFreeHeapSize
 .text.vPortInitialiseBlocks
                0x00005930        0xe ./FreeRtos/heap_2.o
                0x00005930                vPortInitialiseBlocks
 .text.prvHeapInit
                0x0000593e       0x6a ./FreeRtos/heap_2.o
 .text.vListInitialise
                0x000059a8       0x54 ./FreeRtos/list.o
                0x000059a8                vListInitialise
 .text.vListInitialiseItem
                0x000059fc       0x20 ./FreeRtos/list.o
                0x000059fc                vListInitialiseItem
 .text.vListInsertEnd
                0x00005a1c       0x88 ./FreeRtos/list.o
                0x00005a1c                vListInsertEnd
 .text.vListInsert
                0x00005aa4       0xd8 ./FreeRtos/list.o
                0x00005aa4                vListInsert
 .text.uxListRemove
                0x00005b7c       0x98 ./FreeRtos/list.o
                0x00005b7c                uxListRemove
 .text.pxPortInitialiseStack
                0x00005c14      0x306 ./FreeRtos/port.o
                0x00005c14                pxPortInitialiseStack
 .text.xPortStartScheduler
                0x00005f1a       0x6a ./FreeRtos/port.o
                0x00005f1a                xPortStartScheduler
 .text.vPortEndScheduler
                0x00005f84        0xe ./FreeRtos/port.o
                0x00005f84                vPortEndScheduler
 .text.vPortYield
                0x00005f92       0xb2 ./FreeRtos/port.o
                0x00005f92                vPortYield
 .text.vPortYieldFromTick
                0x00006044       0xba ./FreeRtos/port.o
                0x00006044                vPortYieldFromTick
 .text.prvSetupTimerInterrupt
                0x000060fe       0xb8 ./FreeRtos/port.o
 .text.__vector_7
                0x000061b6        0x6 ./FreeRtos/port.o
                0x000061b6                __vector_7
 .text.xQueueGenericReset
                0x000061bc      0x10c ./FreeRtos/queue.o
                0x000061bc                xQueueGenericReset
 .text.xQueueGenericCreate
                0x000062c8       0x9a ./FreeRtos/queue.o
                0x000062c8                xQueueGenericCreate
 .text.prvInitialiseNewQueue
                0x00006362       0x76 ./FreeRtos/queue.o
 .text.prvInitialiseMutex
                0x000063d8       0x48 ./FreeRtos/queue.o
 .text.xQueueCreateMutex
                0x00006420       0x40 ./FreeRtos/queue.o
                0x00006420                xQueueCreateMutex
 .text.xQueueGenericSend
                0x00006460      0x158 ./FreeRtos/queue.o
                0x00006460                xQueueGenericSend
 .text.xQueueGenericSendFromISR
                0x000065b8       0xb0 ./FreeRtos/queue.o
                0x000065b8                xQueueGenericSendFromISR
 .text.xQueueGiveFromISR
                0x00006668       0xa2 ./FreeRtos/queue.o
                0x00006668                xQueueGiveFromISR
 .text.xQueueGenericReceive
                0x0000670a      0x1d0 ./FreeRtos/queue.o
                0x0000670a                xQueueGenericReceive
 .text.xQueueReceiveFromISR
                0x000068da       0xae ./FreeRtos/queue.o
                0x000068da                xQueueReceiveFromISR
 .text.xQueuePeekFromISR
                0x00006988       0x72 ./FreeRtos/queue.o
                0x00006988                xQueuePeekFromISR
 .text.uxQueueMessagesWaiting
                0x000069fa       0x30 ./FreeRtos/queue.o
                0x000069fa                uxQueueMessagesWaiting
 .text.uxQueueSpacesAvailable
                0x00006a2a       0x4a ./FreeRtos/queue.o
                0x00006a2a                uxQueueSpacesAvailable
 .text.uxQueueMessagesWaitingFromISR
                0x00006a74       0x26 ./FreeRtos/queue.o
                0x00006a74                uxQueueMessagesWaitingFromISR
 .text.vQueueDelete
                0x00006a9a       0x2e ./FreeRtos/queue.o
                0x00006a9a                vQueueDelete
 .text.prvCopyDataToQueue
                0x00006ac8      0x170 ./FreeRtos/queue.o
 .text.prvCopyDataFromQueue
                0x00006c38       0x8e ./FreeRtos/queue.o
 .text.prvUnlockQueue
                0x00006cc6       0xa6 ./FreeRtos/queue.o
 .text.prvIsQueueEmpty
                0x00006d6c       0x3a ./FreeRtos/queue.o
 .text.xQueueIsQueueEmptyFromISR
                0x00006da6       0x30 ./FreeRtos/queue.o
                0x00006da6                xQueueIsQueueEmptyFromISR
 .text.prvIsQueueFull
                0x00006dd6       0x40 ./FreeRtos/queue.o
 .text.xQueueIsQueueFullFromISR
                0x00006e16       0x36 ./FreeRtos/queue.o
                0x00006e16                xQueueIsQueueFullFromISR
 .text.xTaskCreate
                0x00006e4c       0xf0 ./FreeRtos/tasks.o
                0x00006e4c                xTaskCreate
 .text.prvInitialiseNewTask
                0x00006f3c      0x176 ./FreeRtos/tasks.o
 .text.prvAddNewTaskToReadyList
                0x000070b2       0xf0 ./FreeRtos/tasks.o
 .text.vTaskDelete
                0x000071a2       0xe4 ./FreeRtos/tasks.o
                0x000071a2                vTaskDelete
 .text.vTaskDelayUntil
                0x00007286       0xe4 ./FreeRtos/tasks.o
                0x00007286                vTaskDelayUntil
 .text.vTaskDelay
                0x0000736a       0x44 ./FreeRtos/tasks.o
                0x0000736a                vTaskDelay
 .text.vTaskPrioritySet
                0x000073ae      0x194 ./FreeRtos/tasks.o
                0x000073ae                vTaskPrioritySet
 .text.vTaskSuspend
                0x00007542       0xd8 ./FreeRtos/tasks.o
                0x00007542                vTaskSuspend
 .text.prvTaskIsTaskSuspended
                0x0000761a       0x5e ./FreeRtos/tasks.o
 .text.vTaskResume
                0x00007678       0xc8 ./FreeRtos/tasks.o
                0x00007678                vTaskResume
 .text.xTaskResumeFromISR
                0x00007740       0xcc ./FreeRtos/tasks.o
                0x00007740                xTaskResumeFromISR
 .text.vTaskStartScheduler
                0x0000780c       0x64 ./FreeRtos/tasks.o
                0x0000780c                vTaskStartScheduler
 .text.vTaskEndScheduler
                0x00007870       0x18 ./FreeRtos/tasks.o
                0x00007870                vTaskEndScheduler
 .text.vTaskSuspendAll
                0x00007888       0x18 ./FreeRtos/tasks.o
                0x00007888                vTaskSuspendAll
 .text.xTaskResumeAll
                0x000078a0      0x126 ./FreeRtos/tasks.o
                0x000078a0                xTaskResumeAll
 .text.xTaskGetTickCount
                0x000079c6       0x2e ./FreeRtos/tasks.o
                0x000079c6                xTaskGetTickCount
 .text.xTaskGetTickCountFromISR
                0x000079f4       0x2a ./FreeRtos/tasks.o
                0x000079f4                xTaskGetTickCountFromISR
 .text.uxTaskGetNumberOfTasks
                0x00007a1e       0x12 ./FreeRtos/tasks.o
                0x00007a1e                uxTaskGetNumberOfTasks
 .text.pcTaskGetName
                0x00007a30       0x50 ./FreeRtos/tasks.o
                0x00007a30                pcTaskGetName
 .text.xTaskIncrementTick
                0x00007a80      0x198 ./FreeRtos/tasks.o
                0x00007a80                xTaskIncrementTick
 .text.vTaskSwitchContext
                0x00007c18       0xda ./FreeRtos/tasks.o
                0x00007c18                vTaskSwitchContext
 .text.vTaskPlaceOnEventList
                0x00007cf2       0x44 ./FreeRtos/tasks.o
                0x00007cf2                vTaskPlaceOnEventList
 .text.vTaskPlaceOnUnorderedEventList
                0x00007d36       0x60 ./FreeRtos/tasks.o
                0x00007d36                vTaskPlaceOnUnorderedEventList
 .text.xTaskRemoveFromEventList
                0x00007d96       0xd6 ./FreeRtos/tasks.o
                0x00007d96                xTaskRemoveFromEventList
 .text.xTaskRemoveFromUnorderedEventList
                0x00007e6c       0xca ./FreeRtos/tasks.o
                0x00007e6c                xTaskRemoveFromUnorderedEventList
 .text.vTaskSetTimeOutState
                0x00007f36       0x32 ./FreeRtos/tasks.o
                0x00007f36                vTaskSetTimeOutState
 .text.xTaskCheckForTimeOut
                0x00007f68       0xda ./FreeRtos/tasks.o
                0x00007f68                xTaskCheckForTimeOut
 .text.vTaskMissedYield
                0x00008042       0x14 ./FreeRtos/tasks.o
                0x00008042                vTaskMissedYield
 .text.prvIdleTask
                0x00008056       0x14 ./FreeRtos/tasks.o
 .text.prvInitialiseTaskLists
                0x0000806a       0x82 ./FreeRtos/tasks.o
 .text.prvCheckTasksWaitingTermination
                0x000080ec       0x7e ./FreeRtos/tasks.o
 .text.prvDeleteTCB
                0x0000816a       0x2c ./FreeRtos/tasks.o
 .text.prvResetNextTaskUnblockTime
                0x00008196       0x56 ./FreeRtos/tasks.o
 .text.xTaskGetCurrentTaskHandle
                0x000081ec       0x24 ./FreeRtos/tasks.o
                0x000081ec                xTaskGetCurrentTaskHandle
 .text.vTaskPriorityInherit
                0x00008210      0x116 ./FreeRtos/tasks.o
                0x00008210                vTaskPriorityInherit
 .text.xTaskPriorityDisinherit
                0x00008326       0xe4 ./FreeRtos/tasks.o
                0x00008326                xTaskPriorityDisinherit
 .text.uxTaskResetEventItemValue
                0x0000840a       0x4e ./FreeRtos/tasks.o
                0x0000840a                uxTaskResetEventItemValue
 .text.pvTaskIncrementMutexHeldCount
                0x00008458       0x30 ./FreeRtos/tasks.o
                0x00008458                pvTaskIncrementMutexHeldCount
 .text.ulTaskNotifyTake
                0x00008488       0xee ./FreeRtos/tasks.o
                0x00008488                ulTaskNotifyTake
 .text.xTaskNotifyWait
                0x00008576      0x138 ./FreeRtos/tasks.o
                0x00008576                xTaskNotifyWait
 .text.xTaskGenericNotify
                0x000086ae      0x1ba ./FreeRtos/tasks.o
                0x000086ae                xTaskGenericNotify
 .text.xTaskGenericNotifyFromISR
                0x00008868      0x1f2 ./FreeRtos/tasks.o
                0x00008868                xTaskGenericNotifyFromISR
 .text.vTaskNotifyGiveFromISR
                0x00008a5a      0x10e ./FreeRtos/tasks.o
                0x00008a5a                vTaskNotifyGiveFromISR
 .text.xTaskNotifyStateClear
                0x00008b68       0x74 ./FreeRtos/tasks.o
                0x00008b68                xTaskNotifyStateClear
 .text.prvAddCurrentTaskToDelayedList
                0x00008bdc       0xf8 ./FreeRtos/tasks.o
 .text.main     0x00008cd4       0x66 ./Application/main.o
                0x00008cd4                main
 .text.libgcc   0x00008d3a       0x3e d:/interface/sdk_win_64/sdk_win_64/winavr/bin/../lib/gcc/avr/4.3.3/avr5\libgcc.a(_mulsi3.o)
                0x00008d3a                __mulsi3
 .text.libgcc   0x00008d78       0x44 d:/interface/sdk_win_64/sdk_win_64/winavr/bin/../lib/gcc/avr/4.3.3/avr5\libgcc.a(_udivmodsi4.o)
                0x00008d78                __udivmodsi4
 .text.libgcc   0x00008dbc        0x0 d:/interface/sdk_win_64/sdk_win_64/winavr/bin/../lib/gcc/avr/4.3.3/avr5\libgcc.a(_exit.o)
 .text.libgcc   0x00008dbc        0x0 d:/interface/sdk_win_64/sdk_win_64/winavr/bin/../lib/gcc/avr/4.3.3/avr5\libgcc.a(_copy_data.o)
 .text.libgcc   0x00008dbc        0x0 d:/interface/sdk_win_64/sdk_win_64/winavr/bin/../lib/gcc/avr/4.3.3/avr5\libgcc.a(_clear_bss.o)
 .text.libgcc   0x00008dbc       0x38 d:/interface/sdk_win_64/sdk_win_64/winavr/bin/../lib/gcc/avr/4.3.3/avr5\libgcc.a(_prologue.o)
                0x00008dbc                __prologue_saves__
 .text.libgcc   0x00008df4       0x36 d:/interface/sdk_win_64/sdk_win_64/winavr/bin/../lib/gcc/avr/4.3.3/avr5\libgcc.a(_epilogue.o)
                0x00008df4                __epilogue_restores__
 .text.avr-libc
                0x00008e2a       0x12 d:/interface/sdk_win_64/sdk_win_64/winavr/bin/../lib/gcc/avr/4.3.3/../../../../avr/lib/avr5\libc.a(memcpy.o)
                0x00008e2a                memcpy
 .text.avr-libc
                0x00008e3c       0x42 d:/interface/sdk_win_64/sdk_win_64/winavr/bin/../lib/gcc/avr/4.3.3/../../../../avr/lib/avr5\libc.a(itoa.o)
                0x00008e3c                itoa
 .text.avr-libc
                0x00008e7e       0x20 d:/interface/sdk_win_64/sdk_win_64/winavr/bin/../lib/gcc/avr/4.3.3/../../../../avr/lib/avr5\libc.a(strrev.o)
                0x00008e7e                strrev
 .text.libgcc   0x00008e9e       0x28 d:/interface/sdk_win_64/sdk_win_64/winavr/bin/../lib/gcc/avr/4.3.3/avr5\libgcc.a(_udivmodhi4.o)
                0x00008e9e                __udivmodhi4
                0x00008ec6                . = ALIGN (0x2)
 *(.fini9)
 .fini9         0x00008ec6        0x0 d:/interface/sdk_win_64/sdk_win_64/winavr/bin/../lib/gcc/avr/4.3.3/avr5\libgcc.a(_exit.o)
                0x00008ec6                exit
                0x00008ec6                _exit
 *(.fini9)
 *(.fini8)
 *(.fini8)
 *(.fini7)
 *(.fini7)
 *(.fini6)
 *(.fini6)
 *(.fini5)
 *(.fini5)
 *(.fini4)
 *(.fini4)
 *(.fini3)
 *(.fini3)
 *(.fini2)
 *(.fini2)
 *(.fini1)
 *(.fini1)
 *(.fini0)
 .fini0         0x00008ec6        0x4 d:/interface/sdk_win_64/sdk_win_64/winavr/bin/../lib/gcc/avr/4.3.3/avr5\libgcc.a(_exit.o)
 *(.fini0)
                0x00008eca                _etext = .

.data           0x00800060      0x122 load address 0x00008eca
                0x00800060                PROVIDE (__data_start, .)
 *(.data)
 .data          0x00800060        0x0 d:/interface/sdk_win_64/sdk_win_64/winavr/bin/../lib/gcc/avr/4.3.3/../../../../avr/lib/avr5/crtm32.o
 .data          0x00800060        0x0 ./SERVICE/ICU_Interface.o
 .data          0x00800060        0x0 ./MCAL/WDT/WDT.o
 .data          0x00800060        0x0 ./MCAL/UART/UART.o
 .data          0x00800060        0x0 ./MCAL/Timer 1/Timer1.o
 .data          0x00800060        0x0 ./MCAL/Timer 0/Timer_0.o
 .data          0x00800060        0x0 ./MCAL/TWI/TWI.o
 .data          0x00800060        0x0 ./MCAL/SPI/SPI.o
 .data          0x00800060        0x0 ./MCAL/Interrupt/Interrupt.o
 .data          0x00800060        0x0 ./MCAL/DIO/DIO.o
 .data          0x00800060        0x0 ./MCAL/ADC/ADC.o
 .data          0x00800060        0x0 ./HAL/Servo Motor/Servo_Motor.o
 .data          0x00800060        0x0 ./HAL/Push Button/PushButton.o
 .data          0x00800060        0x0 ./HAL/Potentiometer/Potentiometer.o
 .data          0x00800060        0x0 ./HAL/LED/LED.o
 .data          0x00800060        0x0 ./HAL/LCD/LCD.o
 .data          0x00800060        0x0 ./HAL/KeyPad/KeyPad.o
 .data          0x00800060        0x0 ./HAL/H_Bridge/H_Bridge.o
 .data          0x00800060        0x0 ./HAL/Buzzer/Buzzer.o
 .data          0x00800060        0x0 ./FreeRtos/heap_2.o
 .data          0x00800060        0x0 ./FreeRtos/list.o
 .data          0x00800060        0x0 ./FreeRtos/port.o
 .data          0x00800060        0x0 ./FreeRtos/queue.o
 .data          0x00800060        0x5 ./FreeRtos/tasks.o
 .data          0x00800065        0x0 ./Application/Autonomous_Car/Autonomous_Car.o
 .data          0x00800065        0x0 ./Application/main.o
 .data          0x00800065        0x0 d:/interface/sdk_win_64/sdk_win_64/winavr/bin/../lib/gcc/avr/4.3.3/avr5\libgcc.a(_mulsi3.o)
 .data          0x00800065        0x0 d:/interface/sdk_win_64/sdk_win_64/winavr/bin/../lib/gcc/avr/4.3.3/avr5\libgcc.a(_udivmodsi4.o)
 .data          0x00800065        0x0 d:/interface/sdk_win_64/sdk_win_64/winavr/bin/../lib/gcc/avr/4.3.3/avr5\libgcc.a(_exit.o)
 .data          0x00800065        0x0 d:/interface/sdk_win_64/sdk_win_64/winavr/bin/../lib/gcc/avr/4.3.3/avr5\libgcc.a(_copy_data.o)
 .data          0x00800065        0x0 d:/interface/sdk_win_64/sdk_win_64/winavr/bin/../lib/gcc/avr/4.3.3/avr5\libgcc.a(_clear_bss.o)
 .data          0x00800065        0x0 d:/interface/sdk_win_64/sdk_win_64/winavr/bin/../lib/gcc/avr/4.3.3/avr5\libgcc.a(_fixunssfsi.o)
 .data          0x00800065        0x0 d:/interface/sdk_win_64/sdk_win_64/winavr/bin/../lib/gcc/avr/4.3.3/avr5\libgcc.a(_addsub_sf.o)
 .data          0x00800065        0x0 d:/interface/sdk_win_64/sdk_win_64/winavr/bin/../lib/gcc/avr/4.3.3/avr5\libgcc.a(_mul_sf.o)
 .data          0x00800065        0x0 d:/interface/sdk_win_64/sdk_win_64/winavr/bin/../lib/gcc/avr/4.3.3/avr5\libgcc.a(_div_sf.o)
 .data          0x00800065        0x0 d:/interface/sdk_win_64/sdk_win_64/winavr/bin/../lib/gcc/avr/4.3.3/avr5\libgcc.a(_gt_sf.o)
 .data          0x00800065        0x0 d:/interface/sdk_win_64/sdk_win_64/winavr/bin/../lib/gcc/avr/4.3.3/avr5\libgcc.a(_ge_sf.o)
 .data          0x00800065        0x0 d:/interface/sdk_win_64/sdk_win_64/winavr/bin/../lib/gcc/avr/4.3.3/avr5\libgcc.a(_lt_sf.o)
 .data          0x00800065        0x0 d:/interface/sdk_win_64/sdk_win_64/winavr/bin/../lib/gcc/avr/4.3.3/avr5\libgcc.a(_le_sf.o)
 .data          0x00800065        0x0 d:/interface/sdk_win_64/sdk_win_64/winavr/bin/../lib/gcc/avr/4.3.3/avr5\libgcc.a(_si_to_sf.o)
 .data          0x00800065        0x0 d:/interface/sdk_win_64/sdk_win_64/winavr/bin/../lib/gcc/avr/4.3.3/avr5\libgcc.a(_sf_to_si.o)
 .data          0x00800065        0x8 d:/interface/sdk_win_64/sdk_win_64/winavr/bin/../lib/gcc/avr/4.3.3/avr5\libgcc.a(_thenan_sf.o)
                0x00800065                __thenan_sf
 .data          0x0080006d        0x0 d:/interface/sdk_win_64/sdk_win_64/winavr/bin/../lib/gcc/avr/4.3.3/avr5\libgcc.a(_usi_to_sf.o)
 .data          0x0080006d        0x0 d:/interface/sdk_win_64/sdk_win_64/winavr/bin/../lib/gcc/avr/4.3.3/avr5\libgcc.a(_prologue.o)
 .data          0x0080006d        0x0 d:/interface/sdk_win_64/sdk_win_64/winavr/bin/../lib/gcc/avr/4.3.3/avr5\libgcc.a(_epilogue.o)
 .data          0x0080006d        0x0 d:/interface/sdk_win_64/sdk_win_64/winavr/bin/../lib/gcc/avr/4.3.3/avr5\libgcc.a(_clzsi2.o)
 .data          0x0080006d        0x0 d:/interface/sdk_win_64/sdk_win_64/winavr/bin/../lib/gcc/avr/4.3.3/avr5\libgcc.a(_pack_sf.o)
 .data          0x0080006d        0x0 d:/interface/sdk_win_64/sdk_win_64/winavr/bin/../lib/gcc/avr/4.3.3/avr5\libgcc.a(_unpack_sf.o)
 .data          0x0080006d        0x0 d:/interface/sdk_win_64/sdk_win_64/winavr/bin/../lib/gcc/avr/4.3.3/avr5\libgcc.a(_fpcmp_parts_sf.o)
 .data          0x0080006d      0x100 d:/interface/sdk_win_64/sdk_win_64/winavr/bin/../lib/gcc/avr/4.3.3/avr5\libgcc.a(_clz.o)
                0x0080006d                __clz_tab
 .data          0x0080016d        0x0 d:/interface/sdk_win_64/sdk_win_64/winavr/bin/../lib/gcc/avr/4.3.3/../../../../avr/lib/avr5\libc.a(memcpy.o)
 .data          0x0080016d        0x0 d:/interface/sdk_win_64/sdk_win_64/winavr/bin/../lib/gcc/avr/4.3.3/../../../../avr/lib/avr5\libc.a(itoa.o)
 .data          0x0080016d        0x0 d:/interface/sdk_win_64/sdk_win_64/winavr/bin/../lib/gcc/avr/4.3.3/../../../../avr/lib/avr5\libc.a(strrev.o)
 .data          0x0080016d        0x0 d:/interface/sdk_win_64/sdk_win_64/winavr/bin/../lib/gcc/avr/4.3.3/avr5\libgcc.a(_udivmodhi4.o)
 *(.data*)
 .data.array    0x0080016d       0x10 ./HAL/KeyPad/KeyPad.o
                0x0080016d                array
 .data.xFreeBytesRemaining
                0x0080017d        0x2 ./FreeRtos/heap_2.o
 *(.rodata)
 *(.rodata*)
 .rodata.heapSTRUCT_SIZE
                0x0080017f        0x2 ./FreeRtos/heap_2.o
 *(.gnu.linkonce.d*)
                0x00800182                . = ALIGN (0x2)
 *fill*         0x00800181        0x1 00
                0x00800182                _edata = .
                0x00800182                PROVIDE (__data_end, .)

.bss            0x00800182      0x4a1
                0x00800182                PROVIDE (__bss_start, .)
 *(.bss)
 .bss           0x00800182        0x0 d:/interface/sdk_win_64/sdk_win_64/winavr/bin/../lib/gcc/avr/4.3.3/../../../../avr/lib/avr5/crtm32.o
 .bss           0x00800182        0x0 ./SERVICE/ICU_Interface.o
 .bss           0x00800182        0x0 ./MCAL/WDT/WDT.o
 .bss           0x00800182        0x0 ./MCAL/UART/UART.o
 .bss           0x00800182        0x0 ./MCAL/Timer 1/Timer1.o
 .bss           0x00800182        0x0 ./MCAL/Timer 0/Timer_0.o
 .bss           0x00800182        0x0 ./MCAL/TWI/TWI.o
 .bss           0x00800182        0x0 ./MCAL/SPI/SPI.o
 .bss           0x00800182        0x0 ./MCAL/Interrupt/Interrupt.o
 .bss           0x00800182        0x0 ./MCAL/DIO/DIO.o
 .bss           0x00800182        0x0 ./MCAL/ADC/ADC.o
 .bss           0x00800182        0x0 ./HAL/Servo Motor/Servo_Motor.o
 .bss           0x00800182        0x0 ./HAL/Push Button/PushButton.o
 .bss           0x00800182        0x0 ./HAL/Potentiometer/Potentiometer.o
 .bss           0x00800182        0x0 ./HAL/LED/LED.o
 .bss           0x00800182        0x0 ./HAL/LCD/LCD.o
 .bss           0x00800182        0x0 ./HAL/KeyPad/KeyPad.o
 .bss           0x00800182        0x0 ./HAL/H_Bridge/H_Bridge.o
 .bss           0x00800182        0x0 ./HAL/Buzzer/Buzzer.o
 .bss           0x00800182        0x0 ./FreeRtos/heap_2.o
 .bss           0x00800182        0x0 ./FreeRtos/list.o
 .bss           0x00800182        0x0 ./FreeRtos/port.o
 .bss           0x00800182        0x0 ./FreeRtos/queue.o
 .bss           0x00800182        0x0 ./FreeRtos/tasks.o
 .bss           0x00800182        0x0 ./Application/Autonomous_Car/Autonomous_Car.o
 .bss           0x00800182        0x0 ./Application/main.o
 .bss           0x00800182        0x0 d:/interface/sdk_win_64/sdk_win_64/winavr/bin/../lib/gcc/avr/4.3.3/avr5\libgcc.a(_mulsi3.o)
 .bss           0x00800182        0x0 d:/interface/sdk_win_64/sdk_win_64/winavr/bin/../lib/gcc/avr/4.3.3/avr5\libgcc.a(_udivmodsi4.o)
 .bss           0x00800182        0x0 d:/interface/sdk_win_64/sdk_win_64/winavr/bin/../lib/gcc/avr/4.3.3/avr5\libgcc.a(_exit.o)
 .bss           0x00800182        0x0 d:/interface/sdk_win_64/sdk_win_64/winavr/bin/../lib/gcc/avr/4.3.3/avr5\libgcc.a(_copy_data.o)
 .bss           0x00800182        0x0 d:/interface/sdk_win_64/sdk_win_64/winavr/bin/../lib/gcc/avr/4.3.3/avr5\libgcc.a(_clear_bss.o)
 .bss           0x00800182        0x0 d:/interface/sdk_win_64/sdk_win_64/winavr/bin/../lib/gcc/avr/4.3.3/avr5\libgcc.a(_fixunssfsi.o)
 .bss           0x00800182        0x0 d:/interface/sdk_win_64/sdk_win_64/winavr/bin/../lib/gcc/avr/4.3.3/avr5\libgcc.a(_addsub_sf.o)
 .bss           0x00800182        0x0 d:/interface/sdk_win_64/sdk_win_64/winavr/bin/../lib/gcc/avr/4.3.3/avr5\libgcc.a(_mul_sf.o)
 .bss           0x00800182        0x0 d:/interface/sdk_win_64/sdk_win_64/winavr/bin/../lib/gcc/avr/4.3.3/avr5\libgcc.a(_div_sf.o)
 .bss           0x00800182        0x0 d:/interface/sdk_win_64/sdk_win_64/winavr/bin/../lib/gcc/avr/4.3.3/avr5\libgcc.a(_gt_sf.o)
 .bss           0x00800182        0x0 d:/interface/sdk_win_64/sdk_win_64/winavr/bin/../lib/gcc/avr/4.3.3/avr5\libgcc.a(_ge_sf.o)
 .bss           0x00800182        0x0 d:/interface/sdk_win_64/sdk_win_64/winavr/bin/../lib/gcc/avr/4.3.3/avr5\libgcc.a(_lt_sf.o)
 .bss           0x00800182        0x0 d:/interface/sdk_win_64/sdk_win_64/winavr/bin/../lib/gcc/avr/4.3.3/avr5\libgcc.a(_le_sf.o)
 .bss           0x00800182        0x0 d:/interface/sdk_win_64/sdk_win_64/winavr/bin/../lib/gcc/avr/4.3.3/avr5\libgcc.a(_si_to_sf.o)
 .bss           0x00800182        0x0 d:/interface/sdk_win_64/sdk_win_64/winavr/bin/../lib/gcc/avr/4.3.3/avr5\libgcc.a(_sf_to_si.o)
 .bss           0x00800182        0x0 d:/interface/sdk_win_64/sdk_win_64/winavr/bin/../lib/gcc/avr/4.3.3/avr5\libgcc.a(_thenan_sf.o)
 .bss           0x00800182        0x0 d:/interface/sdk_win_64/sdk_win_64/winavr/bin/../lib/gcc/avr/4.3.3/avr5\libgcc.a(_usi_to_sf.o)
 .bss           0x00800182        0x0 d:/interface/sdk_win_64/sdk_win_64/winavr/bin/../lib/gcc/avr/4.3.3/avr5\libgcc.a(_prologue.o)
 .bss           0x00800182        0x0 d:/interface/sdk_win_64/sdk_win_64/winavr/bin/../lib/gcc/avr/4.3.3/avr5\libgcc.a(_epilogue.o)
 .bss           0x00800182        0x0 d:/interface/sdk_win_64/sdk_win_64/winavr/bin/../lib/gcc/avr/4.3.3/avr5\libgcc.a(_clzsi2.o)
 .bss           0x00800182        0x0 d:/interface/sdk_win_64/sdk_win_64/winavr/bin/../lib/gcc/avr/4.3.3/avr5\libgcc.a(_pack_sf.o)
 .bss           0x00800182        0x0 d:/interface/sdk_win_64/sdk_win_64/winavr/bin/../lib/gcc/avr/4.3.3/avr5\libgcc.a(_unpack_sf.o)
 .bss           0x00800182        0x0 d:/interface/sdk_win_64/sdk_win_64/winavr/bin/../lib/gcc/avr/4.3.3/avr5\libgcc.a(_fpcmp_parts_sf.o)
 .bss           0x00800182        0x0 d:/interface/sdk_win_64/sdk_win_64/winavr/bin/../lib/gcc/avr/4.3.3/avr5\libgcc.a(_clz.o)
 .bss           0x00800182        0x0 d:/interface/sdk_win_64/sdk_win_64/winavr/bin/../lib/gcc/avr/4.3.3/../../../../avr/lib/avr5\libc.a(memcpy.o)
 .bss           0x00800182        0x0 d:/interface/sdk_win_64/sdk_win_64/winavr/bin/../lib/gcc/avr/4.3.3/../../../../avr/lib/avr5\libc.a(itoa.o)
 .bss           0x00800182        0x0 d:/interface/sdk_win_64/sdk_win_64/winavr/bin/../lib/gcc/avr/4.3.3/../../../../avr/lib/avr5\libc.a(strrev.o)
 .bss           0x00800182        0x0 d:/interface/sdk_win_64/sdk_win_64/winavr/bin/../lib/gcc/avr/4.3.3/avr5\libgcc.a(_udivmodhi4.o)
 *(.bss*)
 .bss.LOC_u8counter
                0x00800182        0x1 ./SERVICE/ICU_Interface.o
 .bss.period_Ticks
                0x00800183        0x2 ./SERVICE/ICU_Interface.o
 .bss.on_Ticks  0x00800185        0x2 ./SERVICE/ICU_Interface.o
 .bss.Gptr_3    0x00800187        0x2 ./MCAL/Timer 1/Timer1.o
                0x00800187                Gptr_3
 .bss.Gptr3     0x00800189        0x2 ./MCAL/Timer 0/Timer_0.o
                0x00800189                Gptr3
 .bss.Start     0x0080018b        0x2 ./MCAL/Timer 0/Timer_0.o
                0x0080018b                Start
 .bss.Counter   0x0080018d        0x2 ./MCAL/Timer 0/Timer_0.o
                0x0080018d                Counter
 .bss.Gptr0     0x0080018f        0x2 ./MCAL/Interrupt/Interrupt.o
                0x0080018f                Gptr0
 .bss.Gptr1     0x00800191        0x2 ./MCAL/Interrupt/Interrupt.o
                0x00800191                Gptr1
 .bss.Gptr2     0x00800193        0x2 ./MCAL/Interrupt/Interrupt.o
                0x00800193                Gptr2
 .bss.Gptr_ADC  0x00800195        0x2 ./MCAL/ADC/ADC.o
                0x00800195                Gptr_ADC
 .bss.Glob_PB0_u8PinValue
                0x00800197        0x1 ./HAL/Push Button/PushButton.o
                0x00800197                Glob_PB0_u8PinValue
 .bss.Glob_PB1_u8PinValue
                0x00800198        0x1 ./HAL/Push Button/PushButton.o
                0x00800198                Glob_PB1_u8PinValue
 .bss.Glob_PB2_u8PinValue
                0x00800199        0x1 ./HAL/Push Button/PushButton.o
                0x00800199                Glob_PB2_u8PinValue
 .bss.KetPadValue
                0x0080019a        0x1 ./HAL/KeyPad/KeyPad.o
                0x0080019a                KetPadValue
 .bss.xHeapHasBeenInitialised.1640
                0x0080019b        0x1 ./FreeRtos/heap_2.o
 .bss.ucHeap    0x0080019c      0x3e8 ./FreeRtos/heap_2.o
 .bss.xStart    0x00800584        0x4 ./FreeRtos/heap_2.o
 .bss.xEnd      0x00800588        0x4 ./FreeRtos/heap_2.o
 .bss.pxCurrentTCB
                0x0080058c        0x2 ./FreeRtos/tasks.o
                0x0080058c                pxCurrentTCB
 .bss.uxDeletedTasksWaitingCleanUp
                0x0080058e        0x1 ./FreeRtos/tasks.o
 .bss.uxCurrentNumberOfTasks
                0x0080058f        0x1 ./FreeRtos/tasks.o
 .bss.xTickCount
                0x00800590        0x2 ./FreeRtos/tasks.o
 .bss.uxTopReadyPriority
                0x00800592        0x1 ./FreeRtos/tasks.o
 .bss.xSchedulerRunning
                0x00800593        0x1 ./FreeRtos/tasks.o
 .bss.uxPendedTicks
                0x00800594        0x1 ./FreeRtos/tasks.o
 .bss.xYieldPending
                0x00800595        0x1 ./FreeRtos/tasks.o
 .bss.xNumOfOverflows
                0x00800596        0x1 ./FreeRtos/tasks.o
 .bss.uxTaskNumber
                0x00800597        0x1 ./FreeRtos/tasks.o
 .bss.xNextTaskUnblockTime
                0x00800598        0x2 ./FreeRtos/tasks.o
 .bss.xIdleTaskHandle
                0x0080059a        0x2 ./FreeRtos/tasks.o
 .bss.uxSchedulerSuspended
                0x0080059c        0x1 ./FreeRtos/tasks.o
 .bss.pxReadyTasksLists
                0x0080059d       0x51 ./FreeRtos/tasks.o
 .bss.xDelayedTaskList1
                0x008005ee        0x9 ./FreeRtos/tasks.o
 .bss.xDelayedTaskList2
                0x008005f7        0x9 ./FreeRtos/tasks.o
 .bss.pxDelayedTaskList
                0x00800600        0x2 ./FreeRtos/tasks.o
 .bss.pxOverflowDelayedTaskList
                0x00800602        0x2 ./FreeRtos/tasks.o
 .bss.xPendingReadyList
                0x00800604        0x9 ./FreeRtos/tasks.o
 .bss.xTasksWaitingTermination
                0x0080060d        0x9 ./FreeRtos/tasks.o
 .bss.xSuspendedTaskList
                0x00800616        0x9 ./FreeRtos/tasks.o
 *(COMMON)
 COMMON         0x0080061f        0x4 ./MCAL/Timer 0/Timer_0.o
                0x0080061f                Glob_TickTime
                0x00800623                PROVIDE (__bss_end, .)
                0x00008eca                __data_load_start = LOADADDR (.data)
                0x00008fec                __data_load_end = (__data_load_start + SIZEOF (.data))

.noinit         0x00800623        0x0
                0x00800623                PROVIDE (__noinit_start, .)
 *(.noinit*)
                0x00800623                PROVIDE (__noinit_end, .)
                0x00800623                _end = .
                0x00800623                PROVIDE (__heap_start, .)

.eeprom         0x00810000        0x0
 *(.eeprom*)
                0x00810000                __eeprom_end = .

.fuse
 *(.fuse)
 *(.lfuse)
 *(.hfuse)
 *(.efuse)

.lock
 *(.lock*)

.signature
 *(.signature*)

.stab           0x00000000     0xcef4
 *(.stab)
 .stab          0x00000000      0x588 ./SERVICE/ICU_Interface.o
 .stab          0x00000588      0x3d8 ./MCAL/WDT/WDT.o
                                0x3e4 (size before relaxing)
 .stab          0x00000960      0x2ac ./MCAL/UART/UART.o
                                0x2b8 (size before relaxing)
 .stab          0x00000c0c     0x135c ./MCAL/Timer 1/Timer1.o
                               0x14f4 (size before relaxing)
 .stab          0x00001f68      0x93c ./MCAL/Timer 0/Timer_0.o
                                0x948 (size before relaxing)
 .stab          0x000028a4      0x51c ./MCAL/TWI/TWI.o
                                0x6b4 (size before relaxing)
 .stab          0x00002dc0      0x3cc ./MCAL/SPI/SPI.o
                                0x564 (size before relaxing)
 .stab          0x0000318c      0x690 ./MCAL/Interrupt/Interrupt.o
                                0x69c (size before relaxing)
 .stab          0x0000381c      0xe4c ./MCAL/DIO/DIO.o
                                0xfe4 (size before relaxing)
 .stab          0x00004668      0x660 ./MCAL/ADC/ADC.o
                                0x66c (size before relaxing)
 .stab          0x00004cc8      0x2f4 ./HAL/Servo Motor/Servo_Motor.o
                                0x48c (size before relaxing)
 .stab          0x00004fbc      0x36c ./HAL/Push Button/PushButton.o
                                0x504 (size before relaxing)
 .stab          0x00005328      0x2a0 ./HAL/Potentiometer/Potentiometer.o
                                0x438 (size before relaxing)
 .stab          0x000055c8      0x360 ./HAL/LED/LED.o
                                0x4f8 (size before relaxing)
 .stab          0x00005928     0x1080 ./HAL/LCD/LCD.o
                               0x1218 (size before relaxing)
 .stab          0x000069a8      0x4c8 ./HAL/KeyPad/KeyPad.o
                                0x660 (size before relaxing)
 .stab          0x00006e70      0x498 ./HAL/H_Bridge/H_Bridge.o
                                0x630 (size before relaxing)
 .stab          0x00007308      0x360 ./HAL/Buzzer/Buzzer.o
                                0x4f8 (size before relaxing)
 .stab          0x00007668      0x8b8 ./FreeRtos/heap_2.o
                                0xa44 (size before relaxing)
 .stab          0x00007f20      0x474 ./FreeRtos/list.o
                                0x834 (size before relaxing)
 .stab          0x00008394      0x840 ./FreeRtos/port.o
                                0xcc0 (size before relaxing)
 .stab          0x00008bd4     0x1758 ./FreeRtos/queue.o
                               0x1be4 (size before relaxing)
 .stab          0x0000a32c     0x27fc ./FreeRtos/tasks.o
                               0x2c88 (size before relaxing)
 .stab          0x0000cb28       0xd8 ./Application/Autonomous_Car/Autonomous_Car.o
                                 0xe4 (size before relaxing)
 .stab          0x0000cc00      0x2f4 ./Application/main.o
                                0x48c (size before relaxing)

.stabstr        0x00000000     0x60e6
 *(.stabstr)
 .stabstr       0x00000000     0x60e6 ./SERVICE/ICU_Interface.o

.stab.excl
 *(.stab.excl)

.stab.exclstr
 *(.stab.exclstr)

.stab.index
 *(.stab.index)

.stab.indexstr
 *(.stab.indexstr)

.comment
 *(.comment)

.debug
 *(.debug)

.line
 *(.line)

.debug_srcinfo
 *(.debug_srcinfo)

.debug_sfnames
 *(.debug_sfnames)

.debug_aranges  0x00000000      0x1e0
 *(.debug_aranges)
 .debug_aranges
                0x00000000       0x20 d:/interface/sdk_win_64/sdk_win_64/winavr/bin/../lib/gcc/avr/4.3.3/avr5\libgcc.a(_fixunssfsi.o)
 .debug_aranges
                0x00000020       0x20 d:/interface/sdk_win_64/sdk_win_64/winavr/bin/../lib/gcc/avr/4.3.3/avr5\libgcc.a(_addsub_sf.o)
 .debug_aranges
                0x00000040       0x20 d:/interface/sdk_win_64/sdk_win_64/winavr/bin/../lib/gcc/avr/4.3.3/avr5\libgcc.a(_mul_sf.o)
 .debug_aranges
                0x00000060       0x20 d:/interface/sdk_win_64/sdk_win_64/winavr/bin/../lib/gcc/avr/4.3.3/avr5\libgcc.a(_div_sf.o)
 .debug_aranges
                0x00000080       0x20 d:/interface/sdk_win_64/sdk_win_64/winavr/bin/../lib/gcc/avr/4.3.3/avr5\libgcc.a(_gt_sf.o)
 .debug_aranges
                0x000000a0       0x20 d:/interface/sdk_win_64/sdk_win_64/winavr/bin/../lib/gcc/avr/4.3.3/avr5\libgcc.a(_ge_sf.o)
 .debug_aranges
                0x000000c0       0x20 d:/interface/sdk_win_64/sdk_win_64/winavr/bin/../lib/gcc/avr/4.3.3/avr5\libgcc.a(_lt_sf.o)
 .debug_aranges
                0x000000e0       0x20 d:/interface/sdk_win_64/sdk_win_64/winavr/bin/../lib/gcc/avr/4.3.3/avr5\libgcc.a(_le_sf.o)
 .debug_aranges
                0x00000100       0x20 d:/interface/sdk_win_64/sdk_win_64/winavr/bin/../lib/gcc/avr/4.3.3/avr5\libgcc.a(_si_to_sf.o)
 .debug_aranges
                0x00000120       0x20 d:/interface/sdk_win_64/sdk_win_64/winavr/bin/../lib/gcc/avr/4.3.3/avr5\libgcc.a(_sf_to_si.o)
 .debug_aranges
                0x00000140       0x20 d:/interface/sdk_win_64/sdk_win_64/winavr/bin/../lib/gcc/avr/4.3.3/avr5\libgcc.a(_usi_to_sf.o)
 .debug_aranges
                0x00000160       0x20 d:/interface/sdk_win_64/sdk_win_64/winavr/bin/../lib/gcc/avr/4.3.3/avr5\libgcc.a(_clzsi2.o)
 .debug_aranges
                0x00000180       0x20 d:/interface/sdk_win_64/sdk_win_64/winavr/bin/../lib/gcc/avr/4.3.3/avr5\libgcc.a(_pack_sf.o)
 .debug_aranges
                0x000001a0       0x20 d:/interface/sdk_win_64/sdk_win_64/winavr/bin/../lib/gcc/avr/4.3.3/avr5\libgcc.a(_unpack_sf.o)
 .debug_aranges
                0x000001c0       0x20 d:/interface/sdk_win_64/sdk_win_64/winavr/bin/../lib/gcc/avr/4.3.3/avr5\libgcc.a(_fpcmp_parts_sf.o)

.debug_pubnames
                0x00000000      0x232
 *(.debug_pubnames)
 .debug_pubnames
                0x00000000       0x23 d:/interface/sdk_win_64/sdk_win_64/winavr/bin/../lib/gcc/avr/4.3.3/avr5\libgcc.a(_fixunssfsi.o)
 .debug_pubnames
                0x00000023       0x2c d:/interface/sdk_win_64/sdk_win_64/winavr/bin/../lib/gcc/avr/4.3.3/avr5\libgcc.a(_addsub_sf.o)
 .debug_pubnames
                0x0000004f       0x1f d:/interface/sdk_win_64/sdk_win_64/winavr/bin/../lib/gcc/avr/4.3.3/avr5\libgcc.a(_mul_sf.o)
 .debug_pubnames
                0x0000006e       0x1f d:/interface/sdk_win_64/sdk_win_64/winavr/bin/../lib/gcc/avr/4.3.3/avr5\libgcc.a(_div_sf.o)
 .debug_pubnames
                0x0000008d       0x1e d:/interface/sdk_win_64/sdk_win_64/winavr/bin/../lib/gcc/avr/4.3.3/avr5\libgcc.a(_gt_sf.o)
 .debug_pubnames
                0x000000ab       0x1e d:/interface/sdk_win_64/sdk_win_64/winavr/bin/../lib/gcc/avr/4.3.3/avr5\libgcc.a(_ge_sf.o)
 .debug_pubnames
                0x000000c9       0x1e d:/interface/sdk_win_64/sdk_win_64/winavr/bin/../lib/gcc/avr/4.3.3/avr5\libgcc.a(_lt_sf.o)
 .debug_pubnames
                0x000000e7       0x1e d:/interface/sdk_win_64/sdk_win_64/winavr/bin/../lib/gcc/avr/4.3.3/avr5\libgcc.a(_le_sf.o)
 .debug_pubnames
                0x00000105       0x22 d:/interface/sdk_win_64/sdk_win_64/winavr/bin/../lib/gcc/avr/4.3.3/avr5\libgcc.a(_si_to_sf.o)
 .debug_pubnames
                0x00000127       0x20 d:/interface/sdk_win_64/sdk_win_64/winavr/bin/../lib/gcc/avr/4.3.3/avr5\libgcc.a(_sf_to_si.o)
 .debug_pubnames
                0x00000147       0x22 d:/interface/sdk_win_64/sdk_win_64/winavr/bin/../lib/gcc/avr/4.3.3/avr5\libgcc.a(_thenan_sf.o)
 .debug_pubnames
                0x00000169       0x24 d:/interface/sdk_win_64/sdk_win_64/winavr/bin/../lib/gcc/avr/4.3.3/avr5\libgcc.a(_usi_to_sf.o)
 .debug_pubnames
                0x0000018d       0x1f d:/interface/sdk_win_64/sdk_win_64/winavr/bin/../lib/gcc/avr/4.3.3/avr5\libgcc.a(_clzsi2.o)
 .debug_pubnames
                0x000001ac       0x1f d:/interface/sdk_win_64/sdk_win_64/winavr/bin/../lib/gcc/avr/4.3.3/avr5\libgcc.a(_pack_sf.o)
 .debug_pubnames
                0x000001cb       0x21 d:/interface/sdk_win_64/sdk_win_64/winavr/bin/../lib/gcc/avr/4.3.3/avr5\libgcc.a(_unpack_sf.o)
 .debug_pubnames
                0x000001ec       0x26 d:/interface/sdk_win_64/sdk_win_64/winavr/bin/../lib/gcc/avr/4.3.3/avr5\libgcc.a(_fpcmp_parts_sf.o)
 .debug_pubnames
                0x00000212       0x20 d:/interface/sdk_win_64/sdk_win_64/winavr/bin/../lib/gcc/avr/4.3.3/avr5\libgcc.a(_clz.o)

.debug_info     0x00000000     0x2891
 *(.debug_info)
 .debug_info    0x00000000       0xb1 d:/interface/sdk_win_64/sdk_win_64/winavr/bin/../lib/gcc/avr/4.3.3/avr5\libgcc.a(_fixunssfsi.o)
 .debug_info    0x000000b1      0x47a d:/interface/sdk_win_64/sdk_win_64/winavr/bin/../lib/gcc/avr/4.3.3/avr5\libgcc.a(_addsub_sf.o)
 .debug_info    0x0000052b      0x485 d:/interface/sdk_win_64/sdk_win_64/winavr/bin/../lib/gcc/avr/4.3.3/avr5\libgcc.a(_mul_sf.o)
 .debug_info    0x000009b0      0x3fc d:/interface/sdk_win_64/sdk_win_64/winavr/bin/../lib/gcc/avr/4.3.3/avr5\libgcc.a(_div_sf.o)
 .debug_info    0x00000dac      0x27f d:/interface/sdk_win_64/sdk_win_64/winavr/bin/../lib/gcc/avr/4.3.3/avr5\libgcc.a(_gt_sf.o)
 .debug_info    0x0000102b      0x27f d:/interface/sdk_win_64/sdk_win_64/winavr/bin/../lib/gcc/avr/4.3.3/avr5\libgcc.a(_ge_sf.o)
 .debug_info    0x000012aa      0x27f d:/interface/sdk_win_64/sdk_win_64/winavr/bin/../lib/gcc/avr/4.3.3/avr5\libgcc.a(_lt_sf.o)
 .debug_info    0x00001529      0x27f d:/interface/sdk_win_64/sdk_win_64/winavr/bin/../lib/gcc/avr/4.3.3/avr5\libgcc.a(_le_sf.o)
 .debug_info    0x000017a8      0x207 d:/interface/sdk_win_64/sdk_win_64/winavr/bin/../lib/gcc/avr/4.3.3/avr5\libgcc.a(_si_to_sf.o)
 .debug_info    0x000019af      0x2b0 d:/interface/sdk_win_64/sdk_win_64/winavr/bin/../lib/gcc/avr/4.3.3/avr5\libgcc.a(_sf_to_si.o)
 .debug_info    0x00001c5f      0x12c d:/interface/sdk_win_64/sdk_win_64/winavr/bin/../lib/gcc/avr/4.3.3/avr5\libgcc.a(_thenan_sf.o)
 .debug_info    0x00001d8b      0x206 d:/interface/sdk_win_64/sdk_win_64/winavr/bin/../lib/gcc/avr/4.3.3/avr5\libgcc.a(_usi_to_sf.o)
 .debug_info    0x00001f91      0x117 d:/interface/sdk_win_64/sdk_win_64/winavr/bin/../lib/gcc/avr/4.3.3/avr5\libgcc.a(_clzsi2.o)
 .debug_info    0x000020a8      0x2df d:/interface/sdk_win_64/sdk_win_64/winavr/bin/../lib/gcc/avr/4.3.3/avr5\libgcc.a(_pack_sf.o)
 .debug_info    0x00002387      0x251 d:/interface/sdk_win_64/sdk_win_64/winavr/bin/../lib/gcc/avr/4.3.3/avr5\libgcc.a(_unpack_sf.o)
 .debug_info    0x000025d8      0x210 d:/interface/sdk_win_64/sdk_win_64/winavr/bin/../lib/gcc/avr/4.3.3/avr5\libgcc.a(_fpcmp_parts_sf.o)
 .debug_info    0x000027e8       0xa9 d:/interface/sdk_win_64/sdk_win_64/winavr/bin/../lib/gcc/avr/4.3.3/avr5\libgcc.a(_clz.o)
 *(.gnu.linkonce.wi.*)

.debug_abbrev   0x00000000     0x1628
 *(.debug_abbrev)
 .debug_abbrev  0x00000000       0x5d d:/interface/sdk_win_64/sdk_win_64/winavr/bin/../lib/gcc/avr/4.3.3/avr5\libgcc.a(_fixunssfsi.o)
 .debug_abbrev  0x0000005d      0x1ea d:/interface/sdk_win_64/sdk_win_64/winavr/bin/../lib/gcc/avr/4.3.3/avr5\libgcc.a(_addsub_sf.o)
 .debug_abbrev  0x00000247      0x21b d:/interface/sdk_win_64/sdk_win_64/winavr/bin/../lib/gcc/avr/4.3.3/avr5\libgcc.a(_mul_sf.o)
 .debug_abbrev  0x00000462      0x216 d:/interface/sdk_win_64/sdk_win_64/winavr/bin/../lib/gcc/avr/4.3.3/avr5\libgcc.a(_div_sf.o)
 .debug_abbrev  0x00000678      0x15a d:/interface/sdk_win_64/sdk_win_64/winavr/bin/../lib/gcc/avr/4.3.3/avr5\libgcc.a(_gt_sf.o)
 .debug_abbrev  0x000007d2      0x15a d:/interface/sdk_win_64/sdk_win_64/winavr/bin/../lib/gcc/avr/4.3.3/avr5\libgcc.a(_ge_sf.o)
 .debug_abbrev  0x0000092c      0x15a d:/interface/sdk_win_64/sdk_win_64/winavr/bin/../lib/gcc/avr/4.3.3/avr5\libgcc.a(_lt_sf.o)
 .debug_abbrev  0x00000a86      0x15a d:/interface/sdk_win_64/sdk_win_64/winavr/bin/../lib/gcc/avr/4.3.3/avr5\libgcc.a(_le_sf.o)
 .debug_abbrev  0x00000be0      0x148 d:/interface/sdk_win_64/sdk_win_64/winavr/bin/../lib/gcc/avr/4.3.3/avr5\libgcc.a(_si_to_sf.o)
 .debug_abbrev  0x00000d28      0x17f d:/interface/sdk_win_64/sdk_win_64/winavr/bin/../lib/gcc/avr/4.3.3/avr5\libgcc.a(_sf_to_si.o)
 .debug_abbrev  0x00000ea7       0xad d:/interface/sdk_win_64/sdk_win_64/winavr/bin/../lib/gcc/avr/4.3.3/avr5\libgcc.a(_thenan_sf.o)
 .debug_abbrev  0x00000f54      0x157 d:/interface/sdk_win_64/sdk_win_64/winavr/bin/../lib/gcc/avr/4.3.3/avr5\libgcc.a(_usi_to_sf.o)
 .debug_abbrev  0x000010ab       0xc4 d:/interface/sdk_win_64/sdk_win_64/winavr/bin/../lib/gcc/avr/4.3.3/avr5\libgcc.a(_clzsi2.o)
 .debug_abbrev  0x0000116f      0x1c0 d:/interface/sdk_win_64/sdk_win_64/winavr/bin/../lib/gcc/avr/4.3.3/avr5\libgcc.a(_pack_sf.o)
 .debug_abbrev  0x0000132f      0x154 d:/interface/sdk_win_64/sdk_win_64/winavr/bin/../lib/gcc/avr/4.3.3/avr5\libgcc.a(_unpack_sf.o)
 .debug_abbrev  0x00001483      0x13b d:/interface/sdk_win_64/sdk_win_64/winavr/bin/../lib/gcc/avr/4.3.3/avr5\libgcc.a(_fpcmp_parts_sf.o)
 .debug_abbrev  0x000015be       0x6a d:/interface/sdk_win_64/sdk_win_64/winavr/bin/../lib/gcc/avr/4.3.3/avr5\libgcc.a(_clz.o)

.debug_line     0x00000000     0x13de
 *(.debug_line)
 .debug_line    0x00000000       0xa7 d:/interface/sdk_win_64/sdk_win_64/winavr/bin/../lib/gcc/avr/4.3.3/avr5\libgcc.a(_fixunssfsi.o)
 .debug_line    0x000000a7      0x2af d:/interface/sdk_win_64/sdk_win_64/winavr/bin/../lib/gcc/avr/4.3.3/avr5\libgcc.a(_addsub_sf.o)
 .debug_line    0x00000356      0x239 d:/interface/sdk_win_64/sdk_win_64/winavr/bin/../lib/gcc/avr/4.3.3/avr5\libgcc.a(_mul_sf.o)
 .debug_line    0x0000058f      0x1d5 d:/interface/sdk_win_64/sdk_win_64/winavr/bin/../lib/gcc/avr/4.3.3/avr5\libgcc.a(_div_sf.o)
 .debug_line    0x00000764       0xd3 d:/interface/sdk_win_64/sdk_win_64/winavr/bin/../lib/gcc/avr/4.3.3/avr5\libgcc.a(_gt_sf.o)
 .debug_line    0x00000837       0xd3 d:/interface/sdk_win_64/sdk_win_64/winavr/bin/../lib/gcc/avr/4.3.3/avr5\libgcc.a(_ge_sf.o)
 .debug_line    0x0000090a       0xd3 d:/interface/sdk_win_64/sdk_win_64/winavr/bin/../lib/gcc/avr/4.3.3/avr5\libgcc.a(_lt_sf.o)
 .debug_line    0x000009dd       0xd3 d:/interface/sdk_win_64/sdk_win_64/winavr/bin/../lib/gcc/avr/4.3.3/avr5\libgcc.a(_le_sf.o)
 .debug_line    0x00000ab0      0x135 d:/interface/sdk_win_64/sdk_win_64/winavr/bin/../lib/gcc/avr/4.3.3/avr5\libgcc.a(_si_to_sf.o)
 .debug_line    0x00000be5      0x109 d:/interface/sdk_win_64/sdk_win_64/winavr/bin/../lib/gcc/avr/4.3.3/avr5\libgcc.a(_sf_to_si.o)
 .debug_line    0x00000cee       0x90 d:/interface/sdk_win_64/sdk_win_64/winavr/bin/../lib/gcc/avr/4.3.3/avr5\libgcc.a(_thenan_sf.o)
 .debug_line    0x00000d7e      0x133 d:/interface/sdk_win_64/sdk_win_64/winavr/bin/../lib/gcc/avr/4.3.3/avr5\libgcc.a(_usi_to_sf.o)
 .debug_line    0x00000eb1       0xa5 d:/interface/sdk_win_64/sdk_win_64/winavr/bin/../lib/gcc/avr/4.3.3/avr5\libgcc.a(_clzsi2.o)
 .debug_line    0x00000f56      0x18a d:/interface/sdk_win_64/sdk_win_64/winavr/bin/../lib/gcc/avr/4.3.3/avr5\libgcc.a(_pack_sf.o)
 .debug_line    0x000010e0      0x14b d:/interface/sdk_win_64/sdk_win_64/winavr/bin/../lib/gcc/avr/4.3.3/avr5\libgcc.a(_unpack_sf.o)
 .debug_line    0x0000122b      0x137 d:/interface/sdk_win_64/sdk_win_64/winavr/bin/../lib/gcc/avr/4.3.3/avr5\libgcc.a(_fpcmp_parts_sf.o)
 .debug_line    0x00001362       0x7c d:/interface/sdk_win_64/sdk_win_64/winavr/bin/../lib/gcc/avr/4.3.3/avr5\libgcc.a(_clz.o)

.debug_frame    0x00000000      0x200
 *(.debug_frame)
 .debug_frame   0x00000000       0x20 d:/interface/sdk_win_64/sdk_win_64/winavr/bin/../lib/gcc/avr/4.3.3/avr5\libgcc.a(_fixunssfsi.o)
 .debug_frame   0x00000020       0x40 d:/interface/sdk_win_64/sdk_win_64/winavr/bin/../lib/gcc/avr/4.3.3/avr5\libgcc.a(_addsub_sf.o)
 .debug_frame   0x00000060       0x20 d:/interface/sdk_win_64/sdk_win_64/winavr/bin/../lib/gcc/avr/4.3.3/avr5\libgcc.a(_mul_sf.o)
 .debug_frame   0x00000080       0x20 d:/interface/sdk_win_64/sdk_win_64/winavr/bin/../lib/gcc/avr/4.3.3/avr5\libgcc.a(_div_sf.o)
 .debug_frame   0x000000a0       0x20 d:/interface/sdk_win_64/sdk_win_64/winavr/bin/../lib/gcc/avr/4.3.3/avr5\libgcc.a(_gt_sf.o)
 .debug_frame   0x000000c0       0x20 d:/interface/sdk_win_64/sdk_win_64/winavr/bin/../lib/gcc/avr/4.3.3/avr5\libgcc.a(_ge_sf.o)
 .debug_frame   0x000000e0       0x20 d:/interface/sdk_win_64/sdk_win_64/winavr/bin/../lib/gcc/avr/4.3.3/avr5\libgcc.a(_lt_sf.o)
 .debug_frame   0x00000100       0x20 d:/interface/sdk_win_64/sdk_win_64/winavr/bin/../lib/gcc/avr/4.3.3/avr5\libgcc.a(_le_sf.o)
 .debug_frame   0x00000120       0x20 d:/interface/sdk_win_64/sdk_win_64/winavr/bin/../lib/gcc/avr/4.3.3/avr5\libgcc.a(_si_to_sf.o)
 .debug_frame   0x00000140       0x20 d:/interface/sdk_win_64/sdk_win_64/winavr/bin/../lib/gcc/avr/4.3.3/avr5\libgcc.a(_sf_to_si.o)
 .debug_frame   0x00000160       0x20 d:/interface/sdk_win_64/sdk_win_64/winavr/bin/../lib/gcc/avr/4.3.3/avr5\libgcc.a(_usi_to_sf.o)
 .debug_frame   0x00000180       0x20 d:/interface/sdk_win_64/sdk_win_64/winavr/bin/../lib/gcc/avr/4.3.3/avr5\libgcc.a(_clzsi2.o)
 .debug_frame   0x000001a0       0x20 d:/interface/sdk_win_64/sdk_win_64/winavr/bin/../lib/gcc/avr/4.3.3/avr5\libgcc.a(_pack_sf.o)
 .debug_frame   0x000001c0       0x20 d:/interface/sdk_win_64/sdk_win_64/winavr/bin/../lib/gcc/avr/4.3.3/avr5\libgcc.a(_unpack_sf.o)
 .debug_frame   0x000001e0       0x20 d:/interface/sdk_win_64/sdk_win_64/winavr/bin/../lib/gcc/avr/4.3.3/avr5\libgcc.a(_fpcmp_parts_sf.o)

.debug_str      0x00000000      0x30f
 *(.debug_str)
 .debug_str     0x00000000       0xbf d:/interface/sdk_win_64/sdk_win_64/winavr/bin/../lib/gcc/avr/4.3.3/avr5\libgcc.a(_fixunssfsi.o)
                                 0xfe (size before relaxing)
 .debug_str     0x000000bf      0x14d d:/interface/sdk_win_64/sdk_win_64/winavr/bin/../lib/gcc/avr/4.3.3/avr5\libgcc.a(_addsub_sf.o)
                                0x206 (size before relaxing)
 .debug_str     0x0000020c       0x27 d:/interface/sdk_win_64/sdk_win_64/winavr/bin/../lib/gcc/avr/4.3.3/avr5\libgcc.a(_mul_sf.o)
                                0x1bf (size before relaxing)
 .debug_str     0x00000233       0x35 d:/interface/sdk_win_64/sdk_win_64/winavr/bin/../lib/gcc/avr/4.3.3/avr5\libgcc.a(_div_sf.o)
                                0x1c8 (size before relaxing)
 .debug_str     0x00000268        0x8 d:/interface/sdk_win_64/sdk_win_64/winavr/bin/../lib/gcc/avr/4.3.3/avr5\libgcc.a(_gt_sf.o)
                                0x195 (size before relaxing)
 .debug_str     0x00000270        0x8 d:/interface/sdk_win_64/sdk_win_64/winavr/bin/../lib/gcc/avr/4.3.3/avr5\libgcc.a(_ge_sf.o)
                                0x195 (size before relaxing)
 .debug_str     0x00000278        0x8 d:/interface/sdk_win_64/sdk_win_64/winavr/bin/../lib/gcc/avr/4.3.3/avr5\libgcc.a(_lt_sf.o)
                                0x195 (size before relaxing)
 .debug_str     0x00000280        0x8 d:/interface/sdk_win_64/sdk_win_64/winavr/bin/../lib/gcc/avr/4.3.3/avr5\libgcc.a(_le_sf.o)
                                0x195 (size before relaxing)
 .debug_str     0x00000288       0x1e d:/interface/sdk_win_64/sdk_win_64/winavr/bin/../lib/gcc/avr/4.3.3/avr5\libgcc.a(_si_to_sf.o)
                                0x17b (size before relaxing)
 .debug_str     0x000002a6        0xa d:/interface/sdk_win_64/sdk_win_64/winavr/bin/../lib/gcc/avr/4.3.3/avr5\libgcc.a(_sf_to_si.o)
                                0x19e (size before relaxing)
 .debug_str     0x00000000      0x103 d:/interface/sdk_win_64/sdk_win_64/winavr/bin/../lib/gcc/avr/4.3.3/avr5\libgcc.a(_thenan_sf.o)
 .debug_str     0x000002b0       0x14 d:/interface/sdk_win_64/sdk_win_64/winavr/bin/../lib/gcc/avr/4.3.3/avr5\libgcc.a(_usi_to_sf.o)
                                0x177 (size before relaxing)
 .debug_str     0x000002c4       0x20 d:/interface/sdk_win_64/sdk_win_64/winavr/bin/../lib/gcc/avr/4.3.3/avr5\libgcc.a(_clzsi2.o)
                                0x111 (size before relaxing)
 .debug_str     0x000002e4       0x10 d:/interface/sdk_win_64/sdk_win_64/winavr/bin/../lib/gcc/avr/4.3.3/avr5\libgcc.a(_pack_sf.o)
                                0x19d (size before relaxing)
 .debug_str     0x000002f4        0xb d:/interface/sdk_win_64/sdk_win_64/winavr/bin/../lib/gcc/avr/4.3.3/avr5\libgcc.a(_unpack_sf.o)
                                0x17f (size before relaxing)
 .debug_str     0x000002ff       0x10 d:/interface/sdk_win_64/sdk_win_64/winavr/bin/../lib/gcc/avr/4.3.3/avr5\libgcc.a(_fpcmp_parts_sf.o)
                                0x163 (size before relaxing)
 .debug_str     0x00000000       0xf4 d:/interface/sdk_win_64/sdk_win_64/winavr/bin/../lib/gcc/avr/4.3.3/avr5\libgcc.a(_clz.o)

.debug_loc      0x00000000      0xa56
 *(.debug_loc)
 .debug_loc     0x00000000       0x34 d:/interface/sdk_win_64/sdk_win_64/winavr/bin/../lib/gcc/avr/4.3.3/avr5\libgcc.a(_fixunssfsi.o)
 .debug_loc     0x00000034      0x32a d:/interface/sdk_win_64/sdk_win_64/winavr/bin/../lib/gcc/avr/4.3.3/avr5\libgcc.a(_addsub_sf.o)
 .debug_loc     0x0000035e      0x104 d:/interface/sdk_win_64/sdk_win_64/winavr/bin/../lib/gcc/avr/4.3.3/avr5\libgcc.a(_mul_sf.o)
 .debug_loc     0x00000462       0xc0 d:/interface/sdk_win_64/sdk_win_64/winavr/bin/../lib/gcc/avr/4.3.3/avr5\libgcc.a(_div_sf.o)
 .debug_loc     0x00000522       0x3c d:/interface/sdk_win_64/sdk_win_64/winavr/bin/../lib/gcc/avr/4.3.3/avr5\libgcc.a(_gt_sf.o)
 .debug_loc     0x0000055e       0x3c d:/interface/sdk_win_64/sdk_win_64/winavr/bin/../lib/gcc/avr/4.3.3/avr5\libgcc.a(_ge_sf.o)
 .debug_loc     0x0000059a       0x3c d:/interface/sdk_win_64/sdk_win_64/winavr/bin/../lib/gcc/avr/4.3.3/avr5\libgcc.a(_lt_sf.o)
 .debug_loc     0x000005d6       0x3c d:/interface/sdk_win_64/sdk_win_64/winavr/bin/../lib/gcc/avr/4.3.3/avr5\libgcc.a(_le_sf.o)
 .debug_loc     0x00000612       0xac d:/interface/sdk_win_64/sdk_win_64/winavr/bin/../lib/gcc/avr/4.3.3/avr5\libgcc.a(_si_to_sf.o)
 .debug_loc     0x000006be       0x7e d:/interface/sdk_win_64/sdk_win_64/winavr/bin/../lib/gcc/avr/4.3.3/avr5\libgcc.a(_sf_to_si.o)
 .debug_loc     0x0000073c       0x4c d:/interface/sdk_win_64/sdk_win_64/winavr/bin/../lib/gcc/avr/4.3.3/avr5\libgcc.a(_usi_to_sf.o)
 .debug_loc     0x00000788       0x94 d:/interface/sdk_win_64/sdk_win_64/winavr/bin/../lib/gcc/avr/4.3.3/avr5\libgcc.a(_clzsi2.o)
 .debug_loc     0x0000081c      0x13e d:/interface/sdk_win_64/sdk_win_64/winavr/bin/../lib/gcc/avr/4.3.3/avr5\libgcc.a(_pack_sf.o)
 .debug_loc     0x0000095a       0xac d:/interface/sdk_win_64/sdk_win_64/winavr/bin/../lib/gcc/avr/4.3.3/avr5\libgcc.a(_unpack_sf.o)
 .debug_loc     0x00000a06       0x50 d:/interface/sdk_win_64/sdk_win_64/winavr/bin/../lib/gcc/avr/4.3.3/avr5\libgcc.a(_fpcmp_parts_sf.o)

.debug_macinfo
 *(.debug_macinfo)
OUTPUT(Autonomous_Car.elf elf32-avr)
LOAD linker stubs

.debug_ranges   0x00000000       0x50
 .debug_ranges  0x00000000       0x50 d:/interface/sdk_win_64/sdk_win_64/winavr/bin/../lib/gcc/avr/4.3.3/avr5\libgcc.a(_mul_sf.o)
