Archive member included because of file (symbol)

d:/interface/sdk_win_64/sdk_win_64/winavr/bin/../lib/gcc/avr/4.3.3/avr5\libgcc.a(_mulsi3.o)
                              ./MCAL/ADC/ADC.o (__mulsi3)
d:/interface/sdk_win_64/sdk_win_64/winavr/bin/../lib/gcc/avr/4.3.3/avr5\libgcc.a(_exit.o)
                              d:/interface/sdk_win_64/sdk_win_64/winavr/bin/../lib/gcc/avr/4.3.3/../../../../avr/lib/avr5/crtm32.o (exit)
d:/interface/sdk_win_64/sdk_win_64/winavr/bin/../lib/gcc/avr/4.3.3/avr5\libgcc.a(_copy_data.o)
                              ./HAL/Ultrasonic_Sensor/Ultrasonic_Sensor.o (__do_copy_data)
d:/interface/sdk_win_64/sdk_win_64/winavr/bin/../lib/gcc/avr/4.3.3/avr5\libgcc.a(_clear_bss.o)
                              ./MCAL/Timer 0/Timer_0.o (__do_clear_bss)
d:/interface/sdk_win_64/sdk_win_64/winavr/bin/../lib/gcc/avr/4.3.3/avr5\libgcc.a(_fixunssfsi.o)
                              ./MCAL/Timer 0/Timer_0.o (__fixunssfsi)
d:/interface/sdk_win_64/sdk_win_64/winavr/bin/../lib/gcc/avr/4.3.3/avr5\libgcc.a(_addsub_sf.o)
                              d:/interface/sdk_win_64/sdk_win_64/winavr/bin/../lib/gcc/avr/4.3.3/avr5\libgcc.a(_fixunssfsi.o) (__subsf3)
d:/interface/sdk_win_64/sdk_win_64/winavr/bin/../lib/gcc/avr/4.3.3/avr5\libgcc.a(_mul_sf.o)
                              ./MCAL/Timer 0/Timer_0.o (__mulsf3)
d:/interface/sdk_win_64/sdk_win_64/winavr/bin/../lib/gcc/avr/4.3.3/avr5\libgcc.a(_div_sf.o)
                              ./MCAL/Timer 0/Timer_0.o (__divsf3)
d:/interface/sdk_win_64/sdk_win_64/winavr/bin/../lib/gcc/avr/4.3.3/avr5\libgcc.a(_gt_sf.o)
                              ./HAL/Ultrasonic_Sensor/Ultrasonic_Sensor.o (__gtsf2)
d:/interface/sdk_win_64/sdk_win_64/winavr/bin/../lib/gcc/avr/4.3.3/avr5\libgcc.a(_ge_sf.o)
                              d:/interface/sdk_win_64/sdk_win_64/winavr/bin/../lib/gcc/avr/4.3.3/avr5\libgcc.a(_fixunssfsi.o) (__gesf2)
d:/interface/sdk_win_64/sdk_win_64/winavr/bin/../lib/gcc/avr/4.3.3/avr5\libgcc.a(_lt_sf.o)
                              ./HAL/Ultrasonic_Sensor/Ultrasonic_Sensor.o (__ltsf2)
d:/interface/sdk_win_64/sdk_win_64/winavr/bin/../lib/gcc/avr/4.3.3/avr5\libgcc.a(_sf_to_si.o)
                              d:/interface/sdk_win_64/sdk_win_64/winavr/bin/../lib/gcc/avr/4.3.3/avr5\libgcc.a(_fixunssfsi.o) (__fixsfsi)
d:/interface/sdk_win_64/sdk_win_64/winavr/bin/../lib/gcc/avr/4.3.3/avr5\libgcc.a(_thenan_sf.o)
                              d:/interface/sdk_win_64/sdk_win_64/winavr/bin/../lib/gcc/avr/4.3.3/avr5\libgcc.a(_addsub_sf.o) (__thenan_sf)
d:/interface/sdk_win_64/sdk_win_64/winavr/bin/../lib/gcc/avr/4.3.3/avr5\libgcc.a(_usi_to_sf.o)
                              ./MCAL/Timer 0/Timer_0.o (__floatunsisf)
d:/interface/sdk_win_64/sdk_win_64/winavr/bin/../lib/gcc/avr/4.3.3/avr5\libgcc.a(_prologue.o)
                              d:/interface/sdk_win_64/sdk_win_64/winavr/bin/../lib/gcc/avr/4.3.3/avr5\libgcc.a(_addsub_sf.o) (__prologue_saves__)
d:/interface/sdk_win_64/sdk_win_64/winavr/bin/../lib/gcc/avr/4.3.3/avr5\libgcc.a(_epilogue.o)
                              d:/interface/sdk_win_64/sdk_win_64/winavr/bin/../lib/gcc/avr/4.3.3/avr5\libgcc.a(_addsub_sf.o) (__epilogue_restores__)
d:/interface/sdk_win_64/sdk_win_64/winavr/bin/../lib/gcc/avr/4.3.3/avr5\libgcc.a(_clzsi2.o)
                              d:/interface/sdk_win_64/sdk_win_64/winavr/bin/../lib/gcc/avr/4.3.3/avr5\libgcc.a(_usi_to_sf.o) (__clzsi2)
d:/interface/sdk_win_64/sdk_win_64/winavr/bin/../lib/gcc/avr/4.3.3/avr5\libgcc.a(_pack_sf.o)
                              d:/interface/sdk_win_64/sdk_win_64/winavr/bin/../lib/gcc/avr/4.3.3/avr5\libgcc.a(_addsub_sf.o) (__pack_f)
d:/interface/sdk_win_64/sdk_win_64/winavr/bin/../lib/gcc/avr/4.3.3/avr5\libgcc.a(_unpack_sf.o)
                              d:/interface/sdk_win_64/sdk_win_64/winavr/bin/../lib/gcc/avr/4.3.3/avr5\libgcc.a(_addsub_sf.o) (__unpack_f)
d:/interface/sdk_win_64/sdk_win_64/winavr/bin/../lib/gcc/avr/4.3.3/avr5\libgcc.a(_fpcmp_parts_sf.o)
                              d:/interface/sdk_win_64/sdk_win_64/winavr/bin/../lib/gcc/avr/4.3.3/avr5\libgcc.a(_gt_sf.o) (__fpcmp_parts_f)
d:/interface/sdk_win_64/sdk_win_64/winavr/bin/../lib/gcc/avr/4.3.3/avr5\libgcc.a(_clz.o)
                              d:/interface/sdk_win_64/sdk_win_64/winavr/bin/../lib/gcc/avr/4.3.3/avr5\libgcc.a(_clzsi2.o) (__clz_tab)
d:/interface/sdk_win_64/sdk_win_64/winavr/bin/../lib/gcc/avr/4.3.3/../../../../avr/lib/avr5\libc.a(memcpy.o)
                              ./FreeRTOS/queue.o (memcpy)
d:/interface/sdk_win_64/sdk_win_64/winavr/bin/../lib/gcc/avr/4.3.3/../../../../avr/lib/avr5\libc.a(itoa.o)
                              ./HAL/LCD/LCD.o (itoa)
d:/interface/sdk_win_64/sdk_win_64/winavr/bin/../lib/gcc/avr/4.3.3/../../../../avr/lib/avr5\libc.a(strrev.o)
                              d:/interface/sdk_win_64/sdk_win_64/winavr/bin/../lib/gcc/avr/4.3.3/../../../../avr/lib/avr5\libc.a(itoa.o) (strrev)
d:/interface/sdk_win_64/sdk_win_64/winavr/bin/../lib/gcc/avr/4.3.3/avr5\libgcc.a(_udivmodhi4.o)
                              d:/interface/sdk_win_64/sdk_win_64/winavr/bin/../lib/gcc/avr/4.3.3/../../../../avr/lib/avr5\libc.a(itoa.o) (__udivmodhi4)

Allocating common symbols
Common symbol       size              file

Glob_TickTime       0x4               ./MCAL/Timer 0/Timer_0.o
ovfCounter_end      0x2               ./HAL/Ultrasonic_Sensor/Ultrasonic_Sensor.o
ovfCounter_start    0x2               ./HAL/Ultrasonic_Sensor/Ultrasonic_Sensor.o

Memory Configuration

Name             Origin             Length             Attributes
text             0x00000000         0x00020000         xr
data             0x00800060         0x0000ffa0         rw !x
eeprom           0x00810000         0x00010000         rw !x
fuse             0x00820000         0x00000400         rw !x
lock             0x00830000         0x00000400         rw !x
signature        0x00840000         0x00000400         rw !x
*default*        0x00000000         0xffffffff

Linker script and memory map

LOAD d:/interface/sdk_win_64/sdk_win_64/winavr/bin/../lib/gcc/avr/4.3.3/../../../../avr/lib/avr5/crtm32.o
LOAD ./SERVICE/ICU_Interface.o
LOAD ./MCAL/WDT/WDT.o
LOAD ./MCAL/UART/UART.o
LOAD ./MCAL/Timer 1/Timer1.o
LOAD ./MCAL/Timer 0/Timer_0.o
LOAD ./MCAL/TWI/TWI.o
LOAD ./MCAL/SPI/SPI.o
LOAD ./MCAL/Interrupt/Interrupt.o
LOAD ./MCAL/DIO/DIO.o
LOAD ./MCAL/ADC/ADC.o
LOAD ./HAL/Ultrasonic_Sensor/Ultrasonic_Sensor.o
LOAD ./HAL/Servo Motor/Servo_Motor.o
LOAD ./HAL/LED/LED.o
LOAD ./HAL/LCD/LCD.o
LOAD ./HAL/KeyPad/KeyPad.o
LOAD ./HAL/H_Bridge/H_Bridge.o
LOAD ./HAL/Buzzer/Buzzer.o
LOAD ./FreeRTOS/heap_2.o
LOAD ./FreeRTOS/list.o
LOAD ./FreeRTOS/port.o
LOAD ./FreeRTOS/queue.o
LOAD ./FreeRTOS/tasks.o
LOAD ./Application/Autonomous_Car/Autonomous_Car.o
LOAD ./Application/main.o
LOAD d:/interface/sdk_win_64/sdk_win_64/winavr/bin/../lib/gcc/avr/4.3.3/avr5\libgcc.a
LOAD d:/interface/sdk_win_64/sdk_win_64/winavr/bin/../lib/gcc/avr/4.3.3/../../../../avr/lib/avr5\libc.a
LOAD d:/interface/sdk_win_64/sdk_win_64/winavr/bin/../lib/gcc/avr/4.3.3/avr5\libgcc.a

.hash
 *(.hash)

.dynsym
 *(.dynsym)

.dynstr
 *(.dynstr)

.gnu.version
 *(.gnu.version)

.gnu.version_d
 *(.gnu.version_d)

.gnu.version_r
 *(.gnu.version_r)

.rel.init
 *(.rel.init)

.rela.init
 *(.rela.init)

.rel.text
 *(.rel.text)
 *(.rel.text.*)
 *(.rel.gnu.linkonce.t*)

.rela.text
 *(.rela.text)
 *(.rela.text.*)
 *(.rela.gnu.linkonce.t*)

.rel.fini
 *(.rel.fini)

.rela.fini
 *(.rela.fini)

.rel.rodata
 *(.rel.rodata)
 *(.rel.rodata.*)
 *(.rel.gnu.linkonce.r*)

.rela.rodata
 *(.rela.rodata)
 *(.rela.rodata.*)
 *(.rela.gnu.linkonce.r*)

.rel.data
 *(.rel.data)
 *(.rel.data.*)
 *(.rel.gnu.linkonce.d*)

.rela.data
 *(.rela.data)
 *(.rela.data.*)
 *(.rela.gnu.linkonce.d*)

.rel.ctors
 *(.rel.ctors)

.rela.ctors
 *(.rela.ctors)

.rel.dtors
 *(.rel.dtors)

.rela.dtors
 *(.rela.dtors)

.rel.got
 *(.rel.got)

.rela.got
 *(.rela.got)

.rel.bss
 *(.rel.bss)

.rela.bss
 *(.rela.bss)

.rel.plt
 *(.rel.plt)

.rela.plt
 *(.rela.plt)

.text           0x00000000     0x7ca0
 *(.vectors)
 .vectors       0x00000000       0x54 d:/interface/sdk_win_64/sdk_win_64/winavr/bin/../lib/gcc/avr/4.3.3/../../../../avr/lib/avr5/crtm32.o
                0x00000000                __vectors
                0x00000000                __vector_default
 *(.vectors)
 *(.progmem.gcc*)
 *(.progmem*)
                0x00000054                . = ALIGN (0x2)
                0x00000054                __trampolines_start = .
 *(.trampolines)
 .trampolines   0x00000054        0x0 linker stubs
 *(.trampolines*)
                0x00000054                __trampolines_end = .
 *(.jumptables)
 *(.jumptables*)
 *(.lowtext)
 *(.lowtext*)
                0x00000054                __ctors_start = .
 *(.ctors)
                0x00000054                __ctors_end = .
                0x00000054                __dtors_start = .
 *(.dtors)
                0x00000054                __dtors_end = .
 SORT(*)(.ctors)
 SORT(*)(.dtors)
 *(.init0)
 .init0         0x00000054        0x0 d:/interface/sdk_win_64/sdk_win_64/winavr/bin/../lib/gcc/avr/4.3.3/../../../../avr/lib/avr5/crtm32.o
                0x00000054                __init
 *(.init0)
 *(.init1)
 *(.init1)
 *(.init2)
 .init2         0x00000054        0xc d:/interface/sdk_win_64/sdk_win_64/winavr/bin/../lib/gcc/avr/4.3.3/../../../../avr/lib/avr5/crtm32.o
 *(.init2)
 *(.init3)
 *(.init3)
 *(.init4)
 .init4         0x00000060       0x16 d:/interface/sdk_win_64/sdk_win_64/winavr/bin/../lib/gcc/avr/4.3.3/avr5\libgcc.a(_copy_data.o)
                0x00000060                __do_copy_data
 .init4         0x00000076       0x10 d:/interface/sdk_win_64/sdk_win_64/winavr/bin/../lib/gcc/avr/4.3.3/avr5\libgcc.a(_clear_bss.o)
                0x00000076                __do_clear_bss
 *(.init4)
 *(.init5)
 *(.init5)
 *(.init6)
 *(.init6)
 *(.init7)
 *(.init7)
 *(.init8)
 *(.init8)
 *(.init9)
 .init9         0x00000086        0x8 d:/interface/sdk_win_64/sdk_win_64/winavr/bin/../lib/gcc/avr/4.3.3/../../../../avr/lib/avr5/crtm32.o
 *(.init9)
 *(.text)
 .text          0x0000008e        0x4 d:/interface/sdk_win_64/sdk_win_64/winavr/bin/../lib/gcc/avr/4.3.3/../../../../avr/lib/avr5/crtm32.o
                0x0000008e                __vector_12
                0x0000008e                __bad_interrupt
                0x0000008e                __vector_6
                0x0000008e                __vector_13
                0x0000008e                __vector_17
                0x0000008e                __vector_19
                0x0000008e                __vector_5
                0x0000008e                __vector_4
                0x0000008e                __vector_9
                0x0000008e                __vector_15
                0x0000008e                __vector_8
                0x0000008e                __vector_14
                0x0000008e                __vector_18
                0x0000008e                __vector_20
 .text          0x00000092        0x0 ./SERVICE/ICU_Interface.o
 .text          0x00000092        0x0 ./MCAL/WDT/WDT.o
 .text          0x00000092        0x0 ./MCAL/UART/UART.o
 .text          0x00000092        0x0 ./MCAL/Timer 1/Timer1.o
 .text          0x00000092        0x0 ./MCAL/Timer 0/Timer_0.o
 .text          0x00000092        0x0 ./MCAL/TWI/TWI.o
 .text          0x00000092        0x0 ./MCAL/SPI/SPI.o
 .text          0x00000092        0x0 ./MCAL/Interrupt/Interrupt.o
 .text          0x00000092        0x0 ./MCAL/DIO/DIO.o
 .text          0x00000092        0x0 ./MCAL/ADC/ADC.o
 .text          0x00000092        0x0 ./HAL/Ultrasonic_Sensor/Ultrasonic_Sensor.o
 .text          0x00000092        0x0 ./HAL/Servo Motor/Servo_Motor.o
 .text          0x00000092        0x0 ./HAL/LED/LED.o
 .text          0x00000092        0x0 ./HAL/LCD/LCD.o
 .text          0x00000092        0x0 ./HAL/KeyPad/KeyPad.o
 .text          0x00000092        0x0 ./HAL/H_Bridge/H_Bridge.o
 .text          0x00000092        0x0 ./HAL/Buzzer/Buzzer.o
 .text          0x00000092        0x0 ./FreeRTOS/heap_2.o
 .text          0x00000092        0x0 ./FreeRTOS/list.o
 .text          0x00000092        0x0 ./FreeRTOS/port.o
 .text          0x00000092        0x0 ./FreeRTOS/queue.o
 .text          0x00000092        0x0 ./FreeRTOS/tasks.o
 .text          0x00000092        0x0 ./Application/Autonomous_Car/Autonomous_Car.o
 .text          0x00000092        0x0 ./Application/main.o
 .text          0x00000092        0x0 d:/interface/sdk_win_64/sdk_win_64/winavr/bin/../lib/gcc/avr/4.3.3/avr5\libgcc.a(_mulsi3.o)
 .text          0x00000092        0x0 d:/interface/sdk_win_64/sdk_win_64/winavr/bin/../lib/gcc/avr/4.3.3/avr5\libgcc.a(_exit.o)
 .text          0x00000092        0x0 d:/interface/sdk_win_64/sdk_win_64/winavr/bin/../lib/gcc/avr/4.3.3/avr5\libgcc.a(_copy_data.o)
 .text          0x00000092        0x0 d:/interface/sdk_win_64/sdk_win_64/winavr/bin/../lib/gcc/avr/4.3.3/avr5\libgcc.a(_clear_bss.o)
 .text          0x00000092       0x58 d:/interface/sdk_win_64/sdk_win_64/winavr/bin/../lib/gcc/avr/4.3.3/avr5\libgcc.a(_fixunssfsi.o)
                0x00000092                __fixunssfsi
 .text          0x000000ea      0x354 d:/interface/sdk_win_64/sdk_win_64/winavr/bin/../lib/gcc/avr/4.3.3/avr5\libgcc.a(_addsub_sf.o)
                0x00000382                __subsf3
                0x000003e4                __addsf3
 .text          0x0000043e      0x1f4 d:/interface/sdk_win_64/sdk_win_64/winavr/bin/../lib/gcc/avr/4.3.3/avr5\libgcc.a(_mul_sf.o)
                0x0000043e                __mulsf3
 .text          0x00000632      0x158 d:/interface/sdk_win_64/sdk_win_64/winavr/bin/../lib/gcc/avr/4.3.3/avr5\libgcc.a(_div_sf.o)
                0x00000632                __divsf3
 .text          0x0000078a       0x60 d:/interface/sdk_win_64/sdk_win_64/winavr/bin/../lib/gcc/avr/4.3.3/avr5\libgcc.a(_gt_sf.o)
                0x0000078a                __gtsf2
 .text          0x000007ea       0x60 d:/interface/sdk_win_64/sdk_win_64/winavr/bin/../lib/gcc/avr/4.3.3/avr5\libgcc.a(_ge_sf.o)
                0x000007ea                __gesf2
 .text          0x0000084a       0x60 d:/interface/sdk_win_64/sdk_win_64/winavr/bin/../lib/gcc/avr/4.3.3/avr5\libgcc.a(_lt_sf.o)
                0x0000084a                __ltsf2
 .text          0x000008aa       0xa8 d:/interface/sdk_win_64/sdk_win_64/winavr/bin/../lib/gcc/avr/4.3.3/avr5\libgcc.a(_sf_to_si.o)
                0x000008aa                __fixsfsi
 .text          0x00000952        0x0 d:/interface/sdk_win_64/sdk_win_64/winavr/bin/../lib/gcc/avr/4.3.3/avr5\libgcc.a(_thenan_sf.o)
 .text          0x00000952       0xf2 d:/interface/sdk_win_64/sdk_win_64/winavr/bin/../lib/gcc/avr/4.3.3/avr5\libgcc.a(_usi_to_sf.o)
                0x00000952                __floatunsisf
 .text          0x00000a44        0x0 d:/interface/sdk_win_64/sdk_win_64/winavr/bin/../lib/gcc/avr/4.3.3/avr5\libgcc.a(_prologue.o)
 .text          0x00000a44        0x0 d:/interface/sdk_win_64/sdk_win_64/winavr/bin/../lib/gcc/avr/4.3.3/avr5\libgcc.a(_epilogue.o)
 .text          0x00000a44       0x9e d:/interface/sdk_win_64/sdk_win_64/winavr/bin/../lib/gcc/avr/4.3.3/avr5\libgcc.a(_clzsi2.o)
                0x00000a44                __clzsi2
 .text          0x00000ae2      0x1aa d:/interface/sdk_win_64/sdk_win_64/winavr/bin/../lib/gcc/avr/4.3.3/avr5\libgcc.a(_pack_sf.o)
                0x00000ae2                __pack_f
 .text          0x00000c8c       0xf0 d:/interface/sdk_win_64/sdk_win_64/winavr/bin/../lib/gcc/avr/4.3.3/avr5\libgcc.a(_unpack_sf.o)
                0x00000c8c                __unpack_f
 .text          0x00000d7c       0xb2 d:/interface/sdk_win_64/sdk_win_64/winavr/bin/../lib/gcc/avr/4.3.3/avr5\libgcc.a(_fpcmp_parts_sf.o)
                0x00000d7c                __fpcmp_parts_f
 .text          0x00000e2e        0x0 d:/interface/sdk_win_64/sdk_win_64/winavr/bin/../lib/gcc/avr/4.3.3/avr5\libgcc.a(_clz.o)
 .text          0x00000e2e        0x0 d:/interface/sdk_win_64/sdk_win_64/winavr/bin/../lib/gcc/avr/4.3.3/../../../../avr/lib/avr5\libc.a(memcpy.o)
 .text          0x00000e2e        0x0 d:/interface/sdk_win_64/sdk_win_64/winavr/bin/../lib/gcc/avr/4.3.3/../../../../avr/lib/avr5\libc.a(itoa.o)
 .text          0x00000e2e        0x0 d:/interface/sdk_win_64/sdk_win_64/winavr/bin/../lib/gcc/avr/4.3.3/../../../../avr/lib/avr5\libc.a(strrev.o)
 .text          0x00000e2e        0x0 d:/interface/sdk_win_64/sdk_win_64/winavr/bin/../lib/gcc/avr/4.3.3/avr5\libgcc.a(_udivmodhi4.o)
                0x00000e2e                . = ALIGN (0x2)
 *(.text.*)
 .text.MCAL_WDT_u8Enable
                0x00000e2e       0x2a ./MCAL/WDT/WDT.o
                0x00000e2e                MCAL_WDT_u8Enable
 .text.MCAL_WDT_u8SetTime
                0x00000e58      0x1a2 ./MCAL/WDT/WDT.o
                0x00000e58                MCAL_WDT_u8SetTime
 .text.MCAL_WDT_u8Disable
                0x00000ffa       0x1c ./MCAL/WDT/WDT.o
                0x00000ffa                MCAL_WDT_u8Disable
 .text.MCAL_UART_UARTInit
                0x00001016       0x40 ./MCAL/UART/UART.o
                0x00001016                MCAL_UART_UARTInit
 .text.MCAL_UART_UARTTransmit
                0x00001056       0x5c ./MCAL/UART/UART.o
                0x00001056                MCAL_UART_UARTTransmit
 .text.MCAL_UART_UARTReceive
                0x000010b2       0x2e ./MCAL/UART/UART.o
                0x000010b2                MCAL_UART_UARTReceive
 .text.MCAL_Timer0_Init
                0x000010e0      0x38e ./MCAL/Timer 0/Timer_0.o
                0x000010e0                MCAL_Timer0_Init
 .text.MCAL_Timer0_SetPreloadValue
                0x0000146e       0x1c ./MCAL/Timer 0/Timer_0.o
                0x0000146e                MCAL_Timer0_SetPreloadValue
 .text.MCAL_Timer0_SetCompareValue
                0x0000148a       0x1c ./MCAL/Timer 0/Timer_0.o
                0x0000148a                MCAL_Timer0_SetCompareValue
 .text.MCAL_Timer0_EnableNormalMode
                0x000014a6       0x1c ./MCAL/Timer 0/Timer_0.o
                0x000014a6                MCAL_Timer0_EnableNormalMode
 .text.MCAL_Timer0_DisableNormalMode
                0x000014c2       0x1c ./MCAL/Timer 0/Timer_0.o
                0x000014c2                MCAL_Timer0_DisableNormalMode
 .text.MCAL_Timer0_EnableCTCMode
                0x000014de       0x1c ./MCAL/Timer 0/Timer_0.o
                0x000014de                MCAL_Timer0_EnableCTCMode
 .text.MCAL_Timer0_DisableCTCMode
                0x000014fa       0x1c ./MCAL/Timer 0/Timer_0.o
                0x000014fa                MCAL_Timer0_DisableCTCMode
 .text.MCAL_Timer0_Delayms_NormalMode
                0x00001516       0xfc ./MCAL/Timer 0/Timer_0.o
                0x00001516                MCAL_Timer0_Delayms_NormalMode
 .text.MCAL_Timer0_Delayms_CTCMode
                0x00001612       0xc2 ./MCAL/Timer 0/Timer_0.o
                0x00001612                MCAL_Timer0_Delayms_CTCMode
 .text.MCAL_Timer0_CallBack
                0x000016d4       0x2c ./MCAL/Timer 0/Timer_0.o
                0x000016d4                MCAL_Timer0_CallBack
 .text.__vector_11
                0x00001700       0x78 ./MCAL/Timer 0/Timer_0.o
                0x00001700                __vector_11
 .text.__vector_10
                0x00001778       0x66 ./MCAL/Timer 0/Timer_0.o
                0x00001778                __vector_10
 .text.MCAL_TWI_Master_Init
                0x000017de       0x32 ./MCAL/TWI/TWI.o
                0x000017de                MCAL_TWI_Master_Init
 .text.MCAL_TWI_Master_SendStartCondition
                0x00001810       0x34 ./MCAL/TWI/TWI.o
                0x00001810                MCAL_TWI_Master_SendStartCondition
 .text.MCAL_TWI_Master_SendReStartCondition
                0x00001844       0x34 ./MCAL/TWI/TWI.o
                0x00001844                MCAL_TWI_Master_SendReStartCondition
 .text.MCAL_TWI_Master_SendStopCondition
                0x00001878       0x2a ./MCAL/TWI/TWI.o
                0x00001878                MCAL_TWI_Master_SendStopCondition
 .text.MCAL_TWI_Master_SendSlaveAddWithWrite
                0x000018a2       0x52 ./MCAL/TWI/TWI.o
                0x000018a2                MCAL_TWI_Master_SendSlaveAddWithWrite
 .text.MCAL_TWI_Master_SendSlaveAddWithRead
                0x000018f4       0x52 ./MCAL/TWI/TWI.o
                0x000018f4                MCAL_TWI_Master_SendSlaveAddWithRead
 .text.MCAL_TWI_Slave_Init
                0x00001946       0x56 ./MCAL/TWI/TWI.o
                0x00001946                MCAL_TWI_Slave_Init
 .text.MCAL_TWI_Slave_Listen
                0x0000199c       0x1c ./MCAL/TWI/TWI.o
                0x0000199c                MCAL_TWI_Slave_Listen
 .text.MCAL_TWI_SendData
                0x000019b8       0x34 ./MCAL/TWI/TWI.o
                0x000019b8                MCAL_TWI_SendData
 .text.MCAL_TWI_RecieveData
                0x000019ec       0x3c ./MCAL/TWI/TWI.o
                0x000019ec                MCAL_TWI_RecieveData
 .text.MCAL_Interrupt_u8SetRegister
                0x00001a28       0xdc ./MCAL/Interrupt/Interrupt.o
                0x00001a28                MCAL_Interrupt_u8SetRegister
 .text.MCAL_Interrupt_u8SetRegisterPin
                0x00001b04      0x1a6 ./MCAL/Interrupt/Interrupt.o
                0x00001b04                MCAL_Interrupt_u8SetRegisterPin
 .text.MCAL_Interrupt_EXIT_CallBack_0
                0x00001caa       0x2c ./MCAL/Interrupt/Interrupt.o
                0x00001caa                MCAL_Interrupt_EXIT_CallBack_0
 .text.MCAL_Interrupt_EXIT_CallBack_1
                0x00001cd6       0x2c ./MCAL/Interrupt/Interrupt.o
                0x00001cd6                MCAL_Interrupt_EXIT_CallBack_1
 .text.MCAL_Interrupt_EXIT_CallBack_2
                0x00001d02       0x2c ./MCAL/Interrupt/Interrupt.o
                0x00001d02                MCAL_Interrupt_EXIT_CallBack_2
 .text.MCAL_Interrupt_EnableGIE
                0x00001d2e       0x36 ./MCAL/Interrupt/Interrupt.o
                0x00001d2e                MCAL_Interrupt_EnableGIE
 .text.MCAL_Interrupt_InterruptInit
                0x00001d64       0x4a ./MCAL/Interrupt/Interrupt.o
                0x00001d64                MCAL_Interrupt_InterruptInit
 .text.__vector_1
                0x00001dae       0x66 ./MCAL/Interrupt/Interrupt.o
                0x00001dae                __vector_1
 .text.__vector_2
                0x00001e14       0x66 ./MCAL/Interrupt/Interrupt.o
                0x00001e14                __vector_2
 .text.__vector_3
                0x00001e7a       0x66 ./MCAL/Interrupt/Interrupt.o
                0x00001e7a                __vector_3
 .text.MCAL_DIO_u8SetPortDirection
                0x00001ee0      0x106 ./MCAL/DIO/DIO.o
                0x00001ee0                MCAL_DIO_u8SetPortDirection
 .text.MCAL_DIO_u8SetPinDirection
                0x00001fe6      0x1d6 ./MCAL/DIO/DIO.o
                0x00001fe6                MCAL_DIO_u8SetPinDirection
 .text.MCAL_DIO_u8SetPortValue
                0x000021bc      0x106 ./MCAL/DIO/DIO.o
                0x000021bc                MCAL_DIO_u8SetPortValue
 .text.MCAL_DIO_u8SetPinValue
                0x000022c2      0x1d6 ./MCAL/DIO/DIO.o
                0x000022c2                MCAL_DIO_u8SetPinValue
 .text.MCAL_DIO_u8SGetPortValue
                0x00002498       0x82 ./MCAL/DIO/DIO.o
                0x00002498                MCAL_DIO_u8SGetPortValue
 .text.MCAL_DIO_u8GetPinValue
                0x0000251a       0xfa ./MCAL/DIO/DIO.o
                0x0000251a                MCAL_DIO_u8GetPinValue
 .text.MCAL_DIO_u8TogglePortValue
                0x00002614       0x80 ./MCAL/DIO/DIO.o
                0x00002614                MCAL_DIO_u8TogglePortValue
 .text.MCAL_DIO_u8TogglePinValue
                0x00002694       0xf0 ./MCAL/DIO/DIO.o
                0x00002694                MCAL_DIO_u8TogglePinValue
 .text.MCAL_ADC_u8SetRegister
                0x00002784       0xac ./MCAL/ADC/ADC.o
                0x00002784                MCAL_ADC_u8SetRegister
 .text.MCAL_ADC_u8SetRegisterPin
                0x00002830      0x148 ./MCAL/ADC/ADC.o
                0x00002830                MCAL_ADC_u8SetRegisterPin
 .text.MCAL_ADC_AdcInit
                0x00002978       0xce ./MCAL/ADC/ADC.o
                0x00002978                MCAL_ADC_AdcInit
 .text.MCAL_ADC_AdcStartConversion
                0x00002a46       0x36 ./MCAL/ADC/ADC.o
                0x00002a46                MCAL_ADC_AdcStartConversion
 .text.MCAL_ADC_u8AdcSetValue
                0x00002a7c       0x5e ./MCAL/ADC/ADC.o
                0x00002a7c                MCAL_ADC_u8AdcSetValue
 .text.MCAL_ADC_EXIT_CallBack
                0x00002ada       0x2c ./MCAL/ADC/ADC.o
                0x00002ada                MCAL_ADC_EXIT_CallBack
 .text.__vector_16
                0x00002b06       0x66 ./MCAL/ADC/ADC.o
                0x00002b06                __vector_16
 .text.ultrasonic_init
                0x00002b6c       0x2a ./HAL/Ultrasonic_Sensor/Ultrasonic_Sensor.o
                0x00002b6c                ultrasonic_init
 .text.ultrasonic_sendTrigger
                0x00002b96      0x1b6 ./HAL/Ultrasonic_Sensor/Ultrasonic_Sensor.o
                0x00002b96                ultrasonic_sendTrigger
 .text.ultrasonic_get_Distance
                0x00002d4c      0x14c ./HAL/Ultrasonic_Sensor/Ultrasonic_Sensor.o
                0x00002d4c                ultrasonic_get_Distance
 .text.EXTI_action
                0x00002e98      0x11c ./HAL/Ultrasonic_Sensor/Ultrasonic_Sensor.o
                0x00002e98                EXTI_action
 .text.HAL_LED_u8LedInit
                0x00002fb4       0x3a ./HAL/LED/LED.o
                0x00002fb4                HAL_LED_u8LedInit
 .text.HAL_LED_u8LedMode
                0x00002fee       0x70 ./HAL/LED/LED.o
                0x00002fee                HAL_LED_u8LedMode
 .text.HAL_LCD_u8LCDInit
                0x0000305e      0x530 ./HAL/LCD/LCD.o
                0x0000305e                HAL_LCD_u8LCDInit
 .text.HAL_LCD_u8SendCommands
                0x0000358e      0x244 ./HAL/LCD/LCD.o
                0x0000358e                HAL_LCD_u8SendCommands
 .text.HAL_LCD_u8SendChar
                0x000037d2      0x244 ./HAL/LCD/LCD.o
                0x000037d2                HAL_LCD_u8SendChar
 .text.HAL_LCD_u8SendString
                0x00003a16       0x6c ./HAL/LCD/LCD.o
                0x00003a16                HAL_LCD_u8SendString
 .text.HAL_LCD_u8SendNumber
                0x00003a82       0x46 ./HAL/LCD/LCD.o
                0x00003a82                HAL_LCD_u8SendNumber
 .text.HAL_LCD_u8GoTo
                0x00003ac8      0x4b8 ./HAL/LCD/LCD.o
                0x00003ac8                HAL_LCD_u8GoTo
 .text.HAL_LCD_u8Clear
                0x00003f80      0x110 ./HAL/LCD/LCD.o
                0x00003f80                HAL_LCD_u8Clear
 .text.HAL_LCD_u8CustomChar
                0x00004090       0x6a ./HAL/LCD/LCD.o
                0x00004090                HAL_LCD_u8CustomChar
 .text.HAL_KeyPad_u8KeyPadInit
                0x000040fa       0x1e ./HAL/KeyPad/KeyPad.o
                0x000040fa                HAL_KeyPad_u8KeyPadInit
 .text.HAL_KeyPad_u8GetKeyPressed
                0x00004118      0x29e ./HAL/KeyPad/KeyPad.o
                0x00004118                HAL_KeyPad_u8GetKeyPressed
 .text.HAL_Buzzer_u8BuzzerInit
                0x000043b6       0x3a ./HAL/Buzzer/Buzzer.o
                0x000043b6                HAL_Buzzer_u8BuzzerInit
 .text.HAL_Buzzer_u8BuzzerMode
                0x000043f0       0x70 ./HAL/Buzzer/Buzzer.o
                0x000043f0                HAL_Buzzer_u8BuzzerMode
 .text.pvPortMalloc
                0x00004460      0x1d0 ./FreeRTOS/heap_2.o
                0x00004460                pvPortMalloc
 .text.vPortFree
                0x00004630       0xda ./FreeRTOS/heap_2.o
                0x00004630                vPortFree
 .text.xPortGetFreeHeapSize
                0x0000470a       0x16 ./FreeRTOS/heap_2.o
                0x0000470a                xPortGetFreeHeapSize
 .text.vPortInitialiseBlocks
                0x00004720        0xe ./FreeRTOS/heap_2.o
                0x00004720                vPortInitialiseBlocks
 .text.prvHeapInit
                0x0000472e       0x6a ./FreeRTOS/heap_2.o
 .text.vListInitialise
                0x00004798       0x54 ./FreeRTOS/list.o
                0x00004798                vListInitialise
 .text.vListInitialiseItem
                0x000047ec       0x20 ./FreeRTOS/list.o
                0x000047ec                vListInitialiseItem
 .text.vListInsertEnd
                0x0000480c       0x88 ./FreeRTOS/list.o
                0x0000480c                vListInsertEnd
 .text.vListInsert
                0x00004894       0xd8 ./FreeRTOS/list.o
                0x00004894                vListInsert
 .text.uxListRemove
                0x0000496c       0x98 ./FreeRTOS/list.o
                0x0000496c                uxListRemove
 .text.pxPortInitialiseStack
                0x00004a04      0x306 ./FreeRTOS/port.o
                0x00004a04                pxPortInitialiseStack
 .text.xPortStartScheduler
                0x00004d0a       0x6a ./FreeRTOS/port.o
                0x00004d0a                xPortStartScheduler
 .text.vPortEndScheduler
                0x00004d74        0xe ./FreeRTOS/port.o
                0x00004d74                vPortEndScheduler
 .text.vPortYield
                0x00004d82       0xb2 ./FreeRTOS/port.o
                0x00004d82                vPortYield
 .text.vPortYieldFromTick
                0x00004e34       0xba ./FreeRTOS/port.o
                0x00004e34                vPortYieldFromTick
 .text.prvSetupTimerInterrupt
                0x00004eee       0xb8 ./FreeRTOS/port.o
 .text.__vector_7
                0x00004fa6        0x6 ./FreeRTOS/port.o
                0x00004fa6                __vector_7
 .text.xQueueGenericReset
                0x00004fac      0x10c ./FreeRTOS/queue.o
                0x00004fac                xQueueGenericReset
 .text.xQueueGenericCreate
                0x000050b8       0x9a ./FreeRTOS/queue.o
                0x000050b8                xQueueGenericCreate
 .text.prvInitialiseNewQueue
                0x00005152       0x76 ./FreeRTOS/queue.o
 .text.prvInitialiseMutex
                0x000051c8       0x48 ./FreeRTOS/queue.o
 .text.xQueueCreateMutex
                0x00005210       0x40 ./FreeRTOS/queue.o
                0x00005210                xQueueCreateMutex
 .text.xQueueGenericSend
                0x00005250      0x158 ./FreeRTOS/queue.o
                0x00005250                xQueueGenericSend
 .text.xQueueGenericSendFromISR
                0x000053a8       0xb0 ./FreeRTOS/queue.o
                0x000053a8                xQueueGenericSendFromISR
 .text.xQueueGiveFromISR
                0x00005458       0xa2 ./FreeRTOS/queue.o
                0x00005458                xQueueGiveFromISR
 .text.xQueueGenericReceive
                0x000054fa      0x1d0 ./FreeRTOS/queue.o
                0x000054fa                xQueueGenericReceive
 .text.xQueueReceiveFromISR
                0x000056ca       0xae ./FreeRTOS/queue.o
                0x000056ca                xQueueReceiveFromISR
 .text.xQueuePeekFromISR
                0x00005778       0x72 ./FreeRTOS/queue.o
                0x00005778                xQueuePeekFromISR
 .text.uxQueueMessagesWaiting
                0x000057ea       0x30 ./FreeRTOS/queue.o
                0x000057ea                uxQueueMessagesWaiting
 .text.uxQueueSpacesAvailable
                0x0000581a       0x4a ./FreeRTOS/queue.o
                0x0000581a                uxQueueSpacesAvailable
 .text.uxQueueMessagesWaitingFromISR
                0x00005864       0x26 ./FreeRTOS/queue.o
                0x00005864                uxQueueMessagesWaitingFromISR
 .text.vQueueDelete
                0x0000588a       0x2e ./FreeRTOS/queue.o
                0x0000588a                vQueueDelete
 .text.prvCopyDataToQueue
                0x000058b8      0x170 ./FreeRTOS/queue.o
 .text.prvCopyDataFromQueue
                0x00005a28       0x8e ./FreeRTOS/queue.o
 .text.prvUnlockQueue
                0x00005ab6       0xa6 ./FreeRTOS/queue.o
 .text.prvIsQueueEmpty
                0x00005b5c       0x3a ./FreeRTOS/queue.o
 .text.xQueueIsQueueEmptyFromISR
                0x00005b96       0x30 ./FreeRTOS/queue.o
                0x00005b96                xQueueIsQueueEmptyFromISR
 .text.prvIsQueueFull
                0x00005bc6       0x40 ./FreeRTOS/queue.o
 .text.xQueueIsQueueFullFromISR
                0x00005c06       0x36 ./FreeRTOS/queue.o
                0x00005c06                xQueueIsQueueFullFromISR
 .text.xTaskCreate
                0x00005c3c       0xf0 ./FreeRTOS/tasks.o
                0x00005c3c                xTaskCreate
 .text.prvInitialiseNewTask
                0x00005d2c      0x176 ./FreeRTOS/tasks.o
 .text.prvAddNewTaskToReadyList
                0x00005ea2       0xf0 ./FreeRTOS/tasks.o
 .text.vTaskDelete
                0x00005f92       0xe4 ./FreeRTOS/tasks.o
                0x00005f92                vTaskDelete
 .text.vTaskDelayUntil
                0x00006076       0xe4 ./FreeRTOS/tasks.o
                0x00006076                vTaskDelayUntil
 .text.vTaskDelay
                0x0000615a       0x44 ./FreeRTOS/tasks.o
                0x0000615a                vTaskDelay
 .text.vTaskPrioritySet
                0x0000619e      0x194 ./FreeRTOS/tasks.o
                0x0000619e                vTaskPrioritySet
 .text.vTaskSuspend
                0x00006332       0xd8 ./FreeRTOS/tasks.o
                0x00006332                vTaskSuspend
 .text.prvTaskIsTaskSuspended
                0x0000640a       0x5e ./FreeRTOS/tasks.o
 .text.vTaskResume
                0x00006468       0xc8 ./FreeRTOS/tasks.o
                0x00006468                vTaskResume
 .text.xTaskResumeFromISR
                0x00006530       0xcc ./FreeRTOS/tasks.o
                0x00006530                xTaskResumeFromISR
 .text.vTaskStartScheduler
                0x000065fc       0x64 ./FreeRTOS/tasks.o
                0x000065fc                vTaskStartScheduler
 .text.vTaskEndScheduler
                0x00006660       0x18 ./FreeRTOS/tasks.o
                0x00006660                vTaskEndScheduler
 .text.vTaskSuspendAll
                0x00006678       0x18 ./FreeRTOS/tasks.o
                0x00006678                vTaskSuspendAll
 .text.xTaskResumeAll
                0x00006690      0x126 ./FreeRTOS/tasks.o
                0x00006690                xTaskResumeAll
 .text.xTaskGetTickCount
                0x000067b6       0x2e ./FreeRTOS/tasks.o
                0x000067b6                xTaskGetTickCount
 .text.xTaskGetTickCountFromISR
                0x000067e4       0x2a ./FreeRTOS/tasks.o
                0x000067e4                xTaskGetTickCountFromISR
 .text.uxTaskGetNumberOfTasks
                0x0000680e       0x12 ./FreeRTOS/tasks.o
                0x0000680e                uxTaskGetNumberOfTasks
 .text.pcTaskGetName
                0x00006820       0x50 ./FreeRTOS/tasks.o
                0x00006820                pcTaskGetName
 .text.xTaskIncrementTick
                0x00006870      0x198 ./FreeRTOS/tasks.o
                0x00006870                xTaskIncrementTick
 .text.vTaskSwitchContext
                0x00006a08       0xda ./FreeRTOS/tasks.o
                0x00006a08                vTaskSwitchContext
 .text.vTaskPlaceOnEventList
                0x00006ae2       0x44 ./FreeRTOS/tasks.o
                0x00006ae2                vTaskPlaceOnEventList
 .text.vTaskPlaceOnUnorderedEventList
                0x00006b26       0x60 ./FreeRTOS/tasks.o
                0x00006b26                vTaskPlaceOnUnorderedEventList
 .text.xTaskRemoveFromEventList
                0x00006b86       0xd6 ./FreeRTOS/tasks.o
                0x00006b86                xTaskRemoveFromEventList
 .text.xTaskRemoveFromUnorderedEventList
                0x00006c5c       0xca ./FreeRTOS/tasks.o
                0x00006c5c                xTaskRemoveFromUnorderedEventList
 .text.vTaskSetTimeOutState
                0x00006d26       0x32 ./FreeRTOS/tasks.o
                0x00006d26                vTaskSetTimeOutState
 .text.xTaskCheckForTimeOut
                0x00006d58       0xda ./FreeRTOS/tasks.o
                0x00006d58                xTaskCheckForTimeOut
 .text.vTaskMissedYield
                0x00006e32       0x14 ./FreeRTOS/tasks.o
                0x00006e32                vTaskMissedYield
 .text.prvIdleTask
                0x00006e46       0x14 ./FreeRTOS/tasks.o
 .text.prvInitialiseTaskLists
                0x00006e5a       0x82 ./FreeRTOS/tasks.o
 .text.prvCheckTasksWaitingTermination
                0x00006edc       0x7e ./FreeRTOS/tasks.o
 .text.prvDeleteTCB
                0x00006f5a       0x2c ./FreeRTOS/tasks.o
 .text.prvResetNextTaskUnblockTime
                0x00006f86       0x56 ./FreeRTOS/tasks.o
 .text.xTaskGetCurrentTaskHandle
                0x00006fdc       0x24 ./FreeRTOS/tasks.o
                0x00006fdc                xTaskGetCurrentTaskHandle
 .text.vTaskPriorityInherit
                0x00007000      0x116 ./FreeRTOS/tasks.o
                0x00007000                vTaskPriorityInherit
 .text.xTaskPriorityDisinherit
                0x00007116       0xe4 ./FreeRTOS/tasks.o
                0x00007116                xTaskPriorityDisinherit
 .text.uxTaskResetEventItemValue
                0x000071fa       0x4e ./FreeRTOS/tasks.o
                0x000071fa                uxTaskResetEventItemValue
 .text.pvTaskIncrementMutexHeldCount
                0x00007248       0x30 ./FreeRTOS/tasks.o
                0x00007248                pvTaskIncrementMutexHeldCount
 .text.ulTaskNotifyTake
                0x00007278       0xee ./FreeRTOS/tasks.o
                0x00007278                ulTaskNotifyTake
 .text.xTaskNotifyWait
                0x00007366      0x138 ./FreeRTOS/tasks.o
                0x00007366                xTaskNotifyWait
 .text.xTaskGenericNotify
                0x0000749e      0x1ba ./FreeRTOS/tasks.o
                0x0000749e                xTaskGenericNotify
 .text.xTaskGenericNotifyFromISR
                0x00007658      0x1f2 ./FreeRTOS/tasks.o
                0x00007658                xTaskGenericNotifyFromISR
 .text.vTaskNotifyGiveFromISR
                0x0000784a      0x10e ./FreeRTOS/tasks.o
                0x0000784a                vTaskNotifyGiveFromISR
 .text.xTaskNotifyStateClear
                0x00007958       0x74 ./FreeRTOS/tasks.o
                0x00007958                xTaskNotifyStateClear
 .text.prvAddCurrentTaskToDelayedList
                0x000079cc       0xf8 ./FreeRTOS/tasks.o
 .text.main     0x00007ac4       0x90 ./Application/main.o
                0x00007ac4                main
 .text.libgcc   0x00007b54       0x3e d:/interface/sdk_win_64/sdk_win_64/winavr/bin/../lib/gcc/avr/4.3.3/avr5\libgcc.a(_mulsi3.o)
                0x00007b54                __mulsi3
 .text.libgcc   0x00007b92        0x0 d:/interface/sdk_win_64/sdk_win_64/winavr/bin/../lib/gcc/avr/4.3.3/avr5\libgcc.a(_exit.o)
 .text.libgcc   0x00007b92        0x0 d:/interface/sdk_win_64/sdk_win_64/winavr/bin/../lib/gcc/avr/4.3.3/avr5\libgcc.a(_copy_data.o)
 .text.libgcc   0x00007b92        0x0 d:/interface/sdk_win_64/sdk_win_64/winavr/bin/../lib/gcc/avr/4.3.3/avr5\libgcc.a(_clear_bss.o)
 .text.libgcc   0x00007b92       0x38 d:/interface/sdk_win_64/sdk_win_64/winavr/bin/../lib/gcc/avr/4.3.3/avr5\libgcc.a(_prologue.o)
                0x00007b92                __prologue_saves__
 .text.libgcc   0x00007bca       0x36 d:/interface/sdk_win_64/sdk_win_64/winavr/bin/../lib/gcc/avr/4.3.3/avr5\libgcc.a(_epilogue.o)
                0x00007bca                __epilogue_restores__
 .text.avr-libc
                0x00007c00       0x12 d:/interface/sdk_win_64/sdk_win_64/winavr/bin/../lib/gcc/avr/4.3.3/../../../../avr/lib/avr5\libc.a(memcpy.o)
                0x00007c00                memcpy
 .text.avr-libc
                0x00007c12       0x42 d:/interface/sdk_win_64/sdk_win_64/winavr/bin/../lib/gcc/avr/4.3.3/../../../../avr/lib/avr5\libc.a(itoa.o)
                0x00007c12                itoa
 .text.avr-libc
                0x00007c54       0x20 d:/interface/sdk_win_64/sdk_win_64/winavr/bin/../lib/gcc/avr/4.3.3/../../../../avr/lib/avr5\libc.a(strrev.o)
                0x00007c54                strrev
 .text.libgcc   0x00007c74       0x28 d:/interface/sdk_win_64/sdk_win_64/winavr/bin/../lib/gcc/avr/4.3.3/avr5\libgcc.a(_udivmodhi4.o)
                0x00007c74                __udivmodhi4
                0x00007c9c                . = ALIGN (0x2)
 *(.fini9)
 .fini9         0x00007c9c        0x0 d:/interface/sdk_win_64/sdk_win_64/winavr/bin/../lib/gcc/avr/4.3.3/avr5\libgcc.a(_exit.o)
                0x00007c9c                exit
                0x00007c9c                _exit
 *(.fini9)
 *(.fini8)
 *(.fini8)
 *(.fini7)
 *(.fini7)
 *(.fini6)
 *(.fini6)
 *(.fini5)
 *(.fini5)
 *(.fini4)
 *(.fini4)
 *(.fini3)
 *(.fini3)
 *(.fini2)
 *(.fini2)
 *(.fini1)
 *(.fini1)
 *(.fini0)
 .fini0         0x00007c9c        0x4 d:/interface/sdk_win_64/sdk_win_64/winavr/bin/../lib/gcc/avr/4.3.3/avr5\libgcc.a(_exit.o)
 *(.fini0)
                0x00007ca0                _etext = .

.data           0x00800060      0x122 load address 0x00007ca0
                0x00800060                PROVIDE (__data_start, .)
 *(.data)
 .data          0x00800060        0x0 d:/interface/sdk_win_64/sdk_win_64/winavr/bin/../lib/gcc/avr/4.3.3/../../../../avr/lib/avr5/crtm32.o
 .data          0x00800060        0x0 ./SERVICE/ICU_Interface.o
 .data          0x00800060        0x0 ./MCAL/WDT/WDT.o
 .data          0x00800060        0x0 ./MCAL/UART/UART.o
 .data          0x00800060        0x0 ./MCAL/Timer 1/Timer1.o
 .data          0x00800060        0x0 ./MCAL/Timer 0/Timer_0.o
 .data          0x00800060        0x0 ./MCAL/TWI/TWI.o
 .data          0x00800060        0x0 ./MCAL/SPI/SPI.o
 .data          0x00800060        0x0 ./MCAL/Interrupt/Interrupt.o
 .data          0x00800060        0x0 ./MCAL/DIO/DIO.o
 .data          0x00800060        0x0 ./MCAL/ADC/ADC.o
 .data          0x00800060        0x0 ./HAL/Ultrasonic_Sensor/Ultrasonic_Sensor.o
 .data          0x00800060        0x0 ./HAL/Servo Motor/Servo_Motor.o
 .data          0x00800060        0x0 ./HAL/LED/LED.o
 .data          0x00800060        0x0 ./HAL/LCD/LCD.o
 .data          0x00800060        0x0 ./HAL/KeyPad/KeyPad.o
 .data          0x00800060        0x0 ./HAL/H_Bridge/H_Bridge.o
 .data          0x00800060        0x0 ./HAL/Buzzer/Buzzer.o
 .data          0x00800060        0x0 ./FreeRTOS/heap_2.o
 .data          0x00800060        0x0 ./FreeRTOS/list.o
 .data          0x00800060        0x0 ./FreeRTOS/port.o
 .data          0x00800060        0x0 ./FreeRTOS/queue.o
 .data          0x00800060        0x5 ./FreeRTOS/tasks.o
 .data          0x00800065        0x0 ./Application/Autonomous_Car/Autonomous_Car.o
 .data          0x00800065        0x0 ./Application/main.o
 .data          0x00800065        0x0 d:/interface/sdk_win_64/sdk_win_64/winavr/bin/../lib/gcc/avr/4.3.3/avr5\libgcc.a(_mulsi3.o)
 .data          0x00800065        0x0 d:/interface/sdk_win_64/sdk_win_64/winavr/bin/../lib/gcc/avr/4.3.3/avr5\libgcc.a(_exit.o)
 .data          0x00800065        0x0 d:/interface/sdk_win_64/sdk_win_64/winavr/bin/../lib/gcc/avr/4.3.3/avr5\libgcc.a(_copy_data.o)
 .data          0x00800065        0x0 d:/interface/sdk_win_64/sdk_win_64/winavr/bin/../lib/gcc/avr/4.3.3/avr5\libgcc.a(_clear_bss.o)
 .data          0x00800065        0x0 d:/interface/sdk_win_64/sdk_win_64/winavr/bin/../lib/gcc/avr/4.3.3/avr5\libgcc.a(_fixunssfsi.o)
 .data          0x00800065        0x0 d:/interface/sdk_win_64/sdk_win_64/winavr/bin/../lib/gcc/avr/4.3.3/avr5\libgcc.a(_addsub_sf.o)
 .data          0x00800065        0x0 d:/interface/sdk_win_64/sdk_win_64/winavr/bin/../lib/gcc/avr/4.3.3/avr5\libgcc.a(_mul_sf.o)
 .data          0x00800065        0x0 d:/interface/sdk_win_64/sdk_win_64/winavr/bin/../lib/gcc/avr/4.3.3/avr5\libgcc.a(_div_sf.o)
 .data          0x00800065        0x0 d:/interface/sdk_win_64/sdk_win_64/winavr/bin/../lib/gcc/avr/4.3.3/avr5\libgcc.a(_gt_sf.o)
 .data          0x00800065        0x0 d:/interface/sdk_win_64/sdk_win_64/winavr/bin/../lib/gcc/avr/4.3.3/avr5\libgcc.a(_ge_sf.o)
 .data          0x00800065        0x0 d:/interface/sdk_win_64/sdk_win_64/winavr/bin/../lib/gcc/avr/4.3.3/avr5\libgcc.a(_lt_sf.o)
 .data          0x00800065        0x0 d:/interface/sdk_win_64/sdk_win_64/winavr/bin/../lib/gcc/avr/4.3.3/avr5\libgcc.a(_sf_to_si.o)
 .data          0x00800065        0x8 d:/interface/sdk_win_64/sdk_win_64/winavr/bin/../lib/gcc/avr/4.3.3/avr5\libgcc.a(_thenan_sf.o)
                0x00800065                __thenan_sf
 .data          0x0080006d        0x0 d:/interface/sdk_win_64/sdk_win_64/winavr/bin/../lib/gcc/avr/4.3.3/avr5\libgcc.a(_usi_to_sf.o)
 .data          0x0080006d        0x0 d:/interface/sdk_win_64/sdk_win_64/winavr/bin/../lib/gcc/avr/4.3.3/avr5\libgcc.a(_prologue.o)
 .data          0x0080006d        0x0 d:/interface/sdk_win_64/sdk_win_64/winavr/bin/../lib/gcc/avr/4.3.3/avr5\libgcc.a(_epilogue.o)
 .data          0x0080006d        0x0 d:/interface/sdk_win_64/sdk_win_64/winavr/bin/../lib/gcc/avr/4.3.3/avr5\libgcc.a(_clzsi2.o)
 .data          0x0080006d        0x0 d:/interface/sdk_win_64/sdk_win_64/winavr/bin/../lib/gcc/avr/4.3.3/avr5\libgcc.a(_pack_sf.o)
 .data          0x0080006d        0x0 d:/interface/sdk_win_64/sdk_win_64/winavr/bin/../lib/gcc/avr/4.3.3/avr5\libgcc.a(_unpack_sf.o)
 .data          0x0080006d        0x0 d:/interface/sdk_win_64/sdk_win_64/winavr/bin/../lib/gcc/avr/4.3.3/avr5\libgcc.a(_fpcmp_parts_sf.o)
 .data          0x0080006d      0x100 d:/interface/sdk_win_64/sdk_win_64/winavr/bin/../lib/gcc/avr/4.3.3/avr5\libgcc.a(_clz.o)
                0x0080006d                __clz_tab
 .data          0x0080016d        0x0 d:/interface/sdk_win_64/sdk_win_64/winavr/bin/../lib/gcc/avr/4.3.3/../../../../avr/lib/avr5\libc.a(memcpy.o)
 .data          0x0080016d        0x0 d:/interface/sdk_win_64/sdk_win_64/winavr/bin/../lib/gcc/avr/4.3.3/../../../../avr/lib/avr5\libc.a(itoa.o)
 .data          0x0080016d        0x0 d:/interface/sdk_win_64/sdk_win_64/winavr/bin/../lib/gcc/avr/4.3.3/../../../../avr/lib/avr5\libc.a(strrev.o)
 .data          0x0080016d        0x0 d:/interface/sdk_win_64/sdk_win_64/winavr/bin/../lib/gcc/avr/4.3.3/avr5\libgcc.a(_udivmodhi4.o)
 *(.data*)
 .data.exit_count
                0x0080016d        0x1 ./HAL/Ultrasonic_Sensor/Ultrasonic_Sensor.o
                0x0080016d                exit_count
 .data.array    0x0080016e       0x10 ./HAL/KeyPad/KeyPad.o
                0x0080016e                array
 .data.xFreeBytesRemaining
                0x0080017e        0x2 ./FreeRTOS/heap_2.o
 *(.rodata)
 *(.rodata*)
 .rodata.heapSTRUCT_SIZE
                0x00800180        0x2 ./FreeRTOS/heap_2.o
 *(.gnu.linkonce.d*)
                0x00800182                . = ALIGN (0x2)
                0x00800182                _edata = .
                0x00800182                PROVIDE (__data_end, .)

.bss            0x00800182      0x4a7
                0x00800182                PROVIDE (__bss_start, .)
 *(.bss)
 .bss           0x00800182        0x0 d:/interface/sdk_win_64/sdk_win_64/winavr/bin/../lib/gcc/avr/4.3.3/../../../../avr/lib/avr5/crtm32.o
 .bss           0x00800182        0x0 ./SERVICE/ICU_Interface.o
 .bss           0x00800182        0x0 ./MCAL/WDT/WDT.o
 .bss           0x00800182        0x0 ./MCAL/UART/UART.o
 .bss           0x00800182        0x0 ./MCAL/Timer 1/Timer1.o
 .bss           0x00800182        0x0 ./MCAL/Timer 0/Timer_0.o
 .bss           0x00800182        0x0 ./MCAL/TWI/TWI.o
 .bss           0x00800182        0x0 ./MCAL/SPI/SPI.o
 .bss           0x00800182        0x0 ./MCAL/Interrupt/Interrupt.o
 .bss           0x00800182        0x0 ./MCAL/DIO/DIO.o
 .bss           0x00800182        0x0 ./MCAL/ADC/ADC.o
 .bss           0x00800182        0x0 ./HAL/Ultrasonic_Sensor/Ultrasonic_Sensor.o
 .bss           0x00800182        0x0 ./HAL/Servo Motor/Servo_Motor.o
 .bss           0x00800182        0x0 ./HAL/LED/LED.o
 .bss           0x00800182        0x0 ./HAL/LCD/LCD.o
 .bss           0x00800182        0x0 ./HAL/KeyPad/KeyPad.o
 .bss           0x00800182        0x0 ./HAL/H_Bridge/H_Bridge.o
 .bss           0x00800182        0x0 ./HAL/Buzzer/Buzzer.o
 .bss           0x00800182        0x0 ./FreeRTOS/heap_2.o
 .bss           0x00800182        0x0 ./FreeRTOS/list.o
 .bss           0x00800182        0x0 ./FreeRTOS/port.o
 .bss           0x00800182        0x0 ./FreeRTOS/queue.o
 .bss           0x00800182        0x0 ./FreeRTOS/tasks.o
 .bss           0x00800182        0x0 ./Application/Autonomous_Car/Autonomous_Car.o
 .bss           0x00800182        0x0 ./Application/main.o
 .bss           0x00800182        0x0 d:/interface/sdk_win_64/sdk_win_64/winavr/bin/../lib/gcc/avr/4.3.3/avr5\libgcc.a(_mulsi3.o)
 .bss           0x00800182        0x0 d:/interface/sdk_win_64/sdk_win_64/winavr/bin/../lib/gcc/avr/4.3.3/avr5\libgcc.a(_exit.o)
 .bss           0x00800182        0x0 d:/interface/sdk_win_64/sdk_win_64/winavr/bin/../lib/gcc/avr/4.3.3/avr5\libgcc.a(_copy_data.o)
 .bss           0x00800182        0x0 d:/interface/sdk_win_64/sdk_win_64/winavr/bin/../lib/gcc/avr/4.3.3/avr5\libgcc.a(_clear_bss.o)
 .bss           0x00800182        0x0 d:/interface/sdk_win_64/sdk_win_64/winavr/bin/../lib/gcc/avr/4.3.3/avr5\libgcc.a(_fixunssfsi.o)
 .bss           0x00800182        0x0 d:/interface/sdk_win_64/sdk_win_64/winavr/bin/../lib/gcc/avr/4.3.3/avr5\libgcc.a(_addsub_sf.o)
 .bss           0x00800182        0x0 d:/interface/sdk_win_64/sdk_win_64/winavr/bin/../lib/gcc/avr/4.3.3/avr5\libgcc.a(_mul_sf.o)
 .bss           0x00800182        0x0 d:/interface/sdk_win_64/sdk_win_64/winavr/bin/../lib/gcc/avr/4.3.3/avr5\libgcc.a(_div_sf.o)
 .bss           0x00800182        0x0 d:/interface/sdk_win_64/sdk_win_64/winavr/bin/../lib/gcc/avr/4.3.3/avr5\libgcc.a(_gt_sf.o)
 .bss           0x00800182        0x0 d:/interface/sdk_win_64/sdk_win_64/winavr/bin/../lib/gcc/avr/4.3.3/avr5\libgcc.a(_ge_sf.o)
 .bss           0x00800182        0x0 d:/interface/sdk_win_64/sdk_win_64/winavr/bin/../lib/gcc/avr/4.3.3/avr5\libgcc.a(_lt_sf.o)
 .bss           0x00800182        0x0 d:/interface/sdk_win_64/sdk_win_64/winavr/bin/../lib/gcc/avr/4.3.3/avr5\libgcc.a(_sf_to_si.o)
 .bss           0x00800182        0x0 d:/interface/sdk_win_64/sdk_win_64/winavr/bin/../lib/gcc/avr/4.3.3/avr5\libgcc.a(_thenan_sf.o)
 .bss           0x00800182        0x0 d:/interface/sdk_win_64/sdk_win_64/winavr/bin/../lib/gcc/avr/4.3.3/avr5\libgcc.a(_usi_to_sf.o)
 .bss           0x00800182        0x0 d:/interface/sdk_win_64/sdk_win_64/winavr/bin/../lib/gcc/avr/4.3.3/avr5\libgcc.a(_prologue.o)
 .bss           0x00800182        0x0 d:/interface/sdk_win_64/sdk_win_64/winavr/bin/../lib/gcc/avr/4.3.3/avr5\libgcc.a(_epilogue.o)
 .bss           0x00800182        0x0 d:/interface/sdk_win_64/sdk_win_64/winavr/bin/../lib/gcc/avr/4.3.3/avr5\libgcc.a(_clzsi2.o)
 .bss           0x00800182        0x0 d:/interface/sdk_win_64/sdk_win_64/winavr/bin/../lib/gcc/avr/4.3.3/avr5\libgcc.a(_pack_sf.o)
 .bss           0x00800182        0x0 d:/interface/sdk_win_64/sdk_win_64/winavr/bin/../lib/gcc/avr/4.3.3/avr5\libgcc.a(_unpack_sf.o)
 .bss           0x00800182        0x0 d:/interface/sdk_win_64/sdk_win_64/winavr/bin/../lib/gcc/avr/4.3.3/avr5\libgcc.a(_fpcmp_parts_sf.o)
 .bss           0x00800182        0x0 d:/interface/sdk_win_64/sdk_win_64/winavr/bin/../lib/gcc/avr/4.3.3/avr5\libgcc.a(_clz.o)
 .bss           0x00800182        0x0 d:/interface/sdk_win_64/sdk_win_64/winavr/bin/../lib/gcc/avr/4.3.3/../../../../avr/lib/avr5\libc.a(memcpy.o)
 .bss           0x00800182        0x0 d:/interface/sdk_win_64/sdk_win_64/winavr/bin/../lib/gcc/avr/4.3.3/../../../../avr/lib/avr5\libc.a(itoa.o)
 .bss           0x00800182        0x0 d:/interface/sdk_win_64/sdk_win_64/winavr/bin/../lib/gcc/avr/4.3.3/../../../../avr/lib/avr5\libc.a(strrev.o)
 .bss           0x00800182        0x0 d:/interface/sdk_win_64/sdk_win_64/winavr/bin/../lib/gcc/avr/4.3.3/avr5\libgcc.a(_udivmodhi4.o)
 *(.bss*)
 .bss.OvfCounter
                0x00800182        0x2 ./MCAL/Timer 0/Timer_0.o
                0x00800182                OvfCounter
 .bss.Gptr3     0x00800184        0x2 ./MCAL/Timer 0/Timer_0.o
                0x00800184                Gptr3
 .bss.Start     0x00800186        0x2 ./MCAL/Timer 0/Timer_0.o
                0x00800186                Start
 .bss.Counter   0x00800188        0x2 ./MCAL/Timer 0/Timer_0.o
                0x00800188                Counter
 .bss.Gptr0     0x0080018a        0x2 ./MCAL/Interrupt/Interrupt.o
                0x0080018a                Gptr0
 .bss.Gptr1     0x0080018c        0x2 ./MCAL/Interrupt/Interrupt.o
                0x0080018c                Gptr1
 .bss.Gptr2     0x0080018e        0x2 ./MCAL/Interrupt/Interrupt.o
                0x0080018e                Gptr2
 .bss.Gptr_ADC  0x00800190        0x2 ./MCAL/ADC/ADC.o
                0x00800190                Gptr_ADC
 .bss.distance  0x00800192        0x4 ./HAL/Ultrasonic_Sensor/Ultrasonic_Sensor.o
                0x00800192                distance
 .bss.start_time
                0x00800196        0x2 ./HAL/Ultrasonic_Sensor/Ultrasonic_Sensor.o
                0x00800196                start_time
 .bss.end_time  0x00800198        0x2 ./HAL/Ultrasonic_Sensor/Ultrasonic_Sensor.o
                0x00800198                end_time
 .bss.timeDiff  0x0080019a        0x2 ./HAL/Ultrasonic_Sensor/Ultrasonic_Sensor.o
                0x0080019a                timeDiff
 .bss.KetPadValue
                0x0080019c        0x1 ./HAL/KeyPad/KeyPad.o
                0x0080019c                KetPadValue
 .bss.xHeapHasBeenInitialised.1640
                0x0080019d        0x1 ./FreeRTOS/heap_2.o
 .bss.ucHeap    0x0080019e      0x3e8 ./FreeRTOS/heap_2.o
 .bss.xStart    0x00800586        0x4 ./FreeRTOS/heap_2.o
 .bss.xEnd      0x0080058a        0x4 ./FreeRTOS/heap_2.o
 .bss.pxCurrentTCB
                0x0080058e        0x2 ./FreeRTOS/tasks.o
                0x0080058e                pxCurrentTCB
 .bss.uxDeletedTasksWaitingCleanUp
                0x00800590        0x1 ./FreeRTOS/tasks.o
 .bss.uxCurrentNumberOfTasks
                0x00800591        0x1 ./FreeRTOS/tasks.o
 .bss.xTickCount
                0x00800592        0x2 ./FreeRTOS/tasks.o
 .bss.uxTopReadyPriority
                0x00800594        0x1 ./FreeRTOS/tasks.o
 .bss.xSchedulerRunning
                0x00800595        0x1 ./FreeRTOS/tasks.o
 .bss.uxPendedTicks
                0x00800596        0x1 ./FreeRTOS/tasks.o
 .bss.xYieldPending
                0x00800597        0x1 ./FreeRTOS/tasks.o
 .bss.xNumOfOverflows
                0x00800598        0x1 ./FreeRTOS/tasks.o
 .bss.uxTaskNumber
                0x00800599        0x1 ./FreeRTOS/tasks.o
 .bss.xNextTaskUnblockTime
                0x0080059a        0x2 ./FreeRTOS/tasks.o
 .bss.xIdleTaskHandle
                0x0080059c        0x2 ./FreeRTOS/tasks.o
 .bss.uxSchedulerSuspended
                0x0080059e        0x1 ./FreeRTOS/tasks.o
 .bss.pxReadyTasksLists
                0x0080059f       0x51 ./FreeRTOS/tasks.o
 .bss.xDelayedTaskList1
                0x008005f0        0x9 ./FreeRTOS/tasks.o
 .bss.xDelayedTaskList2
                0x008005f9        0x9 ./FreeRTOS/tasks.o
 .bss.pxDelayedTaskList
                0x00800602        0x2 ./FreeRTOS/tasks.o
 .bss.pxOverflowDelayedTaskList
                0x00800604        0x2 ./FreeRTOS/tasks.o
 .bss.xPendingReadyList
                0x00800606        0x9 ./FreeRTOS/tasks.o
 .bss.xTasksWaitingTermination
                0x0080060f        0x9 ./FreeRTOS/tasks.o
 .bss.xSuspendedTaskList
                0x00800618        0x9 ./FreeRTOS/tasks.o
 *(COMMON)
 COMMON         0x00800621        0x4 ./MCAL/Timer 0/Timer_0.o
                0x00800621                Glob_TickTime
 COMMON         0x00800625        0x4 ./HAL/Ultrasonic_Sensor/Ultrasonic_Sensor.o
                0x00800625                ovfCounter_end
                0x00800627                ovfCounter_start
                0x00800629                PROVIDE (__bss_end, .)
                0x00007ca0                __data_load_start = LOADADDR (.data)
                0x00007dc2                __data_load_end = (__data_load_start + SIZEOF (.data))

.noinit         0x00800629        0x0
                0x00800629                PROVIDE (__noinit_start, .)
 *(.noinit*)
                0x00800629                PROVIDE (__noinit_end, .)
                0x00800629                _end = .
                0x00800629                PROVIDE (__heap_start, .)

.eeprom         0x00810000        0x0
 *(.eeprom*)
                0x00810000                __eeprom_end = .

.fuse
 *(.fuse)
 *(.lfuse)
 *(.hfuse)
 *(.efuse)

.lock
 *(.lock*)

.signature
 *(.signature*)

.stab           0x00000000     0xb1a8
 *(.stab)
 .stab          0x00000000       0xe4 ./SERVICE/ICU_Interface.o
 .stab          0x000000e4      0x3d8 ./MCAL/WDT/WDT.o
                                0x3e4 (size before relaxing)
 .stab          0x000004bc      0x2ac ./MCAL/UART/UART.o
                                0x2b8 (size before relaxing)
 .stab          0x00000768       0xd8 ./MCAL/Timer 1/Timer1.o
                                 0xe4 (size before relaxing)
 .stab          0x00000840      0x954 ./MCAL/Timer 0/Timer_0.o
                                0x960 (size before relaxing)
 .stab          0x00001194      0x6a8 ./MCAL/TWI/TWI.o
                                0x6b4 (size before relaxing)
 .stab          0x0000183c       0xd8 ./MCAL/SPI/SPI.o
                                 0xe4 (size before relaxing)
 .stab          0x00001914      0x6c0 ./MCAL/Interrupt/Interrupt.o
                                0x6cc (size before relaxing)
 .stab          0x00001fd4      0xe4c ./MCAL/DIO/DIO.o
                                0xfe4 (size before relaxing)
 .stab          0x00002e20      0x660 ./MCAL/ADC/ADC.o
                                0x66c (size before relaxing)
 .stab          0x00003480      0x714 ./HAL/Ultrasonic_Sensor/Ultrasonic_Sensor.o
                                0x8ac (size before relaxing)
 .stab          0x00003b94       0xd8 ./HAL/Servo Motor/Servo_Motor.o
                                 0xe4 (size before relaxing)
 .stab          0x00003c6c      0x360 ./HAL/LED/LED.o
                                0x4f8 (size before relaxing)
 .stab          0x00003fcc     0x1080 ./HAL/LCD/LCD.o
                               0x1218 (size before relaxing)
 .stab          0x0000504c      0x4c8 ./HAL/KeyPad/KeyPad.o
                                0x660 (size before relaxing)
 .stab          0x00005514       0xd8 ./HAL/H_Bridge/H_Bridge.o
                                 0xe4 (size before relaxing)
 .stab          0x000055ec      0x360 ./HAL/Buzzer/Buzzer.o
                                0x4f8 (size before relaxing)
 .stab          0x0000594c      0x888 ./FreeRTOS/heap_2.o
                                0xa44 (size before relaxing)
 .stab          0x000061d4      0x474 ./FreeRTOS/list.o
                                0x834 (size before relaxing)
 .stab          0x00006648      0x840 ./FreeRTOS/port.o
                                0xcc0 (size before relaxing)
 .stab          0x00006e88     0x1758 ./FreeRTOS/queue.o
                               0x1be4 (size before relaxing)
 .stab          0x000085e0     0x27fc ./FreeRTOS/tasks.o
                               0x2c88 (size before relaxing)
 .stab          0x0000addc       0xd8 ./Application/Autonomous_Car/Autonomous_Car.o
                                 0xe4 (size before relaxing)
 .stab          0x0000aeb4      0x2f4 ./Application/main.o
                                0x48c (size before relaxing)

.stabstr        0x00000000     0x55e9
 *(.stabstr)
 .stabstr       0x00000000     0x55e9 ./SERVICE/ICU_Interface.o

.stab.excl
 *(.stab.excl)

.stab.exclstr
 *(.stab.exclstr)

.stab.index
 *(.stab.index)

.stab.indexstr
 *(.stab.indexstr)

.comment
 *(.comment)

.debug
 *(.debug)

.line
 *(.line)

.debug_srcinfo
 *(.debug_srcinfo)

.debug_sfnames
 *(.debug_sfnames)

.debug_aranges  0x00000000      0x1a0
 *(.debug_aranges)
 .debug_aranges
                0x00000000       0x20 d:/interface/sdk_win_64/sdk_win_64/winavr/bin/../lib/gcc/avr/4.3.3/avr5\libgcc.a(_fixunssfsi.o)
 .debug_aranges
                0x00000020       0x20 d:/interface/sdk_win_64/sdk_win_64/winavr/bin/../lib/gcc/avr/4.3.3/avr5\libgcc.a(_addsub_sf.o)
 .debug_aranges
                0x00000040       0x20 d:/interface/sdk_win_64/sdk_win_64/winavr/bin/../lib/gcc/avr/4.3.3/avr5\libgcc.a(_mul_sf.o)
 .debug_aranges
                0x00000060       0x20 d:/interface/sdk_win_64/sdk_win_64/winavr/bin/../lib/gcc/avr/4.3.3/avr5\libgcc.a(_div_sf.o)
 .debug_aranges
                0x00000080       0x20 d:/interface/sdk_win_64/sdk_win_64/winavr/bin/../lib/gcc/avr/4.3.3/avr5\libgcc.a(_gt_sf.o)
 .debug_aranges
                0x000000a0       0x20 d:/interface/sdk_win_64/sdk_win_64/winavr/bin/../lib/gcc/avr/4.3.3/avr5\libgcc.a(_ge_sf.o)
 .debug_aranges
                0x000000c0       0x20 d:/interface/sdk_win_64/sdk_win_64/winavr/bin/../lib/gcc/avr/4.3.3/avr5\libgcc.a(_lt_sf.o)
 .debug_aranges
                0x000000e0       0x20 d:/interface/sdk_win_64/sdk_win_64/winavr/bin/../lib/gcc/avr/4.3.3/avr5\libgcc.a(_sf_to_si.o)
 .debug_aranges
                0x00000100       0x20 d:/interface/sdk_win_64/sdk_win_64/winavr/bin/../lib/gcc/avr/4.3.3/avr5\libgcc.a(_usi_to_sf.o)
 .debug_aranges
                0x00000120       0x20 d:/interface/sdk_win_64/sdk_win_64/winavr/bin/../lib/gcc/avr/4.3.3/avr5\libgcc.a(_clzsi2.o)
 .debug_aranges
                0x00000140       0x20 d:/interface/sdk_win_64/sdk_win_64/winavr/bin/../lib/gcc/avr/4.3.3/avr5\libgcc.a(_pack_sf.o)
 .debug_aranges
                0x00000160       0x20 d:/interface/sdk_win_64/sdk_win_64/winavr/bin/../lib/gcc/avr/4.3.3/avr5\libgcc.a(_unpack_sf.o)
 .debug_aranges
                0x00000180       0x20 d:/interface/sdk_win_64/sdk_win_64/winavr/bin/../lib/gcc/avr/4.3.3/avr5\libgcc.a(_fpcmp_parts_sf.o)

.debug_pubnames
                0x00000000      0x1f2
 *(.debug_pubnames)
 .debug_pubnames
                0x00000000       0x23 d:/interface/sdk_win_64/sdk_win_64/winavr/bin/../lib/gcc/avr/4.3.3/avr5\libgcc.a(_fixunssfsi.o)
 .debug_pubnames
                0x00000023       0x2c d:/interface/sdk_win_64/sdk_win_64/winavr/bin/../lib/gcc/avr/4.3.3/avr5\libgcc.a(_addsub_sf.o)
 .debug_pubnames
                0x0000004f       0x1f d:/interface/sdk_win_64/sdk_win_64/winavr/bin/../lib/gcc/avr/4.3.3/avr5\libgcc.a(_mul_sf.o)
 .debug_pubnames
                0x0000006e       0x1f d:/interface/sdk_win_64/sdk_win_64/winavr/bin/../lib/gcc/avr/4.3.3/avr5\libgcc.a(_div_sf.o)
 .debug_pubnames
                0x0000008d       0x1e d:/interface/sdk_win_64/sdk_win_64/winavr/bin/../lib/gcc/avr/4.3.3/avr5\libgcc.a(_gt_sf.o)
 .debug_pubnames
                0x000000ab       0x1e d:/interface/sdk_win_64/sdk_win_64/winavr/bin/../lib/gcc/avr/4.3.3/avr5\libgcc.a(_ge_sf.o)
 .debug_pubnames
                0x000000c9       0x1e d:/interface/sdk_win_64/sdk_win_64/winavr/bin/../lib/gcc/avr/4.3.3/avr5\libgcc.a(_lt_sf.o)
 .debug_pubnames
                0x000000e7       0x20 d:/interface/sdk_win_64/sdk_win_64/winavr/bin/../lib/gcc/avr/4.3.3/avr5\libgcc.a(_sf_to_si.o)
 .debug_pubnames
                0x00000107       0x22 d:/interface/sdk_win_64/sdk_win_64/winavr/bin/../lib/gcc/avr/4.3.3/avr5\libgcc.a(_thenan_sf.o)
 .debug_pubnames
                0x00000129       0x24 d:/interface/sdk_win_64/sdk_win_64/winavr/bin/../lib/gcc/avr/4.3.3/avr5\libgcc.a(_usi_to_sf.o)
 .debug_pubnames
                0x0000014d       0x1f d:/interface/sdk_win_64/sdk_win_64/winavr/bin/../lib/gcc/avr/4.3.3/avr5\libgcc.a(_clzsi2.o)
 .debug_pubnames
                0x0000016c       0x1f d:/interface/sdk_win_64/sdk_win_64/winavr/bin/../lib/gcc/avr/4.3.3/avr5\libgcc.a(_pack_sf.o)
 .debug_pubnames
                0x0000018b       0x21 d:/interface/sdk_win_64/sdk_win_64/winavr/bin/../lib/gcc/avr/4.3.3/avr5\libgcc.a(_unpack_sf.o)
 .debug_pubnames
                0x000001ac       0x26 d:/interface/sdk_win_64/sdk_win_64/winavr/bin/../lib/gcc/avr/4.3.3/avr5\libgcc.a(_fpcmp_parts_sf.o)
 .debug_pubnames
                0x000001d2       0x20 d:/interface/sdk_win_64/sdk_win_64/winavr/bin/../lib/gcc/avr/4.3.3/avr5\libgcc.a(_clz.o)

.debug_info     0x00000000     0x240b
 *(.debug_info)
 .debug_info    0x00000000       0xb1 d:/interface/sdk_win_64/sdk_win_64/winavr/bin/../lib/gcc/avr/4.3.3/avr5\libgcc.a(_fixunssfsi.o)
 .debug_info    0x000000b1      0x47a d:/interface/sdk_win_64/sdk_win_64/winavr/bin/../lib/gcc/avr/4.3.3/avr5\libgcc.a(_addsub_sf.o)
 .debug_info    0x0000052b      0x485 d:/interface/sdk_win_64/sdk_win_64/winavr/bin/../lib/gcc/avr/4.3.3/avr5\libgcc.a(_mul_sf.o)
 .debug_info    0x000009b0      0x3fc d:/interface/sdk_win_64/sdk_win_64/winavr/bin/../lib/gcc/avr/4.3.3/avr5\libgcc.a(_div_sf.o)
 .debug_info    0x00000dac      0x27f d:/interface/sdk_win_64/sdk_win_64/winavr/bin/../lib/gcc/avr/4.3.3/avr5\libgcc.a(_gt_sf.o)
 .debug_info    0x0000102b      0x27f d:/interface/sdk_win_64/sdk_win_64/winavr/bin/../lib/gcc/avr/4.3.3/avr5\libgcc.a(_ge_sf.o)
 .debug_info    0x000012aa      0x27f d:/interface/sdk_win_64/sdk_win_64/winavr/bin/../lib/gcc/avr/4.3.3/avr5\libgcc.a(_lt_sf.o)
 .debug_info    0x00001529      0x2b0 d:/interface/sdk_win_64/sdk_win_64/winavr/bin/../lib/gcc/avr/4.3.3/avr5\libgcc.a(_sf_to_si.o)
 .debug_info    0x000017d9      0x12c d:/interface/sdk_win_64/sdk_win_64/winavr/bin/../lib/gcc/avr/4.3.3/avr5\libgcc.a(_thenan_sf.o)
 .debug_info    0x00001905      0x206 d:/interface/sdk_win_64/sdk_win_64/winavr/bin/../lib/gcc/avr/4.3.3/avr5\libgcc.a(_usi_to_sf.o)
 .debug_info    0x00001b0b      0x117 d:/interface/sdk_win_64/sdk_win_64/winavr/bin/../lib/gcc/avr/4.3.3/avr5\libgcc.a(_clzsi2.o)
 .debug_info    0x00001c22      0x2df d:/interface/sdk_win_64/sdk_win_64/winavr/bin/../lib/gcc/avr/4.3.3/avr5\libgcc.a(_pack_sf.o)
 .debug_info    0x00001f01      0x251 d:/interface/sdk_win_64/sdk_win_64/winavr/bin/../lib/gcc/avr/4.3.3/avr5\libgcc.a(_unpack_sf.o)
 .debug_info    0x00002152      0x210 d:/interface/sdk_win_64/sdk_win_64/winavr/bin/../lib/gcc/avr/4.3.3/avr5\libgcc.a(_fpcmp_parts_sf.o)
 .debug_info    0x00002362       0xa9 d:/interface/sdk_win_64/sdk_win_64/winavr/bin/../lib/gcc/avr/4.3.3/avr5\libgcc.a(_clz.o)
 *(.gnu.linkonce.wi.*)

.debug_abbrev   0x00000000     0x1386
 *(.debug_abbrev)
 .debug_abbrev  0x00000000       0x5d d:/interface/sdk_win_64/sdk_win_64/winavr/bin/../lib/gcc/avr/4.3.3/avr5\libgcc.a(_fixunssfsi.o)
 .debug_abbrev  0x0000005d      0x1ea d:/interface/sdk_win_64/sdk_win_64/winavr/bin/../lib/gcc/avr/4.3.3/avr5\libgcc.a(_addsub_sf.o)
 .debug_abbrev  0x00000247      0x21b d:/interface/sdk_win_64/sdk_win_64/winavr/bin/../lib/gcc/avr/4.3.3/avr5\libgcc.a(_mul_sf.o)
 .debug_abbrev  0x00000462      0x216 d:/interface/sdk_win_64/sdk_win_64/winavr/bin/../lib/gcc/avr/4.3.3/avr5\libgcc.a(_div_sf.o)
 .debug_abbrev  0x00000678      0x15a d:/interface/sdk_win_64/sdk_win_64/winavr/bin/../lib/gcc/avr/4.3.3/avr5\libgcc.a(_gt_sf.o)
 .debug_abbrev  0x000007d2      0x15a d:/interface/sdk_win_64/sdk_win_64/winavr/bin/../lib/gcc/avr/4.3.3/avr5\libgcc.a(_ge_sf.o)
 .debug_abbrev  0x0000092c      0x15a d:/interface/sdk_win_64/sdk_win_64/winavr/bin/../lib/gcc/avr/4.3.3/avr5\libgcc.a(_lt_sf.o)
 .debug_abbrev  0x00000a86      0x17f d:/interface/sdk_win_64/sdk_win_64/winavr/bin/../lib/gcc/avr/4.3.3/avr5\libgcc.a(_sf_to_si.o)
 .debug_abbrev  0x00000c05       0xad d:/interface/sdk_win_64/sdk_win_64/winavr/bin/../lib/gcc/avr/4.3.3/avr5\libgcc.a(_thenan_sf.o)
 .debug_abbrev  0x00000cb2      0x157 d:/interface/sdk_win_64/sdk_win_64/winavr/bin/../lib/gcc/avr/4.3.3/avr5\libgcc.a(_usi_to_sf.o)
 .debug_abbrev  0x00000e09       0xc4 d:/interface/sdk_win_64/sdk_win_64/winavr/bin/../lib/gcc/avr/4.3.3/avr5\libgcc.a(_clzsi2.o)
 .debug_abbrev  0x00000ecd      0x1c0 d:/interface/sdk_win_64/sdk_win_64/winavr/bin/../lib/gcc/avr/4.3.3/avr5\libgcc.a(_pack_sf.o)
 .debug_abbrev  0x0000108d      0x154 d:/interface/sdk_win_64/sdk_win_64/winavr/bin/../lib/gcc/avr/4.3.3/avr5\libgcc.a(_unpack_sf.o)
 .debug_abbrev  0x000011e1      0x13b d:/interface/sdk_win_64/sdk_win_64/winavr/bin/../lib/gcc/avr/4.3.3/avr5\libgcc.a(_fpcmp_parts_sf.o)
 .debug_abbrev  0x0000131c       0x6a d:/interface/sdk_win_64/sdk_win_64/winavr/bin/../lib/gcc/avr/4.3.3/avr5\libgcc.a(_clz.o)

.debug_line     0x00000000     0x11d6
 *(.debug_line)
 .debug_line    0x00000000       0xa7 d:/interface/sdk_win_64/sdk_win_64/winavr/bin/../lib/gcc/avr/4.3.3/avr5\libgcc.a(_fixunssfsi.o)
 .debug_line    0x000000a7      0x2af d:/interface/sdk_win_64/sdk_win_64/winavr/bin/../lib/gcc/avr/4.3.3/avr5\libgcc.a(_addsub_sf.o)
 .debug_line    0x00000356      0x239 d:/interface/sdk_win_64/sdk_win_64/winavr/bin/../lib/gcc/avr/4.3.3/avr5\libgcc.a(_mul_sf.o)
 .debug_line    0x0000058f      0x1d5 d:/interface/sdk_win_64/sdk_win_64/winavr/bin/../lib/gcc/avr/4.3.3/avr5\libgcc.a(_div_sf.o)
 .debug_line    0x00000764       0xd3 d:/interface/sdk_win_64/sdk_win_64/winavr/bin/../lib/gcc/avr/4.3.3/avr5\libgcc.a(_gt_sf.o)
 .debug_line    0x00000837       0xd3 d:/interface/sdk_win_64/sdk_win_64/winavr/bin/../lib/gcc/avr/4.3.3/avr5\libgcc.a(_ge_sf.o)
 .debug_line    0x0000090a       0xd3 d:/interface/sdk_win_64/sdk_win_64/winavr/bin/../lib/gcc/avr/4.3.3/avr5\libgcc.a(_lt_sf.o)
 .debug_line    0x000009dd      0x109 d:/interface/sdk_win_64/sdk_win_64/winavr/bin/../lib/gcc/avr/4.3.3/avr5\libgcc.a(_sf_to_si.o)
 .debug_line    0x00000ae6       0x90 d:/interface/sdk_win_64/sdk_win_64/winavr/bin/../lib/gcc/avr/4.3.3/avr5\libgcc.a(_thenan_sf.o)
 .debug_line    0x00000b76      0x133 d:/interface/sdk_win_64/sdk_win_64/winavr/bin/../lib/gcc/avr/4.3.3/avr5\libgcc.a(_usi_to_sf.o)
 .debug_line    0x00000ca9       0xa5 d:/interface/sdk_win_64/sdk_win_64/winavr/bin/../lib/gcc/avr/4.3.3/avr5\libgcc.a(_clzsi2.o)
 .debug_line    0x00000d4e      0x18a d:/interface/sdk_win_64/sdk_win_64/winavr/bin/../lib/gcc/avr/4.3.3/avr5\libgcc.a(_pack_sf.o)
 .debug_line    0x00000ed8      0x14b d:/interface/sdk_win_64/sdk_win_64/winavr/bin/../lib/gcc/avr/4.3.3/avr5\libgcc.a(_unpack_sf.o)
 .debug_line    0x00001023      0x137 d:/interface/sdk_win_64/sdk_win_64/winavr/bin/../lib/gcc/avr/4.3.3/avr5\libgcc.a(_fpcmp_parts_sf.o)
 .debug_line    0x0000115a       0x7c d:/interface/sdk_win_64/sdk_win_64/winavr/bin/../lib/gcc/avr/4.3.3/avr5\libgcc.a(_clz.o)

.debug_frame    0x00000000      0x1c0
 *(.debug_frame)
 .debug_frame   0x00000000       0x20 d:/interface/sdk_win_64/sdk_win_64/winavr/bin/../lib/gcc/avr/4.3.3/avr5\libgcc.a(_fixunssfsi.o)
 .debug_frame   0x00000020       0x40 d:/interface/sdk_win_64/sdk_win_64/winavr/bin/../lib/gcc/avr/4.3.3/avr5\libgcc.a(_addsub_sf.o)
 .debug_frame   0x00000060       0x20 d:/interface/sdk_win_64/sdk_win_64/winavr/bin/../lib/gcc/avr/4.3.3/avr5\libgcc.a(_mul_sf.o)
 .debug_frame   0x00000080       0x20 d:/interface/sdk_win_64/sdk_win_64/winavr/bin/../lib/gcc/avr/4.3.3/avr5\libgcc.a(_div_sf.o)
 .debug_frame   0x000000a0       0x20 d:/interface/sdk_win_64/sdk_win_64/winavr/bin/../lib/gcc/avr/4.3.3/avr5\libgcc.a(_gt_sf.o)
 .debug_frame   0x000000c0       0x20 d:/interface/sdk_win_64/sdk_win_64/winavr/bin/../lib/gcc/avr/4.3.3/avr5\libgcc.a(_ge_sf.o)
 .debug_frame   0x000000e0       0x20 d:/interface/sdk_win_64/sdk_win_64/winavr/bin/../lib/gcc/avr/4.3.3/avr5\libgcc.a(_lt_sf.o)
 .debug_frame   0x00000100       0x20 d:/interface/sdk_win_64/sdk_win_64/winavr/bin/../lib/gcc/avr/4.3.3/avr5\libgcc.a(_sf_to_si.o)
 .debug_frame   0x00000120       0x20 d:/interface/sdk_win_64/sdk_win_64/winavr/bin/../lib/gcc/avr/4.3.3/avr5\libgcc.a(_usi_to_sf.o)
 .debug_frame   0x00000140       0x20 d:/interface/sdk_win_64/sdk_win_64/winavr/bin/../lib/gcc/avr/4.3.3/avr5\libgcc.a(_clzsi2.o)
 .debug_frame   0x00000160       0x20 d:/interface/sdk_win_64/sdk_win_64/winavr/bin/../lib/gcc/avr/4.3.3/avr5\libgcc.a(_pack_sf.o)
 .debug_frame   0x00000180       0x20 d:/interface/sdk_win_64/sdk_win_64/winavr/bin/../lib/gcc/avr/4.3.3/avr5\libgcc.a(_unpack_sf.o)
 .debug_frame   0x000001a0       0x20 d:/interface/sdk_win_64/sdk_win_64/winavr/bin/../lib/gcc/avr/4.3.3/avr5\libgcc.a(_fpcmp_parts_sf.o)

.debug_str      0x00000000      0x2f6
 *(.debug_str)
 .debug_str     0x00000000       0xbf d:/interface/sdk_win_64/sdk_win_64/winavr/bin/../lib/gcc/avr/4.3.3/avr5\libgcc.a(_fixunssfsi.o)
                                 0xfe (size before relaxing)
 .debug_str     0x000000bf      0x14d d:/interface/sdk_win_64/sdk_win_64/winavr/bin/../lib/gcc/avr/4.3.3/avr5\libgcc.a(_addsub_sf.o)
                                0x206 (size before relaxing)
 .debug_str     0x0000020c       0x27 d:/interface/sdk_win_64/sdk_win_64/winavr/bin/../lib/gcc/avr/4.3.3/avr5\libgcc.a(_mul_sf.o)
                                0x1bf (size before relaxing)
 .debug_str     0x00000233       0x35 d:/interface/sdk_win_64/sdk_win_64/winavr/bin/../lib/gcc/avr/4.3.3/avr5\libgcc.a(_div_sf.o)
                                0x1c8 (size before relaxing)
 .debug_str     0x00000268        0x8 d:/interface/sdk_win_64/sdk_win_64/winavr/bin/../lib/gcc/avr/4.3.3/avr5\libgcc.a(_gt_sf.o)
                                0x195 (size before relaxing)
 .debug_str     0x00000270        0x8 d:/interface/sdk_win_64/sdk_win_64/winavr/bin/../lib/gcc/avr/4.3.3/avr5\libgcc.a(_ge_sf.o)
                                0x195 (size before relaxing)
 .debug_str     0x00000278        0x8 d:/interface/sdk_win_64/sdk_win_64/winavr/bin/../lib/gcc/avr/4.3.3/avr5\libgcc.a(_lt_sf.o)
                                0x195 (size before relaxing)
 .debug_str     0x00000280        0xa d:/interface/sdk_win_64/sdk_win_64/winavr/bin/../lib/gcc/avr/4.3.3/avr5\libgcc.a(_sf_to_si.o)
                                0x19e (size before relaxing)
 .debug_str     0x00000000      0x103 d:/interface/sdk_win_64/sdk_win_64/winavr/bin/../lib/gcc/avr/4.3.3/avr5\libgcc.a(_thenan_sf.o)
 .debug_str     0x0000028a       0x21 d:/interface/sdk_win_64/sdk_win_64/winavr/bin/../lib/gcc/avr/4.3.3/avr5\libgcc.a(_usi_to_sf.o)
                                0x177 (size before relaxing)
 .debug_str     0x000002ab       0x20 d:/interface/sdk_win_64/sdk_win_64/winavr/bin/../lib/gcc/avr/4.3.3/avr5\libgcc.a(_clzsi2.o)
                                0x111 (size before relaxing)
 .debug_str     0x000002cb       0x10 d:/interface/sdk_win_64/sdk_win_64/winavr/bin/../lib/gcc/avr/4.3.3/avr5\libgcc.a(_pack_sf.o)
                                0x19d (size before relaxing)
 .debug_str     0x000002db        0xb d:/interface/sdk_win_64/sdk_win_64/winavr/bin/../lib/gcc/avr/4.3.3/avr5\libgcc.a(_unpack_sf.o)
                                0x17f (size before relaxing)
 .debug_str     0x000002e6       0x10 d:/interface/sdk_win_64/sdk_win_64/winavr/bin/../lib/gcc/avr/4.3.3/avr5\libgcc.a(_fpcmp_parts_sf.o)
                                0x163 (size before relaxing)
 .debug_str     0x00000000       0xf4 d:/interface/sdk_win_64/sdk_win_64/winavr/bin/../lib/gcc/avr/4.3.3/avr5\libgcc.a(_clz.o)

.debug_loc      0x00000000      0x96e
 *(.debug_loc)
 .debug_loc     0x00000000       0x34 d:/interface/sdk_win_64/sdk_win_64/winavr/bin/../lib/gcc/avr/4.3.3/avr5\libgcc.a(_fixunssfsi.o)
 .debug_loc     0x00000034      0x32a d:/interface/sdk_win_64/sdk_win_64/winavr/bin/../lib/gcc/avr/4.3.3/avr5\libgcc.a(_addsub_sf.o)
 .debug_loc     0x0000035e      0x104 d:/interface/sdk_win_64/sdk_win_64/winavr/bin/../lib/gcc/avr/4.3.3/avr5\libgcc.a(_mul_sf.o)
 .debug_loc     0x00000462       0xc0 d:/interface/sdk_win_64/sdk_win_64/winavr/bin/../lib/gcc/avr/4.3.3/avr5\libgcc.a(_div_sf.o)
 .debug_loc     0x00000522       0x3c d:/interface/sdk_win_64/sdk_win_64/winavr/bin/../lib/gcc/avr/4.3.3/avr5\libgcc.a(_gt_sf.o)
 .debug_loc     0x0000055e       0x3c d:/interface/sdk_win_64/sdk_win_64/winavr/bin/../lib/gcc/avr/4.3.3/avr5\libgcc.a(_ge_sf.o)
 .debug_loc     0x0000059a       0x3c d:/interface/sdk_win_64/sdk_win_64/winavr/bin/../lib/gcc/avr/4.3.3/avr5\libgcc.a(_lt_sf.o)
 .debug_loc     0x000005d6       0x7e d:/interface/sdk_win_64/sdk_win_64/winavr/bin/../lib/gcc/avr/4.3.3/avr5\libgcc.a(_sf_to_si.o)
 .debug_loc     0x00000654       0x4c d:/interface/sdk_win_64/sdk_win_64/winavr/bin/../lib/gcc/avr/4.3.3/avr5\libgcc.a(_usi_to_sf.o)
 .debug_loc     0x000006a0       0x94 d:/interface/sdk_win_64/sdk_win_64/winavr/bin/../lib/gcc/avr/4.3.3/avr5\libgcc.a(_clzsi2.o)
 .debug_loc     0x00000734      0x13e d:/interface/sdk_win_64/sdk_win_64/winavr/bin/../lib/gcc/avr/4.3.3/avr5\libgcc.a(_pack_sf.o)
 .debug_loc     0x00000872       0xac d:/interface/sdk_win_64/sdk_win_64/winavr/bin/../lib/gcc/avr/4.3.3/avr5\libgcc.a(_unpack_sf.o)
 .debug_loc     0x0000091e       0x50 d:/interface/sdk_win_64/sdk_win_64/winavr/bin/../lib/gcc/avr/4.3.3/avr5\libgcc.a(_fpcmp_parts_sf.o)

.debug_macinfo
 *(.debug_macinfo)
OUTPUT(Autonomous_Car.elf elf32-avr)
LOAD linker stubs

.debug_ranges   0x00000000       0x50
 .debug_ranges  0x00000000       0x50 d:/interface/sdk_win_64/sdk_win_64/winavr/bin/../lib/gcc/avr/4.3.3/avr5\libgcc.a(_mul_sf.o)
